836  [main] INFO  c.d.T.TelegramBotDexsysApplication - Starting TelegramBotDexsysApplication on Alex-PC with PID 9384 (D:\TelegramBotDexsys\target\classes started by Alex in D:\TelegramBotDexsys)
840  [main] INFO  c.d.T.TelegramBotDexsysApplication - No active profile set, falling back to default profiles: default
5024 [main] INFO  c.d.T.TelegramBotDexsysApplication - Started TelegramBotDexsysApplication in 4.606 seconds (JVM running for 5.259)
5095 [main] INFO  c.d.T.TelegramBotDexsysApplication - Loggs
15:36:09.893 [main] INFO  c.d.T.ATelegramBotDexsysApplication - Starting ATelegramBotDexsysApplication on Alex-PC with PID 11400 (D:\TelegramBotDexsys\target\classes started by Alex in D:\TelegramBotDexsys)
15:36:09.896 [main] INFO  c.d.T.ATelegramBotDexsysApplication - No active profile set, falling back to default profiles: default
15:36:18.462 [main] INFO  c.d.T.ATelegramBotDexsysApplication - Started ATelegramBotDexsysApplication in 9.782 seconds (JVM running for 12.356)
15:36:27.876 [BDayDexsysBot Telegram Executor] INFO  c.d.T.repositories.UserRepository - Добавлен пользователь в базу данных с именем AlexMironov18
15:36:27.992 [BDayDexsysBot Telegram Executor] INFO  c.d.T.clientServices.RepeaterHandler - Отправлено сообщение "hi" в чат 935193822
15:36:36.755 [BDayDexsysBot Telegram Executor] INFO  c.d.T.clientServices.RepeaterHandler - Отправлено сообщение "hey" в чат 935193822
15:55:30.078 [main] INFO  c.d.T.ATelegramBotDexsysApplication - Starting ATelegramBotDexsysApplication on Alex-PC with PID 7520 (D:\TelegramBotDexsys\target\classes started by Alex in D:\TelegramBotDexsys)
15:55:30.082 [main] INFO  c.d.T.ATelegramBotDexsysApplication - No active profile set, falling back to default profiles: default
15:55:34.696 [main] INFO  c.d.T.ATelegramBotDexsysApplication - Started ATelegramBotDexsysApplication in 5.227 seconds (JVM running for 6.017)
15:55:39.056 [BDayDexsysBot Telegram Executor] INFO  c.d.T.repositories.UserRepository - Добавлен пользователь в базу данных с именем AlexMironov18
15:55:39.261 [BDayDexsysBot Telegram Executor] INFO  c.d.T.clientServices.RepeaterHandler - Отправлено сообщение "hi" в чат 935193822
15:55:54.374 [BDayDexsysBot Telegram Executor] INFO  c.d.T.clientServices.RepeaterHandler - Отправлено сообщение "hey" в чат 935193822
15:55:55.762 [BDayDexsysBot Telegram Executor] INFO  c.d.T.clientServices.RepeaterHandler - Отправлено сообщение "Ввести дату рождения" в чат 935193822
15:55:57.637 [BDayDexsysBot Telegram Executor] INFO  c.d.T.s.i.TelegramService - Установлена дата рождения "1998" для пользователя AlexMironov18
15:55:57.743 [BDayDexsysBot Telegram Executor] INFO  c.d.T.clientServices.RepeaterHandler - Отправлено сообщение "1998" в чат 935193822
15:56:02.008 [BDayDexsysBot Telegram Executor] INFO  c.d.T.clientServices.RepeaterHandler - Отправлено сообщение "Показать пользователей" в чат 935193822
17:11:43.807 [main] INFO  c.d.T.ATelegramBotDexsysApplication - Starting ATelegramBotDexsysApplication on Alex-PC with PID 8104 (D:\TelegramBotDexsys\target\classes started by Alex in D:\TelegramBotDexsys)
17:11:43.838 [main] INFO  c.d.T.ATelegramBotDexsysApplication - No active profile set, falling back to default profiles: default
17:11:55.060 [main] INFO  c.d.T.ATelegramBotDexsysApplication - Started ATelegramBotDexsysApplication in 12.15 seconds (JVM running for 15.078)
17:11:58.312 [BDayDexsysBot Telegram Executor] INFO  c.d.T.repositories.UserRepository - Добавлен пользователь в базу данных с именем AlexMironov18
17:11:58.439 [BDayDexsysBot Telegram Executor] INFO  c.d.T.clientServices.RepeaterHandler - Отправлено сообщение "hi" в чат 935193822
17:11:59.657 [BDayDexsysBot Telegram Executor] INFO  c.d.T.clientServices.RepeaterHandler - Отправлено сообщение "hey" в чат 935193822
17:12:02.292 [BDayDexsysBot Telegram Executor] INFO  c.d.T.clientServices.RepeaterHandler - Отправлено сообщение "Ввести дату рождения" в чат 935193822
17:12:05.377 [BDayDexsysBot Telegram Executor] INFO  c.d.T.s.i.TelegramService - Установлена дата рождения "1998" для пользователя AlexMironov18
17:12:05.484 [BDayDexsysBot Telegram Executor] INFO  c.d.T.clientServices.RepeaterHandler - Отправлено сообщение "1998" в чат 935193822
17:12:10.812 [BDayDexsysBot Telegram Executor] INFO  c.d.T.clientServices.RepeaterHandler - Отправлено сообщение "Показать пользователей" в чат 935193822
17:12:13.506 [BDayDexsysBot Telegram Executor] INFO  c.d.T.clientServices.RepeaterHandler - Отправлено сообщение "INFO" в чат 935193822
17:12:49.258 [BDayDexsysBot Telegram Executor] INFO  c.d.T.clientServices.RepeaterHandler - Отправлено сообщение "hey" в чат 935193822
17:17:25.492 [main] INFO  c.d.T.TelegramBotDexsysApplication - Starting TelegramBotDexsysApplication on Alex-PC with PID 3744 (D:\TelegramBotDexsys\target\classes started by Alex in D:\TelegramBotDexsys)
17:17:25.494 [main] INFO  c.d.T.TelegramBotDexsysApplication - No active profile set, falling back to default profiles: default
17:17:30.220 [main] INFO  c.d.T.TelegramBotDexsysApplication - Started TelegramBotDexsysApplication in 5.428 seconds (JVM running for 6.168)
17:17:35.487 [BDayDexsysBot Telegram Executor] INFO  c.d.T.repositories.UserRepository - Добавлен пользователь в базу данных с именем AlexMironov18
17:17:35.608 [BDayDexsysBot Telegram Executor] INFO  c.d.T.clientServices.RepeaterHandler - Отправлено сообщение "hi" в чат 935193822
17:17:38.430 [BDayDexsysBot Telegram Executor] INFO  c.d.T.clientServices.RepeaterHandler - Отправлено сообщение "INFO" в чат 935193822
17:17:41.204 [BDayDexsysBot Telegram Executor] INFO  c.d.T.clientServices.RepeaterHandler - Отправлено сообщение "Показать пользователей" в чат 935193822
17:17:52.816 [BDayDexsysBot Telegram Executor] INFO  c.d.T.clientServices.RepeaterHandler - Отправлено сообщение "hey" в чат 935193822
13:11:59.086 [main] INFO  c.d.T.TelegramBotDexsysApplication - Starting TelegramBotDexsysApplication on Alex-PC with PID 12956 (D:\TelegramBotDexsys\target\classes started by Alex in D:\TelegramBotDexsys)
13:11:59.104 [main] INFO  c.d.T.TelegramBotDexsysApplication - No active profile set, falling back to default profiles: default
13:17:13.830 [main] INFO  c.d.T.TelegramBotDexsysApplication - Starting TelegramBotDexsysApplication on Alex-PC with PID 11564 (D:\TelegramBotDexsys\target\classes started by Alex in D:\TelegramBotDexsys)
13:17:13.833 [main] INFO  c.d.T.TelegramBotDexsysApplication - No active profile set, falling back to default profiles: default
13:17:18.769 [main] INFO  c.d.T.TelegramBotDexsysApplication - Started TelegramBotDexsysApplication in 5.407 seconds (JVM running for 6.149)
13:23:02.518 [main] INFO  c.d.T.TelegramBotDexsysApplication - Starting TelegramBotDexsysApplication on Alex-PC with PID 9520 (D:\TelegramBotDexsys\target\classes started by Alex in D:\TelegramBotDexsys)
13:23:02.521 [main] INFO  c.d.T.TelegramBotDexsysApplication - No active profile set, falling back to default profiles: default
13:32:10.679 [main] INFO  c.d.T.TelegramBotDexsysApplication - Starting TelegramBotDexsysApplication on Alex-PC with PID 10360 (D:\TelegramBotDexsys\target\classes started by Alex in D:\TelegramBotDexsys)
13:32:10.682 [main] INFO  c.d.T.TelegramBotDexsysApplication - No active profile set, falling back to default profiles: default
13:32:28.542 [main] INFO  c.d.T.TelegramBotDexsysApplication - Starting TelegramBotDexsysApplication on Alex-PC with PID 1428 (D:\TelegramBotDexsys\target\classes started by Alex in D:\TelegramBotDexsys)
13:32:28.545 [main] INFO  c.d.T.TelegramBotDexsysApplication - No active profile set, falling back to default profiles: default
13:32:33.110 [main] INFO  c.d.T.TelegramBotDexsysApplication - Started TelegramBotDexsysApplication in 5.005 seconds (JVM running for 5.7)
13:33:52.535 [BDayDexsysBot Telegram Executor] INFO  c.d.T.repositories.UserRepository - Добавлен пользователь в базу данных с именем AlexMironov18
13:33:52.828 [BDayDexsysBot Telegram Executor] INFO  c.d.T.handlers.RepeaterHandler - Отправлено сообщение "Показать пользователей" в чат 935193822
13:48:55.887 [main] INFO  c.d.T.TelegramBotDexsysApplication - Starting TelegramBotDexsysApplication on Alex-PC with PID 13144 (D:\TelegramBotDexsys\target\classes started by Alex in D:\TelegramBotDexsys)
13:48:55.890 [main] INFO  c.d.T.TelegramBotDexsysApplication - No active profile set, falling back to default profiles: default
13:49:00.273 [main] INFO  c.d.T.TelegramBotDexsysApplication - Started TelegramBotDexsysApplication in 4.963 seconds (JVM running for 5.765)
13:49:23.779 [main] INFO  c.d.T.TelegramBotDexsysApplication - Starting TelegramBotDexsysApplication on Alex-PC with PID 12224 (D:\TelegramBotDexsys\target\classes started by Alex in D:\TelegramBotDexsys)
13:49:23.783 [main] INFO  c.d.T.TelegramBotDexsysApplication - No active profile set, falling back to default profiles: default
13:49:28.526 [main] INFO  c.d.T.TelegramBotDexsysApplication - Started TelegramBotDexsysApplication in 5.219 seconds (JVM running for 5.904)
13:50:39.586 [BDayDexsysBot Telegram Executor] INFO  c.d.T.repositories.UserRepository - Добавлен пользователь в базу данных с именем AlexMironov18
13:50:39.974 [BDayDexsysBot Telegram Executor] INFO  c.d.T.handlers.RepeaterHandler - Отправлено сообщение "Показать пользователей" в чат 935193822
13:51:10.382 [main] INFO  c.d.T.TelegramBotDexsysApplication - Starting TelegramBotDexsysApplication on Alex-PC with PID 7828 (D:\TelegramBotDexsys\target\classes started by Alex in D:\TelegramBotDexsys)
13:51:10.385 [main] INFO  c.d.T.TelegramBotDexsysApplication - No active profile set, falling back to default profiles: default
13:51:15.064 [main] INFO  c.d.T.TelegramBotDexsysApplication - Started TelegramBotDexsysApplication in 5.125 seconds (JVM running for 5.823)
13:52:56.590 [main] INFO  c.d.T.TelegramBotDexsysApplication - Starting TelegramBotDexsysApplication on Alex-PC with PID 12468 (D:\TelegramBotDexsys\target\classes started by Alex in D:\TelegramBotDexsys)
13:52:56.594 [main] INFO  c.d.T.TelegramBotDexsysApplication - No active profile set, falling back to default profiles: default
13:53:01.304 [main] INFO  c.d.T.TelegramBotDexsysApplication - Started TelegramBotDexsysApplication in 5.16 seconds (JVM running for 5.835)
14:01:12.618 [main] INFO  c.d.T.TelegramBotDexsysApplication - Starting TelegramBotDexsysApplication on Alex-PC with PID 9344 (D:\TelegramBotDexsys\target\classes started by Alex in D:\TelegramBotDexsys)
14:01:12.622 [main] INFO  c.d.T.TelegramBotDexsysApplication - No active profile set, falling back to default profiles: default
14:01:17.218 [main] INFO  c.d.T.TelegramBotDexsysApplication - Started TelegramBotDexsysApplication in 5.189 seconds (JVM running for 5.969)
14:10:52.082 [main] INFO  c.d.T.TelegramBotDexsysApplication - Starting TelegramBotDexsysApplication on Alex-PC with PID 10372 (D:\TelegramBotDexsys\target\classes started by Alex in D:\TelegramBotDexsys)
14:10:52.085 [main] INFO  c.d.T.TelegramBotDexsysApplication - No active profile set, falling back to default profiles: default
14:10:56.622 [main] INFO  c.d.T.TelegramBotDexsysApplication - Started TelegramBotDexsysApplication in 5.132 seconds (JVM running for 6.063)
14:11:13.322 [BDayDexsysBot Telegram Executor] INFO  c.d.T.repositories.UserRepository - Добавлен пользователь в базу данных с именем AlexMironov18
14:11:13.433 [BDayDexsysBot Telegram Executor] INFO  c.d.T.handlers.RepeaterHandler - Отправлено сообщение "hi" в чат 935193822
12:59:35.041 [main] INFO  c.d.T.TelegramBotDexsysApplication - Starting TelegramBotDexsysApplication on Alex-PC with PID 9864 (D:\TelegramBotDexsys\target\classes started by Alex in D:\TelegramBotDexsys)
12:59:35.055 [main] INFO  c.d.T.TelegramBotDexsysApplication - No active profile set, falling back to default profiles: default
12:59:44.393 [main] INFO  c.d.T.TelegramBotDexsysApplication - Started TelegramBotDexsysApplication in 10.54 seconds (JVM running for 12.881)
13:09:03.377 [main] INFO  c.d.T.TelegramBotDexsysApplication - Starting TelegramBotDexsysApplication on Alex-PC with PID 9448 (D:\TelegramBotDexsys\target\classes started by Alex in D:\TelegramBotDexsys)
13:09:03.379 [main] INFO  c.d.T.TelegramBotDexsysApplication - No active profile set, falling back to default profiles: default
13:09:08.085 [main] INFO  c.d.T.TelegramBotDexsysApplication - Started TelegramBotDexsysApplication in 5.207 seconds (JVM running for 5.969)
13:09:11.119 [BDayDexsysBot Telegram Executor] INFO  c.d.T.repositories.UserRepository - Добавлен пользователь в базу данных с именем AlexMironov18
13:09:11.268 [BDayDexsysBot Telegram Executor] INFO  c.d.T.handlers.RepeaterHandler - Отправлено сообщение "Ввести дату рождения" в чат 935193822
13:09:16.578 [BDayDexsysBot Telegram Executor] INFO  c.d.T.s.i.TelegramService - Установлена дата рождения "1998" для пользователя AlexMironov18
13:09:16.673 [BDayDexsysBot Telegram Executor] INFO  c.d.T.handlers.RepeaterHandler - Отправлено сообщение "1998" в чат 935193822
13:09:18.946 [BDayDexsysBot Telegram Executor] INFO  c.d.T.handlers.RepeaterHandler - Отправлено сообщение "Показать пользователей" в чат 935193822
13:09:30.404 [BDayDexsysBot Telegram Executor] INFO  c.d.T.handlers.RepeaterHandler - Отправлено сообщение "Показать пользователей" в чат 935193822
13:17:33.621 [main] INFO  c.d.T.TelegramBotDexsysApplication - Starting TelegramBotDexsysApplication on Alex-PC with PID 8928 (D:\TelegramBotDexsys\target\classes started by Alex in D:\TelegramBotDexsys)
13:17:33.627 [main] INFO  c.d.T.TelegramBotDexsysApplication - No active profile set, falling back to default profiles: default
13:17:38.162 [main] INFO  c.d.T.TelegramBotDexsysApplication - Started TelegramBotDexsysApplication in 5.082 seconds (JVM running for 5.799)
13:17:42.598 [BDayDexsysBot Telegram Executor] INFO  c.d.T.repositories.UserRepository - Добавлен пользователь в базу данных с именем AlexMironov18
13:17:42.709 [BDayDexsysBot Telegram Executor] INFO  c.d.T.handlers.RepeaterHandler - Отправлено сообщение "hi" в чат 935193822
13:17:44.516 [BDayDexsysBot Telegram Executor] INFO  c.d.T.handlers.RepeaterHandler - Отправлено сообщение "hey" в чат 935193822
13:17:45.885 [BDayDexsysBot Telegram Executor] INFO  c.d.T.handlers.RepeaterHandler - Отправлено сообщение "Показать пользователей" в чат 935193822
13:17:49.447 [BDayDexsysBot Telegram Executor] INFO  c.d.T.handlers.RepeaterHandler - Отправлено сообщение "Ввести дату рождения" в чат 935193822
13:17:50.686 [BDayDexsysBot Telegram Executor] INFO  c.d.T.s.i.TelegramService - Установлена дата рождения "1998" для пользователя AlexMironov18
13:17:50.783 [BDayDexsysBot Telegram Executor] INFO  c.d.T.handlers.RepeaterHandler - Отправлено сообщение "1998" в чат 935193822
13:17:52.314 [BDayDexsysBot Telegram Executor] INFO  c.d.T.handlers.RepeaterHandler - Отправлено сообщение "Показать пользователей" в чат 935193822
13:17:56.414 [BDayDexsysBot Telegram Executor] INFO  c.d.T.handlers.RepeaterHandler - Отправлено сообщение "Показать пользователей" в чат 935193822
13:19:14.061 [main] INFO  c.d.T.TelegramBotDexsysApplication - Starting TelegramBotDexsysApplication on Alex-PC with PID 11452 (D:\TelegramBotDexsys\target\classes started by Alex in D:\TelegramBotDexsys)
13:19:14.065 [main] INFO  c.d.T.TelegramBotDexsysApplication - No active profile set, falling back to default profiles: default
13:19:18.272 [main] INFO  c.d.T.TelegramBotDexsysApplication - Starting TelegramBotDexsysApplication on Alex-PC with PID 11784 (D:\TelegramBotDexsys\target\classes started by Alex in D:\TelegramBotDexsys)
13:19:18.283 [main] INFO  c.d.T.TelegramBotDexsysApplication - No active profile set, falling back to default profiles: default
13:19:22.960 [main] INFO  c.d.T.TelegramBotDexsysApplication - Started TelegramBotDexsysApplication in 5.113 seconds (JVM running for 5.854)
13:19:29.980 [BDayDexsysBot Telegram Executor] INFO  c.d.T.repositories.UserRepository - Добавлен пользователь в базу данных с именем AlexMironov18
13:19:30.081 [BDayDexsysBot Telegram Executor] INFO  c.d.T.handlers.RepeaterHandler - Отправлено сообщение "hi" в чат 935193822
13:19:32.134 [BDayDexsysBot Telegram Executor] INFO  c.d.T.handlers.RepeaterHandler - Отправлено сообщение "hey" в чат 935193822
13:19:36.511 [BDayDexsysBot Telegram Executor] INFO  c.d.T.handlers.RepeaterHandler - Отправлено сообщение "Показать пользователей" в чат 935193822
13:19:39.026 [BDayDexsysBot Telegram Executor] INFO  c.d.T.handlers.RepeaterHandler - Отправлено сообщение "Ввести дату рождения" в чат 935193822
13:19:40.750 [BDayDexsysBot Telegram Executor] INFO  c.d.T.s.i.TelegramService - Установлена дата рождения "1998" для пользователя AlexMironov18
13:19:40.846 [BDayDexsysBot Telegram Executor] INFO  c.d.T.handlers.RepeaterHandler - Отправлено сообщение "1998" в чат 935193822
13:19:42.242 [BDayDexsysBot Telegram Executor] INFO  c.d.T.handlers.RepeaterHandler - Отправлено сообщение "Показать пользователей" в чат 935193822
13:19:46.351 [BDayDexsysBot Telegram Executor] INFO  c.d.T.handlers.RepeaterHandler - Отправлено сообщение "Показать пользователей" в чат 935193822
13:20:28.021 [BDayDexsysBot Telegram Executor] INFO  c.d.T.handlers.RepeaterHandler - Отправлено сообщение "hi" в чат 935193822
13:21:26.951 [main] INFO  c.d.T.TelegramBotDexsysApplication - Starting TelegramBotDexsysApplication on Alex-PC with PID 9244 (D:\TelegramBotDexsys\target\classes started by Alex in D:\TelegramBotDexsys)
13:21:26.956 [main] INFO  c.d.T.TelegramBotDexsysApplication - No active profile set, falling back to default profiles: default
13:21:31.850 [main] INFO  c.d.T.TelegramBotDexsysApplication - Started TelegramBotDexsysApplication in 5.316 seconds (JVM running for 5.997)
13:21:35.267 [BDayDexsysBot Telegram Executor] INFO  c.d.T.repositories.UserRepository - Добавлен пользователь в базу данных с именем AlexMironov18
13:21:35.396 [BDayDexsysBot Telegram Executor] INFO  c.d.T.handlers.RepeaterHandler - Отправлено сообщение "hi" в чат 935193822
13:21:36.604 [BDayDexsysBot Telegram Executor] INFO  c.d.T.handlers.RepeaterHandler - Отправлено сообщение "hey" в чат 935193822
13:21:37.602 [BDayDexsysBot Telegram Executor] INFO  c.d.T.handlers.RepeaterHandler - Отправлено сообщение "Показать пользователей" в чат 935193822
13:22:40.784 [main] INFO  c.d.T.TelegramBotDexsysApplication - Starting TelegramBotDexsysApplication on Alex-PC with PID 11328 (D:\TelegramBotDexsys\target\classes started by Alex in D:\TelegramBotDexsys)
13:22:40.788 [main] INFO  c.d.T.TelegramBotDexsysApplication - No active profile set, falling back to default profiles: default
13:22:45.409 [main] INFO  c.d.T.TelegramBotDexsysApplication - Started TelegramBotDexsysApplication in 5.103 seconds (JVM running for 5.793)
13:22:56.879 [BDayDexsysBot Telegram Executor] INFO  c.d.T.repositories.UserRepository - Добавлен пользователь в базу данных с именем AlexMironov18
13:22:57.008 [BDayDexsysBot Telegram Executor] INFO  c.d.T.handlers.RepeaterHandler - Отправлено сообщение "hey" в чат 935193822
13:22:58.373 [BDayDexsysBot Telegram Executor] INFO  c.d.T.handlers.RepeaterHandler - Отправлено сообщение "Показать пользователей" в чат 935193822
13:22:59.890 [BDayDexsysBot Telegram Executor] ERROR c.d.T.handlers.RepeaterHandler - onUpdateReceived: org.telegram.telegrambots.meta.exceptions.TelegramApiValidationException: Text parameter can't be empty in method: SendMessage{chatId='935193822', text='null', parseMode='null', disableNotification='null', disableWebPagePreview=null, replyToMessageId=null, replyMarkup=ReplyKeyboardMarkup{keyboard=[[KeyboardButton{text=Share your number, requestContact=true, requestLocation=null, requestPoll=null}, KeyboardButton{text=Ввести дату рождения, requestContact=null, requestLocation=null, requestPoll=null}], [KeyboardButton{text=Показать пользователей, requestContact=null, requestLocation=null, requestPoll=null}, KeyboardButton{text=INFO, requestContact=null, requestLocation=null, requestPoll=null}]], resizeKeyboard=true, oneTimeKeyboard=false, selective=true}}
13:23:00.885 [BDayDexsysBot Telegram Executor] INFO  c.d.T.handlers.RepeaterHandler - Отправлено сообщение "Показать пользователей" в чат 935193822
13:23:06.069 [BDayDexsysBot Telegram Executor] INFO  c.d.T.handlers.RepeaterHandler - Отправлено сообщение "Ввести дату рождения" в чат 935193822
13:23:07.560 [BDayDexsysBot Telegram Executor] INFO  c.d.T.s.i.TelegramService - Установлена дата рождения "1998" для пользователя AlexMironov18
13:23:07.700 [BDayDexsysBot Telegram Executor] INFO  c.d.T.handlers.RepeaterHandler - Отправлено сообщение "1998" в чат 935193822
13:23:08.861 [BDayDexsysBot Telegram Executor] INFO  c.d.T.handlers.RepeaterHandler - Отправлено сообщение "Показать пользователей" в чат 935193822
13:23:20.030 [BDayDexsysBot Telegram Executor] ERROR c.d.T.handlers.RepeaterHandler - onUpdateReceived: org.telegram.telegrambots.meta.exceptions.TelegramApiValidationException: Text parameter can't be empty in method: SendMessage{chatId='935193822', text='null', parseMode='null', disableNotification='null', disableWebPagePreview=null, replyToMessageId=null, replyMarkup=ReplyKeyboardMarkup{keyboard=[[KeyboardButton{text=Share your number, requestContact=true, requestLocation=null, requestPoll=null}, KeyboardButton{text=Ввести дату рождения, requestContact=null, requestLocation=null, requestPoll=null}], [KeyboardButton{text=Показать пользователей, requestContact=null, requestLocation=null, requestPoll=null}, KeyboardButton{text=INFO, requestContact=null, requestLocation=null, requestPoll=null}]], resizeKeyboard=true, oneTimeKeyboard=false, selective=true}}
13:27:51.528 [main] INFO  c.d.T.TelegramBotDexsysApplication - Starting TelegramBotDexsysApplication on Alex-PC with PID 6224 (D:\TelegramBotDexsys\target\classes started by Alex in D:\TelegramBotDexsys)
13:27:51.531 [main] INFO  c.d.T.TelegramBotDexsysApplication - No active profile set, falling back to default profiles: default
13:27:56.125 [main] INFO  c.d.T.TelegramBotDexsysApplication - Started TelegramBotDexsysApplication in 5.097 seconds (JVM running for 5.811)
13:27:58.602 [BDayDexsysBot Telegram Executor] INFO  c.d.T.repositories.UserRepository - Добавлен пользователь в базу данных с именем AlexMironov18
13:27:58.707 [BDayDexsysBot Telegram Executor] INFO  c.d.T.handlers.RepeaterHandler - Отправлено сообщение "hi" в чат 935193822
13:28:00.632 [BDayDexsysBot Telegram Executor] INFO  c.d.T.handlers.RepeaterHandler - Отправлено сообщение "Показать пользователей" в чат 935193822
13:28:04.838 [BDayDexsysBot Telegram Executor] INFO  c.d.T.handlers.RepeaterHandler - Отправлено сообщение "Ввести дату рождения" в чат 935193822
13:28:06.360 [BDayDexsysBot Telegram Executor] INFO  c.d.T.s.i.TelegramService - Установлена дата рождения "1998" для пользователя AlexMironov18
13:28:06.461 [BDayDexsysBot Telegram Executor] INFO  c.d.T.handlers.RepeaterHandler - Отправлено сообщение "1998" в чат 935193822
13:28:08.828 [BDayDexsysBot Telegram Executor] ERROR c.d.T.handlers.RepeaterHandler - onUpdateReceived: org.telegram.telegrambots.meta.exceptions.TelegramApiValidationException: Text parameter can't be empty in method: SendMessage{chatId='935193822', text='null', parseMode='null', disableNotification='null', disableWebPagePreview=null, replyToMessageId=null, replyMarkup=ReplyKeyboardMarkup{keyboard=[[KeyboardButton{text=Share your number, requestContact=true, requestLocation=null, requestPoll=null}, KeyboardButton{text=Ввести дату рождения, requestContact=null, requestLocation=null, requestPoll=null}], [KeyboardButton{text=Показать пользователей, requestContact=null, requestLocation=null, requestPoll=null}, KeyboardButton{text=INFO, requestContact=null, requestLocation=null, requestPoll=null}]], resizeKeyboard=true, oneTimeKeyboard=false, selective=true}}
13:28:11.108 [BDayDexsysBot Telegram Executor] INFO  c.d.T.handlers.RepeaterHandler - Отправлено сообщение "Показать пользователей" в чат 935193822
13:54:26.349 [main] INFO  c.d.T.TelegramBotDexsysApplication - Starting TelegramBotDexsysApplication on Alex-PC with PID 10544 (D:\TelegramBotDexsys\target\classes started by Alex in D:\TelegramBotDexsys)
13:54:26.352 [main] INFO  c.d.T.TelegramBotDexsysApplication - No active profile set, falling back to default profiles: default
13:54:30.854 [main] INFO  c.d.T.TelegramBotDexsysApplication - Started TelegramBotDexsysApplication in 5.005 seconds (JVM running for 5.76)
13:54:35.686 [BDayDexsysBot Telegram Executor] INFO  c.d.T.repositories.UserRepository - Добавлен пользователь в базу данных с именем AlexMironov18
13:54:35.813 [BDayDexsysBot Telegram Executor] INFO  c.d.T.handlers.RepeaterHandler - Отправлено сообщение "hi" в чат 935193822
13:54:37.589 [BDayDexsysBot Telegram Executor] INFO  c.d.T.handlers.RepeaterHandler - Отправлено сообщение "hey" в чат 935193822
13:54:41.710 [BDayDexsysBot Telegram Executor] INFO  c.d.T.handlers.RepeaterHandler - Отправлено сообщение "Ввести дату рождения" в чат 935193822
13:54:43.446 [BDayDexsysBot Telegram Executor] INFO  c.d.T.s.i.TelegramService - Установлена дата рождения "1998" для пользователя AlexMironov18
13:54:43.583 [BDayDexsysBot Telegram Executor] INFO  c.d.T.handlers.RepeaterHandler - Отправлено сообщение "1998" в чат 935193822
13:57:09.064 [main] INFO  c.d.T.TelegramBotDexsysApplication - Starting TelegramBotDexsysApplication on Alex-PC with PID 11848 (D:\TelegramBotDexsys\target\classes started by Alex in D:\TelegramBotDexsys)
13:57:09.068 [main] INFO  c.d.T.TelegramBotDexsysApplication - No active profile set, falling back to default profiles: default
13:57:13.604 [main] INFO  c.d.T.TelegramBotDexsysApplication - Started TelegramBotDexsysApplication in 5.012 seconds (JVM running for 5.662)
13:57:16.507 [BDayDexsysBot Telegram Executor] INFO  c.d.T.repositories.UserRepository - Добавлен пользователь в базу данных с именем AlexMironov18
13:57:16.627 [BDayDexsysBot Telegram Executor] INFO  c.d.T.handlers.RepeaterHandler - Отправлено сообщение "hi" в чат 935193822
13:57:17.407 [BDayDexsysBot Telegram Executor] INFO  c.d.T.handlers.RepeaterHandler - Отправлено сообщение "hey" в чат 935193822
13:57:18.632 [BDayDexsysBot Telegram Executor] INFO  c.d.T.handlers.RepeaterHandler - Отправлено сообщение "Показать пользователей" в чат 935193822
13:57:20.790 [BDayDexsysBot Telegram Executor] INFO  c.d.T.handlers.RepeaterHandler - Отправлено сообщение "Ввести дату рождения" в чат 935193822
13:57:21.874 [BDayDexsysBot Telegram Executor] INFO  c.d.T.s.i.TelegramService - Установлена дата рождения "1998" для пользователя AlexMironov18
13:57:22.038 [BDayDexsysBot Telegram Executor] INFO  c.d.T.handlers.RepeaterHandler - Отправлено сообщение "1998" в чат 935193822
13:57:22.971 [BDayDexsysBot Telegram Executor] INFO  c.d.T.handlers.RepeaterHandler - Отправлено сообщение "Показать пользователей" в чат 935193822
13:57:27.741 [BDayDexsysBot Telegram Executor] INFO  c.d.T.handlers.RepeaterHandler - Отправлено сообщение "Показать пользователей" в чат 935193822
14:05:34.753 [main] INFO  c.d.T.TelegramBotDexsysApplication - Starting TelegramBotDexsysApplication on Alex-PC with PID 11304 (D:\TelegramBotDexsys\target\classes started by Alex in D:\TelegramBotDexsys)
14:05:34.755 [main] INFO  c.d.T.TelegramBotDexsysApplication - No active profile set, falling back to default profiles: default
14:05:39.258 [main] INFO  c.d.T.TelegramBotDexsysApplication - Started TelegramBotDexsysApplication in 4.978 seconds (JVM running for 6.113)
14:05:56.359 [BDayDexsysBot Telegram Executor] INFO  c.d.T.repositories.UserRepository - Добавлен пользователь в базу данных с именем AlexMironov18
14:05:56.500 [BDayDexsysBot Telegram Executor] INFO  c.d.T.handlers.RepeaterHandler - Отправлено сообщение "hi" в чат 935193822
14:05:58.058 [BDayDexsysBot Telegram Executor] INFO  c.d.T.handlers.RepeaterHandler - Отправлено сообщение "hey" в чат 935193822
14:05:59.191 [BDayDexsysBot Telegram Executor] INFO  c.d.T.handlers.RepeaterHandler - Отправлено сообщение "Показать пользователей" в чат 935193822
14:06:03.624 [BDayDexsysBot Telegram Executor] INFO  c.d.T.handlers.RepeaterHandler - Отправлено сообщение "Ввести дату рождения" в чат 935193822
14:06:04.962 [BDayDexsysBot Telegram Executor] INFO  c.d.T.s.i.TelegramService - Установлена дата рождения "1998" для пользователя AlexMironov18
14:06:05.060 [BDayDexsysBot Telegram Executor] INFO  c.d.T.handlers.RepeaterHandler - Отправлено сообщение "1998" в чат 935193822
14:06:11.084 [BDayDexsysBot Telegram Executor] INFO  c.d.T.handlers.RepeaterHandler - Отправлено сообщение "Показать пользователей" в чат 935193822
14:06:17.215 [BDayDexsysBot Telegram Executor] INFO  c.d.T.handlers.RepeaterHandler - Отправлено сообщение "hey" в чат 935193822
14:06:18.285 [BDayDexsysBot Telegram Executor] INFO  c.d.T.handlers.RepeaterHandler - Отправлено сообщение "Показать пользователей" в чат 935193822
10:47:35.481 [main] INFO  c.d.T.TelegramBotDexsysApplication - Starting TelegramBotDexsysApplication on Alex-PC with PID 10840 (D:\TelegramBotDexsys\target\classes started by Alex in D:\TelegramBotDexsys)
10:47:35.505 [main] INFO  c.d.T.TelegramBotDexsysApplication - No active profile set, falling back to default profiles: default
10:47:43.034 [BDayDexsysBot Telegram Executor] INFO  c.d.T.repositories.UserRepository - Добавлен пользователь в базу данных с именем AlexMironov18
10:47:43.924 [main] INFO  c.d.T.TelegramBotDexsysApplication - Started TelegramBotDexsysApplication in 9.29 seconds (JVM running for 15.008)
10:48:40.350 [main] INFO  c.d.T.TelegramBotDexsysApplication - Starting TelegramBotDexsysApplication on Alex-PC with PID 8236 (D:\TelegramBotDexsys\target\classes started by Alex in D:\TelegramBotDexsys)
10:48:40.353 [main] INFO  c.d.T.TelegramBotDexsysApplication - No active profile set, falling back to default profiles: default
10:48:44.901 [main] INFO  c.d.T.TelegramBotDexsysApplication - Started TelegramBotDexsysApplication in 5.023 seconds (JVM running for 5.869)
10:48:53.387 [BDayDexsysBot Telegram Executor] INFO  c.d.T.repositories.UserRepository - Добавлен пользователь в базу данных с именем AlexMironov18
10:48:53.511 [BDayDexsysBot Telegram Executor] INFO  c.d.T.handlers.RepeaterHandler - Отправлено сообщение "hi" в чат 935193822
10:48:56.530 [BDayDexsysBot Telegram Executor] INFO  c.d.T.handlers.RepeaterHandler - Отправлено сообщение "Показать пользователей" в чат 935193822
10:49:04.365 [BDayDexsysBot Telegram Executor] INFO  c.d.T.handlers.RepeaterHandler - Отправлено сообщение "hey" в чат 935193822
10:49:51.821 [main] INFO  c.d.T.TelegramBotDexsysApplication - Starting TelegramBotDexsysApplication on Alex-PC with PID 6464 (D:\TelegramBotDexsys\target\classes started by Alex in D:\TelegramBotDexsys)
10:49:51.827 [main] INFO  c.d.T.TelegramBotDexsysApplication - No active profile set, falling back to default profiles: default
10:49:56.390 [main] INFO  c.d.T.TelegramBotDexsysApplication - Started TelegramBotDexsysApplication in 5.041 seconds (JVM running for 5.779)
10:50:02.258 [BDayDexsysBot Telegram Executor] INFO  c.d.T.repositories.UserRepository - Добавлен пользователь в базу данных с именем AlexMironov18
10:50:02.369 [BDayDexsysBot Telegram Executor] INFO  c.d.T.handlers.RepeaterHandler - Отправлено сообщение "hi" в чат 935193822
10:50:04.693 [BDayDexsysBot Telegram Executor] INFO  c.d.T.handlers.RepeaterHandler - Отправлено сообщение "hey" в чат 935193822
10:50:05.740 [BDayDexsysBot Telegram Executor] INFO  c.d.T.handlers.RepeaterHandler - Отправлено сообщение "Показать пользователей" в чат 935193822
10:50:12.613 [BDayDexsysBot Telegram Executor] INFO  c.d.T.handlers.RepeaterHandler - Отправлено сообщение "Показать пользователей" в чат 935193822
10:50:15.737 [BDayDexsysBot Telegram Executor] INFO  c.d.T.handlers.RepeaterHandler - Отправлено сообщение "INFO" в чат 935193822
10:52:48.425 [main] INFO  c.d.T.TelegramBotDexsysApplication - Starting TelegramBotDexsysApplication on Alex-PC with PID 10772 (D:\TelegramBotDexsys\target\classes started by Alex in D:\TelegramBotDexsys)
10:52:48.428 [main] INFO  c.d.T.TelegramBotDexsysApplication - No active profile set, falling back to default profiles: default
10:52:53.025 [main] INFO  c.d.T.TelegramBotDexsysApplication - Started TelegramBotDexsysApplication in 5.067 seconds (JVM running for 5.748)
10:52:56.667 [BDayDexsysBot Telegram Executor] INFO  c.d.T.repositories.UserRepository - Добавлен пользователь в базу данных с именем AlexMironov18
10:52:56.775 [BDayDexsysBot Telegram Executor] INFO  c.d.T.handlers.RepeaterHandler - Отправлено сообщение "hi" в чат 935193822
10:53:03.992 [BDayDexsysBot Telegram Executor] INFO  c.d.T.handlers.RepeaterHandler - Отправлено сообщение "Показать пользователей" в чат 935193822
10:53:06.100 [BDayDexsysBot Telegram Executor] INFO  c.d.T.handlers.RepeaterHandler - Отправлено сообщение "hhey" в чат 935193822
10:53:06.892 [BDayDexsysBot Telegram Executor] INFO  c.d.T.handlers.RepeaterHandler - Отправлено сообщение "Ввести дату рождения" в чат 935193822
10:54:19.752 [main] INFO  c.d.T.TelegramBotDexsysApplication - Starting TelegramBotDexsysApplication on Alex-PC with PID 9568 (D:\TelegramBotDexsys\target\classes started by Alex in D:\TelegramBotDexsys)
10:54:19.755 [main] INFO  c.d.T.TelegramBotDexsysApplication - No active profile set, falling back to default profiles: default
10:54:24.517 [main] INFO  c.d.T.TelegramBotDexsysApplication - Started TelegramBotDexsysApplication in 5.197 seconds (JVM running for 5.906)
10:54:28.161 [BDayDexsysBot Telegram Executor] INFO  c.d.T.repositories.UserRepository - Добавлен пользователь в базу данных с именем AlexMironov18
10:54:28.270 [BDayDexsysBot Telegram Executor] INFO  c.d.T.handlers.RepeaterHandler - Отправлено сообщение "hi" в чат 935193822
10:54:58.366 [BDayDexsysBot Telegram Executor] INFO  c.d.T.handlers.RepeaterHandler - Отправлено сообщение "Показать пользователей" в чат 935193822
11:00:37.020 [main] INFO  c.d.T.TelegramBotDexsysApplication - Starting TelegramBotDexsysApplication on Alex-PC with PID 12120 (D:\TelegramBotDexsys\target\classes started by Alex in D:\TelegramBotDexsys)
11:00:37.023 [main] INFO  c.d.T.TelegramBotDexsysApplication - No active profile set, falling back to default profiles: default
11:00:41.647 [main] INFO  c.d.T.TelegramBotDexsysApplication - Started TelegramBotDexsysApplication in 5.094 seconds (JVM running for 5.786)
11:00:45.785 [BDayDexsysBot Telegram Executor] INFO  c.d.T.handlers.RepeaterHandler - Отправлено сообщение "hi" в чат 935193822
11:00:48.751 [BDayDexsysBot Telegram Executor] INFO  c.d.T.handlers.RepeaterHandler - Отправлено сообщение "hey" в чат 935193822
11:00:58.948 [BDayDexsysBot Telegram Executor] INFO  c.d.T.repositories.UserRepository - Добавлен пользователь в базу данных с именем AlexMironov18
11:01:13.119 [BDayDexsysBot Telegram Executor] INFO  c.d.T.handlers.RepeaterHandler - Отправлено сообщение "Показать пользователей" в чат 935193822
11:02:15.716 [main] INFO  c.d.T.TelegramBotDexsysApplication - Starting TelegramBotDexsysApplication on Alex-PC with PID 9116 (D:\TelegramBotDexsys\target\classes started by Alex in D:\TelegramBotDexsys)
11:02:15.719 [main] INFO  c.d.T.TelegramBotDexsysApplication - No active profile set, falling back to default profiles: default
11:02:20.617 [main] INFO  c.d.T.TelegramBotDexsysApplication - Started TelegramBotDexsysApplication in 5.343 seconds (JVM running for 6.055)
11:02:23.924 [BDayDexsysBot Telegram Executor] INFO  c.d.T.handlers.RepeaterHandler - Отправлено сообщение "hi" в чат 935193822
11:02:25.878 [BDayDexsysBot Telegram Executor] INFO  c.d.T.handlers.RepeaterHandler - Отправлено сообщение "hey" в чат 935193822
11:02:29.036 [BDayDexsysBot Telegram Executor] INFO  c.d.T.repositories.UserRepository - Добавлен пользователь в базу данных с именем AlexMironov18
11:02:41.414 [BDayDexsysBot Telegram Executor] INFO  c.d.T.handlers.RepeaterHandler - Отправлено сообщение "Показать пользователей" в чат 935193822
11:02:54.343 [BDayDexsysBot Telegram Executor] INFO  c.d.T.handlers.RepeaterHandler - Отправлено сообщение "Ввести дату рождения" в чат 935193822
11:05:11.951 [main] INFO  c.d.T.TelegramBotDexsysApplication - Starting TelegramBotDexsysApplication on Alex-PC with PID 4184 (D:\TelegramBotDexsys\target\classes started by Alex in D:\TelegramBotDexsys)
11:05:11.954 [main] INFO  c.d.T.TelegramBotDexsysApplication - No active profile set, falling back to default profiles: default
11:05:16.514 [main] INFO  c.d.T.TelegramBotDexsysApplication - Started TelegramBotDexsysApplication in 5.153 seconds (JVM running for 5.974)
11:05:20.346 [BDayDexsysBot Telegram Executor] INFO  c.d.T.handlers.RepeaterHandler - Отправлено сообщение "hi" в чат 935193822
11:05:21.950 [BDayDexsysBot Telegram Executor] INFO  c.d.T.handlers.RepeaterHandler - Отправлено сообщение "hey" в чат 935193822
11:05:23.166 [BDayDexsysBot Telegram Executor] INFO  c.d.T.handlers.RepeaterHandler - Отправлено сообщение "INFO" в чат 935193822
11:05:25.980 [BDayDexsysBot Telegram Executor] INFO  c.d.T.repositories.UserRepository - Добавлен пользователь в базу данных с именем AlexMironov18
11:05:30.232 [BDayDexsysBot Telegram Executor] INFO  c.d.T.handlers.RepeaterHandler - Отправлено сообщение "Показать пользователей" в чат 935193822
11:05:34.731 [BDayDexsysBot Telegram Executor] INFO  c.d.T.handlers.RepeaterHandler - Отправлено сообщение "Ввести дату рождения" в чат 935193822
11:05:36.734 [BDayDexsysBot Telegram Executor] INFO  c.d.T.s.i.TelegramService - Установлена дата рождения "1998" для пользователя AlexMironov18
11:05:36.832 [BDayDexsysBot Telegram Executor] INFO  c.d.T.handlers.RepeaterHandler - Отправлено сообщение "1998" в чат 935193822
11:05:38.324 [BDayDexsysBot Telegram Executor] INFO  c.d.T.handlers.RepeaterHandler - Отправлено сообщение "Показать пользователей" в чат 935193822
12:21:07.281 [main] INFO  c.d.T.TelegramBotDexsysApplication - Starting TelegramBotDexsysApplication on Alex-PC with PID 11228 (D:\TelegramBotDexsys\target\classes started by Alex in D:\TelegramBotDexsys)
12:21:07.284 [main] INFO  c.d.T.TelegramBotDexsysApplication - No active profile set, falling back to default profiles: default
12:21:11.769 [BDayDexsysBot Telegram Executor] INFO  c.d.T.handlers.RepeaterHandler - Отправлено сообщение "hi" в чат 935193822
12:21:11.957 [BDayDexsysBot Telegram Executor] INFO  c.d.T.handlers.RepeaterHandler - Отправлено сообщение "INFO" в чат 935193822
12:21:12.131 [main] INFO  c.d.T.TelegramBotDexsysApplication - Started TelegramBotDexsysApplication in 5.327 seconds (JVM running for 6.057)
12:21:21.326 [BDayDexsysBot Telegram Executor] INFO  c.d.T.handlers.RepeaterHandler - Отправлено сообщение "hi" в чат 935193822
12:21:22.094 [BDayDexsysBot Telegram Executor] INFO  c.d.T.handlers.RepeaterHandler - Отправлено сообщение "hey" в чат 935193822
12:21:23.374 [BDayDexsysBot Telegram Executor] INFO  c.d.T.handlers.RepeaterHandler - Отправлено сообщение "Показать пользователей" в чат 935193822
12:21:28.376 [BDayDexsysBot Telegram Executor] INFO  c.d.T.repositories.UserRepository - Добавлен пользователь в базу данных с телефоном +79501617728
12:21:30.307 [BDayDexsysBot Telegram Executor] INFO  c.d.T.handlers.RepeaterHandler - Отправлено сообщение "Показать пользователей" в чат 935193822
12:21:33.957 [BDayDexsysBot Telegram Executor] INFO  c.d.T.handlers.RepeaterHandler - Отправлено сообщение "INFO" в чат 935193822
12:21:34.992 [BDayDexsysBot Telegram Executor] INFO  c.d.T.handlers.RepeaterHandler - Отправлено сообщение "Показать пользователей" в чат 935193822
12:21:37.118 [BDayDexsysBot Telegram Executor] INFO  c.d.T.handlers.RepeaterHandler - Отправлено сообщение "Ввести дату рождения" в чат 935193822
12:21:39.904 [BDayDexsysBot Telegram Executor] INFO  c.d.T.s.i.TelegramService - Установлена дата рождения "1998" для пользователя AlexMironov18
12:21:40.027 [BDayDexsysBot Telegram Executor] INFO  c.d.T.handlers.RepeaterHandler - Отправлено сообщение "1998" в чат 935193822
12:21:40.862 [BDayDexsysBot Telegram Executor] INFO  c.d.T.handlers.RepeaterHandler - Отправлено сообщение "Показать пользователей" в чат 935193822
12:28:25.587 [main] INFO  c.d.T.TelegramBotDexsysApplication - Starting TelegramBotDexsysApplication on Alex-PC with PID 10448 (D:\TelegramBotDexsys\target\classes started by Alex in D:\TelegramBotDexsys)
12:28:25.589 [main] INFO  c.d.T.TelegramBotDexsysApplication - No active profile set, falling back to default profiles: default
12:28:30.615 [main] INFO  c.d.T.TelegramBotDexsysApplication - Started TelegramBotDexsysApplication in 5.491 seconds (JVM running for 6.195)
12:28:34.803 [BDayDexsysBot Telegram Executor] INFO  c.d.T.handlers.RepeaterHandler - Отправлено сообщение "hi" в чат 935193822
12:28:37.155 [BDayDexsysBot Telegram Executor] INFO  c.d.T.handlers.RepeaterHandler - Отправлено сообщение "INFO" в чат 935193822
12:28:46.968 [BDayDexsysBot Telegram Executor] INFO  c.d.T.repositories.UserRepository - Добавлен пользователь в базу данных с телефоном +79501617728
12:28:49.498 [BDayDexsysBot Telegram Executor] INFO  c.d.T.handlers.RepeaterHandler - Отправлено сообщение "Показать пользователей" в чат 935193822
12:28:51.128 [BDayDexsysBot Telegram Executor] INFO  c.d.T.handlers.RepeaterHandler - Отправлено сообщение "Ввести дату рождения" в чат 935193822
12:28:53.169 [BDayDexsysBot Telegram Executor] INFO  c.d.T.s.i.TelegramService - Установлена дата рождения "1998" для пользователя AlexMironov18
12:28:53.267 [BDayDexsysBot Telegram Executor] INFO  c.d.T.handlers.RepeaterHandler - Отправлено сообщение "1998" в чат 935193822
12:28:54.468 [BDayDexsysBot Telegram Executor] INFO  c.d.T.handlers.RepeaterHandler - Отправлено сообщение "Показать пользователей" в чат 935193822
19:23:04.343 [main] INFO  c.d.T.TelegramBotDexsysApplication - Starting TelegramBotDexsysApplication on Alex-PC with PID 12904 (D:\TelegramBotDexsys\target\classes started by Alex in D:\TelegramBotDexsys)
19:23:04.369 [main] INFO  c.d.T.TelegramBotDexsysApplication - No active profile set, falling back to default profiles: default
19:23:13.841 [BDayDexsysBot Telegram Executor] INFO  c.d.T.handlers.RepeaterHandler - Отправлено сообщение "Ввести дату рождения" в чат 935193822
19:23:14.648 [main] INFO  c.d.T.TelegramBotDexsysApplication - Started TelegramBotDexsysApplication in 10.966 seconds (JVM running for 12.78)
19:23:37.913 [main] INFO  c.d.T.TelegramBotDexsysApplication - Starting TelegramBotDexsysApplication on Alex-PC with PID 5464 (D:\TelegramBotDexsys\target\classes started by Alex in D:\TelegramBotDexsys)
19:23:37.924 [main] INFO  c.d.T.TelegramBotDexsysApplication - No active profile set, falling back to default profiles: default
19:23:42.774 [main] INFO  c.d.T.TelegramBotDexsysApplication - Started TelegramBotDexsysApplication in 5.319 seconds (JVM running for 6.199)
19:23:48.228 [BDayDexsysBot Telegram Executor] INFO  c.d.T.handlers.RepeaterHandler - Отправлено сообщение "hi" в чат 935193822
19:23:50.216 [BDayDexsysBot Telegram Executor] INFO  c.d.T.handlers.RepeaterHandler - Отправлено сообщение "hey" в чат 935193822
19:23:51.196 [BDayDexsysBot Telegram Executor] INFO  c.d.T.handlers.RepeaterHandler - Отправлено сообщение "INFO" в чат 935193822
19:23:57.425 [BDayDexsysBot Telegram Executor] INFO  c.d.T.repositories.UserRepository - Добавлен пользователь в базу данных с телефоном +79501617728
19:23:59.426 [BDayDexsysBot Telegram Executor] INFO  c.d.T.handlers.RepeaterHandler - Отправлено сообщение "Показать пользователей" в чат 935193822
19:24:01.537 [BDayDexsysBot Telegram Executor] INFO  c.d.T.handlers.RepeaterHandler - Отправлено сообщение "Ввести дату рождения" в чат 935193822
19:24:03.040 [BDayDexsysBot Telegram Executor] INFO  c.d.T.s.i.TelegramService - Установлена дата рождения "1998" для пользователя AlexMironov18
19:24:03.148 [BDayDexsysBot Telegram Executor] INFO  c.d.T.handlers.RepeaterHandler - Отправлено сообщение "1998" в чат 935193822
19:24:04.677 [BDayDexsysBot Telegram Executor] INFO  c.d.T.handlers.RepeaterHandler - Отправлено сообщение "INFO" в чат 935193822
19:24:16.997 [BDayDexsysBot Telegram Executor] INFO  c.d.T.handlers.RepeaterHandler - Отправлено сообщение "hi" в чат 935193822
19:24:17.633 [BDayDexsysBot Telegram Executor] INFO  c.d.T.handlers.RepeaterHandler - Отправлено сообщение "hey" в чат 935193822
19:24:51.338 [main] INFO  c.d.T.TelegramBotDexsysApplication - Starting TelegramBotDexsysApplication on Alex-PC with PID 12396 (D:\TelegramBotDexsys\target\classes started by Alex in D:\TelegramBotDexsys)
19:24:51.341 [main] INFO  c.d.T.TelegramBotDexsysApplication - No active profile set, falling back to default profiles: default
19:24:56.264 [main] INFO  c.d.T.TelegramBotDexsysApplication - Started TelegramBotDexsysApplication in 5.505 seconds (JVM running for 6.326)
19:25:02.113 [BDayDexsysBot Telegram Executor] INFO  c.d.T.handlers.RepeaterHandler - Отправлено сообщение "hi" в чат 935193822
19:25:03.109 [BDayDexsysBot Telegram Executor] INFO  c.d.T.handlers.RepeaterHandler - Отправлено сообщение "hey" в чат 935193822
19:25:04.399 [BDayDexsysBot Telegram Executor] INFO  c.d.T.handlers.RepeaterHandler - Отправлено сообщение "INFO" в чат 935193822
19:25:10.098 [BDayDexsysBot Telegram Executor] INFO  c.d.T.repositories.UserRepository - Добавлен пользователь в базу данных с телефоном +79501617728
19:25:17.525 [BDayDexsysBot Telegram Executor] INFO  c.d.T.handlers.RepeaterHandler - Отправлено сообщение "INFO" в чат 935193822
19:25:19.208 [BDayDexsysBot Telegram Executor] INFO  c.d.T.handlers.RepeaterHandler - Отправлено сообщение "hi" в чат 935193822
19:25:19.819 [BDayDexsysBot Telegram Executor] INFO  c.d.T.handlers.RepeaterHandler - Отправлено сообщение "Показать пользователей" в чат 935193822
19:25:21.658 [BDayDexsysBot Telegram Executor] INFO  c.d.T.handlers.RepeaterHandler - Отправлено сообщение "Ввести дату рождения" в чат 935193822
19:25:22.820 [BDayDexsysBot Telegram Executor] INFO  c.d.T.s.i.TelegramService - Установлена дата рождения "1998" для пользователя null
19:25:22.941 [BDayDexsysBot Telegram Executor] INFO  c.d.T.handlers.RepeaterHandler - Отправлено сообщение "1998" в чат 935193822
19:25:24.497 [BDayDexsysBot Telegram Executor] INFO  c.d.T.handlers.RepeaterHandler - Отправлено сообщение "Показать пользователей" в чат 935193822
19:26:44.443 [main] INFO  c.d.T.TelegramBotDexsysApplication - Starting TelegramBotDexsysApplication on Alex-PC with PID 13216 (D:\TelegramBotDexsys\target\classes started by Alex in D:\TelegramBotDexsys)
19:26:44.445 [main] INFO  c.d.T.TelegramBotDexsysApplication - No active profile set, falling back to default profiles: default
19:26:49.524 [main] INFO  c.d.T.TelegramBotDexsysApplication - Started TelegramBotDexsysApplication in 5.517 seconds (JVM running for 6.233)
19:26:52.746 [BDayDexsysBot Telegram Executor] INFO  c.d.T.handlers.RepeaterHandler - Отправлено сообщение "hi" в чат 935193822
19:26:53.663 [BDayDexsysBot Telegram Executor] INFO  c.d.T.handlers.RepeaterHandler - Отправлено сообщение "hry" в чат 935193822
19:26:55.898 [BDayDexsysBot Telegram Executor] INFO  c.d.T.handlers.RepeaterHandler - Отправлено сообщение "hey" в чат 935193822
19:26:56.659 [BDayDexsysBot Telegram Executor] INFO  c.d.T.handlers.RepeaterHandler - Отправлено сообщение "INFO" в чат 935193822
19:26:58.297 [BDayDexsysBot Telegram Executor] INFO  c.d.T.repositories.UserRepository - Добавлен пользователь в базу данных с телефоном +79501617728
19:27:00.346 [BDayDexsysBot Telegram Executor] INFO  c.d.T.handlers.RepeaterHandler - Отправлено сообщение "Ввести дату рождения" в чат 935193822
19:27:01.282 [BDayDexsysBot Telegram Executor] INFO  c.d.T.s.i.TelegramService - Установлена дата рождения "1998" для пользователя +79501617728
19:27:01.383 [BDayDexsysBot Telegram Executor] INFO  c.d.T.handlers.RepeaterHandler - Отправлено сообщение "1998" в чат 935193822
19:27:02.359 [BDayDexsysBot Telegram Executor] INFO  c.d.T.handlers.RepeaterHandler - Отправлено сообщение "INFO" в чат 935193822
19:27:03.638 [BDayDexsysBot Telegram Executor] INFO  c.d.T.handlers.RepeaterHandler - Отправлено сообщение "hey" в чат 935193822
19:27:04.321 [BDayDexsysBot Telegram Executor] INFO  c.d.T.handlers.RepeaterHandler - Отправлено сообщение "Показать пользователей" в чат 935193822
13:13:33.565 [main] INFO  c.d.T.TelegramBotDexsysApplication - Starting TelegramBotDexsysApplication on Alex-PC with PID 9404 (D:\TelegramBotDexsys\target\classes started by Alex in D:\TelegramBotDexsys)
13:13:33.616 [main] INFO  c.d.T.TelegramBotDexsysApplication - No active profile set, falling back to default profiles: default
13:15:47.160 [main] INFO  c.d.T.TelegramBotDexsysApplication - Starting TelegramBotDexsysApplication on Alex-PC with PID 11640 (D:\TelegramBotDexsys\target\classes started by Alex in D:\TelegramBotDexsys)
13:15:47.163 [main] INFO  c.d.T.TelegramBotDexsysApplication - No active profile set, falling back to default profiles: default
13:18:38.073 [main] INFO  c.d.T.TelegramBotDexsysApplication - Starting TelegramBotDexsysApplication on Alex-PC with PID 12580 (D:\TelegramBotDexsys\target\classes started by Alex in D:\TelegramBotDexsys)
13:18:38.079 [main] INFO  c.d.T.TelegramBotDexsysApplication - No active profile set, falling back to default profiles: default
13:18:42.575 [main] INFO  c.d.T.TelegramBotDexsysApplication - Started TelegramBotDexsysApplication in 5.05 seconds (JVM running for 5.971)
13:19:05.975 [main] INFO  c.d.T.TelegramBotDexsysApplication - Starting TelegramBotDexsysApplication on Alex-PC with PID 12300 (D:\TelegramBotDexsys\target\classes started by Alex in D:\TelegramBotDexsys)
13:19:05.998 [main] INFO  c.d.T.TelegramBotDexsysApplication - No active profile set, falling back to default profiles: default
13:19:11.333 [main] INFO  c.d.T.TelegramBotDexsysApplication - Started TelegramBotDexsysApplication in 5.955 seconds (JVM running for 6.682)
13:21:01.057 [BDayDexsysBot Telegram Executor] INFO  c.d.T.handlers.RepeaterHandler - Отправлено сообщение "hi" в чат 935193822
13:21:03.228 [BDayDexsysBot Telegram Executor] INFO  c.d.T.repositories.UserRepository - Добавлен пользователь в базу данных с телефоном +79501617728
13:34:04.396 [main] INFO  c.d.T.TelegramBotDexsysApplication - Starting TelegramBotDexsysApplication on Alex-PC with PID 6136 (D:\TelegramBotDexsys\target\classes started by Alex in D:\TelegramBotDexsys)
13:34:04.399 [main] INFO  c.d.T.TelegramBotDexsysApplication - No active profile set, falling back to default profiles: default
13:34:10.388 [main] INFO  c.d.T.TelegramBotDexsysApplication - Started TelegramBotDexsysApplication in 6.946 seconds (JVM running for 8.982)
13:36:34.855 [main] INFO  c.d.T.TelegramBotDexsysApplication - Starting TelegramBotDexsysApplication on Alex-PC with PID 8392 (D:\TelegramBotDexsys\target\classes started by Alex in D:\TelegramBotDexsys)
13:36:34.858 [main] INFO  c.d.T.TelegramBotDexsysApplication - No active profile set, falling back to default profiles: default
13:36:40.843 [main] INFO  c.d.T.TelegramBotDexsysApplication - Started TelegramBotDexsysApplication in 6.505 seconds (JVM running for 7.312)
13:36:52.020 [BDayDexsysBot Telegram Executor] INFO  c.d.T.handlers.RepeaterHandler - Отправлено сообщение "hi" в чат 935193822
13:36:53.572 [BDayDexsysBot Telegram Executor] INFO  c.d.T.repositories.UserRepository - Добавлен пользователь в базу данных с телефоном +79501617728
13:42:41.920 [main] INFO  c.d.T.TelegramBotDexsysApplication - Starting TelegramBotDexsysApplication on Alex-PC with PID 12788 (D:\TelegramBotDexsys\target\classes started by Alex in D:\TelegramBotDexsys)
13:42:41.923 [main] INFO  c.d.T.TelegramBotDexsysApplication - No active profile set, falling back to default profiles: default
13:42:47.779 [main] INFO  c.d.T.TelegramBotDexsysApplication - Started TelegramBotDexsysApplication in 6.322 seconds (JVM running for 7.018)
13:45:31.956 [main] INFO  c.d.T.TelegramBotDexsysApplication - Starting TelegramBotDexsysApplication on Alex-PC with PID 12956 (D:\TelegramBotDexsys\target\classes started by Alex in D:\TelegramBotDexsys)
13:45:31.961 [main] INFO  c.d.T.TelegramBotDexsysApplication - No active profile set, falling back to default profiles: default
13:45:37.775 [main] INFO  c.d.T.TelegramBotDexsysApplication - Started TelegramBotDexsysApplication in 6.41 seconds (JVM running for 7.228)
13:48:07.238 [main] INFO  c.d.T.TelegramBotDexsysApplication - Starting TelegramBotDexsysApplication on Alex-PC with PID 11396 (D:\TelegramBotDexsys\target\classes started by Alex in D:\TelegramBotDexsys)
13:48:07.241 [main] INFO  c.d.T.TelegramBotDexsysApplication - No active profile set, falling back to default profiles: default
13:48:16.577 [main] INFO  c.d.T.TelegramBotDexsysApplication - Starting TelegramBotDexsysApplication on Alex-PC with PID 12564 (D:\TelegramBotDexsys\target\classes started by Alex in D:\TelegramBotDexsys)
13:48:16.580 [main] INFO  c.d.T.TelegramBotDexsysApplication - No active profile set, falling back to default profiles: default
13:48:22.332 [main] INFO  c.d.T.TelegramBotDexsysApplication - Started TelegramBotDexsysApplication in 6.204 seconds (JVM running for 6.94)
13:50:08.816 [main] INFO  c.d.T.TelegramBotDexsysApplication - Starting TelegramBotDexsysApplication on Alex-PC with PID 12568 (D:\TelegramBotDexsys\target\classes started by Alex in D:\TelegramBotDexsys)
13:50:08.835 [main] INFO  c.d.T.TelegramBotDexsysApplication - No active profile set, falling back to default profiles: default
13:50:14.352 [main] INFO  c.d.T.TelegramBotDexsysApplication - Started TelegramBotDexsysApplication in 6.098 seconds (JVM running for 6.839)
13:50:48.857 [main] INFO  c.d.T.TelegramBotDexsysApplication - Starting TelegramBotDexsysApplication on Alex-PC with PID 12760 (D:\TelegramBotDexsys\target\classes started by Alex in D:\TelegramBotDexsys)
13:50:48.885 [main] INFO  c.d.T.TelegramBotDexsysApplication - No active profile set, falling back to default profiles: default
13:50:54.735 [main] INFO  c.d.T.TelegramBotDexsysApplication - Started TelegramBotDexsysApplication in 6.488 seconds (JVM running for 7.315)
14:15:31.926 [main] INFO  c.d.T.TelegramBotDexsysApplication - Starting TelegramBotDexsysApplication on Alex-PC with PID 9664 (D:\TelegramBotDexsys\target\classes started by Alex in D:\TelegramBotDexsys)
14:15:31.929 [main] INFO  c.d.T.TelegramBotDexsysApplication - No active profile set, falling back to default profiles: default
14:15:37.682 [main] INFO  c.d.T.TelegramBotDexsysApplication - Started TelegramBotDexsysApplication in 6.27 seconds (JVM running for 7.043)
14:19:17.896 [main] INFO  c.d.T.TelegramBotDexsysApplication - Starting TelegramBotDexsysApplication on Alex-PC with PID 12712 (D:\TelegramBotDexsys\target\classes started by Alex in D:\TelegramBotDexsys)
14:19:17.899 [main] INFO  c.d.T.TelegramBotDexsysApplication - No active profile set, falling back to default profiles: default
14:19:23.540 [main] INFO  c.d.T.TelegramBotDexsysApplication - Started TelegramBotDexsysApplication in 6.16 seconds (JVM running for 7.258)
14:20:38.052 [main] INFO  c.d.T.TelegramBotDexsysApplication - Starting TelegramBotDexsysApplication on Alex-PC with PID 10628 (D:\TelegramBotDexsys\target\classes started by Alex in D:\TelegramBotDexsys)
14:20:38.056 [main] INFO  c.d.T.TelegramBotDexsysApplication - No active profile set, falling back to default profiles: default
14:20:43.812 [main] INFO  c.d.T.TelegramBotDexsysApplication - Started TelegramBotDexsysApplication in 6.265 seconds (JVM running for 6.962)
14:30:36.205 [main] INFO  c.d.T.TelegramBotDexsysApplication - Starting TelegramBotDexsysApplication on Alex-PC with PID 12844 (D:\TelegramBotDexsys\target\classes started by Alex in D:\TelegramBotDexsys)
14:30:36.209 [main] INFO  c.d.T.TelegramBotDexsysApplication - No active profile set, falling back to default profiles: default
14:30:42.367 [main] INFO  c.d.T.TelegramBotDexsysApplication - Started TelegramBotDexsysApplication in 6.769 seconds (JVM running for 7.496)
15:54:07.920 [main] INFO  c.d.T.TelegramBotDexsysApplication - Starting TelegramBotDexsysApplication on Alex-PC with PID 7652 (D:\TelegramBotDexsys\target\classes started by Alex in D:\TelegramBotDexsys)
15:54:07.937 [main] INFO  c.d.T.TelegramBotDexsysApplication - No active profile set, falling back to default profiles: default
15:54:18.937 [main] INFO  c.d.T.TelegramBotDexsysApplication - Started TelegramBotDexsysApplication in 12.797 seconds (JVM running for 15.885)
15:54:28.010 [BDayDexsysBot Telegram Executor] INFO  c.d.T.telegramAPI.RepeaterHandler - Отправлено сообщение "hi" в чат 935193822
15:55:46.733 [BDayDexsysBot Telegram Executor] INFO  c.d.T.repositories.UserRepository - Добавлен пользователь в базу данных с телефоном +79501617728
11:23:06.694 [main] INFO  c.d.T.TelegramBotDexsysApplication - Starting TelegramBotDexsysApplication on Alex-PC with PID 324 (D:\TelegramBotDexsys\target\classes started by Alex in D:\TelegramBotDexsys)
11:23:06.721 [main] INFO  c.d.T.TelegramBotDexsysApplication - No active profile set, falling back to default profiles: default
11:23:20.122 [main] INFO  c.d.T.TelegramBotDexsysApplication - Started TelegramBotDexsysApplication in 14.474 seconds (JVM running for 18.925)
11:24:24.809 [main] INFO  c.d.T.TelegramBotDexsysApplication - Starting TelegramBotDexsysApplication on Alex-PC with PID 10340 (D:\TelegramBotDexsys\target\classes started by Alex in D:\TelegramBotDexsys)
11:24:24.812 [main] INFO  c.d.T.TelegramBotDexsysApplication - No active profile set, falling back to default profiles: default
11:24:31.058 [main] INFO  c.d.T.TelegramBotDexsysApplication - Started TelegramBotDexsysApplication in 6.77 seconds (JVM running for 7.57)
11:26:45.901 [main] INFO  c.d.T.TelegramBotDexsysApplication - Starting TelegramBotDexsysApplication on Alex-PC with PID 2040 (D:\TelegramBotDexsys\target\classes started by Alex in D:\TelegramBotDexsys)
11:26:45.904 [main] INFO  c.d.T.TelegramBotDexsysApplication - No active profile set, falling back to default profiles: default
11:26:51.981 [main] INFO  c.d.T.TelegramBotDexsysApplication - Started TelegramBotDexsysApplication in 6.666 seconds (JVM running for 7.411)
11:26:57.994 [main] INFO  c.d.T.TelegramBotDexsysApplication - Starting TelegramBotDexsysApplication on Alex-PC with PID 9008 (D:\TelegramBotDexsys\target\classes started by Alex in D:\TelegramBotDexsys)
11:26:57.997 [main] INFO  c.d.T.TelegramBotDexsysApplication - No active profile set, falling back to default profiles: default
11:27:03.804 [main] INFO  c.d.T.TelegramBotDexsysApplication - Started TelegramBotDexsysApplication in 6.225 seconds (JVM running for 6.985)
11:27:10.077 [BDayDexsysBot Telegram Executor] INFO  c.d.T.telegramAPI.RepeaterHandler - Отправлено сообщение "hi" в чат 935193822
11:27:17.130 [BDayDexsysBot Telegram Executor] INFO  c.d.T.telegramAPI.RepeaterHandler - Отправлено сообщение "hey" в чат 935193822
11:29:59.751 [BDayDexsysBot Telegram Executor] INFO  c.d.T.repositories.UserRepository - Добавлен пользователь в базу данных с телефоном +79501617728
11:41:00.741 [main] INFO  c.d.T.TelegramBotDexsysApplication - Starting TelegramBotDexsysApplication on Alex-PC with PID 10996 (D:\TelegramBotDexsys\target\classes started by Alex in D:\TelegramBotDexsys)
11:41:00.744 [main] INFO  c.d.T.TelegramBotDexsysApplication - No active profile set, falling back to default profiles: default
11:41:06.967 [main] INFO  c.d.T.TelegramBotDexsysApplication - Started TelegramBotDexsysApplication in 6.81 seconds (JVM running for 7.674)
11:41:11.918 [BDayDexsysBot Telegram Executor] INFO  c.d.T.telegramAPI.RepeaterHandler - Отправлено сообщение "hi" в чат 935193822
11:41:14.961 [BDayDexsysBot Telegram Executor] INFO  c.d.T.telegramAPI.RepeaterHandler - Отправлено сообщение "hey" в чат 935193822
11:41:32.640 [main] INFO  c.d.T.TelegramBotDexsysApplication - Starting TelegramBotDexsysApplication on Alex-PC with PID 10244 (D:\TelegramBotDexsys\target\classes started by Alex in D:\TelegramBotDexsys)
11:41:32.644 [main] INFO  c.d.T.TelegramBotDexsysApplication - No active profile set, falling back to default profiles: default
11:41:38.279 [main] INFO  c.d.T.TelegramBotDexsysApplication - Started TelegramBotDexsysApplication in 6.143 seconds (JVM running for 6.987)
11:47:59.104 [main] INFO  c.d.T.TelegramBotDexsysApplication - Starting TelegramBotDexsysApplication on Alex-PC with PID 10164 (D:\TelegramBotDexsys\target\classes started by Alex in D:\TelegramBotDexsys)
11:47:59.107 [main] INFO  c.d.T.TelegramBotDexsysApplication - No active profile set, falling back to default profiles: default
11:48:04.768 [main] INFO  c.d.T.TelegramBotDexsysApplication - Started TelegramBotDexsysApplication in 6.157 seconds (JVM running for 6.877)
12:23:48.463 [main] INFO  c.d.T.TelegramBotDexsysApplication - Starting TelegramBotDexsysApplication on Alex-PC with PID 9208 (D:\TelegramBotDexsys\target\classes started by Alex in D:\TelegramBotDexsys)
12:23:48.466 [main] INFO  c.d.T.TelegramBotDexsysApplication - No active profile set, falling back to default profiles: default
12:23:54.480 [main] INFO  c.d.T.TelegramBotDexsysApplication - Started TelegramBotDexsysApplication in 6.523 seconds (JVM running for 7.254)
12:25:45.428 [main] INFO  c.d.T.TelegramBotDexsysApplication - Starting TelegramBotDexsysApplication on Alex-PC with PID 12016 (D:\TelegramBotDexsys\target\classes started by Alex in D:\TelegramBotDexsys)
12:25:45.431 [main] INFO  c.d.T.TelegramBotDexsysApplication - No active profile set, falling back to default profiles: default
12:25:51.262 [main] INFO  c.d.T.TelegramBotDexsysApplication - Started TelegramBotDexsysApplication in 6.36 seconds (JVM running for 7.11)
13:07:24.002 [main] INFO  c.d.T.TelegramBotDexsysApplication - Starting TelegramBotDexsysApplication on Alex-PC with PID 9572 (D:\TelegramBotDexsys\target\classes started by Alex in D:\TelegramBotDexsys)
13:07:24.005 [main] INFO  c.d.T.TelegramBotDexsysApplication - No active profile set, falling back to default profiles: default
13:07:30.476 [main] INFO  c.d.T.TelegramBotDexsysApplication - Started TelegramBotDexsysApplication in 7.035 seconds (JVM running for 7.897)
13:07:54.723 [BDayDexsysBot Telegram Executor] INFO  c.d.T.telegramAPI.RepeaterHandler - Отправлено сообщение "hi" в чат 935193822
13:07:54.995 [BDayDexsysBot Telegram Executor] INFO  c.d.T.telegramAPI.RepeaterHandler - Отправлено сообщение "hi" в чат 935193822
13:08:02.418 [BDayDexsysBot Telegram Executor] INFO  c.d.T.telegramAPI.RepeaterHandler - Отправлено сообщение "hey" в чат 935193822
13:08:32.747 [BDayDexsysBot Telegram Executor] INFO  c.d.T.repositories.UserRepository - Добавлен пользователь в базу данных с телефоном +79501617728
13:08:37.362 [BDayDexsysBot Telegram Executor] INFO  c.d.T.telegramAPI.RepeaterHandler - Отправлено сообщение "hhey" в чат 935193822
13:08:39.043 [BDayDexsysBot Telegram Executor] INFO  c.d.T.telegramAPI.RepeaterHandler - Отправлено сообщение "Показать пользователей" в чат 935193822
13:09:08.476 [main] INFO  c.d.T.TelegramBotDexsysApplication - Starting TelegramBotDexsysApplication on Alex-PC with PID 13116 (D:\TelegramBotDexsys\target\classes started by Alex in D:\TelegramBotDexsys)
13:09:08.479 [main] INFO  c.d.T.TelegramBotDexsysApplication - No active profile set, falling back to default profiles: default
13:09:14.236 [main] INFO  c.d.T.TelegramBotDexsysApplication - Started TelegramBotDexsysApplication in 6.231 seconds (JVM running for 6.923)
13:09:18.135 [BDayDexsysBot Telegram Executor] INFO  c.d.T.telegramAPI.RepeaterHandler - Отправлено сообщение "hi" в чат 935193822
18:13:39.040 [main] INFO  c.d.T.TelegramBotDexsysApplication - Starting TelegramBotDexsysApplication on Alex-PC with PID 3288 (D:\TelegramBotDexsys\target\classes started by Alex in D:\TelegramBotDexsys)
18:13:39.061 [main] INFO  c.d.T.TelegramBotDexsysApplication - No active profile set, falling back to default profiles: default
18:13:55.192 [main] INFO  c.d.T.TelegramBotDexsysApplication - Started TelegramBotDexsysApplication in 19.903 seconds (JVM running for 29.096)
18:20:47.096 [main] INFO  c.d.T.TelegramBotDexsysApplication - Starting TelegramBotDexsysApplication on Alex-PC with PID 8212 (D:\TelegramBotDexsys\target\classes started by Alex in D:\TelegramBotDexsys)
18:20:47.099 [main] INFO  c.d.T.TelegramBotDexsysApplication - No active profile set, falling back to default profiles: default
18:20:53.071 [main] INFO  c.d.T.TelegramBotDexsysApplication - Started TelegramBotDexsysApplication in 6.582 seconds (JVM running for 7.486)
18:21:44.713 [main] INFO  c.d.T.TelegramBotDexsysApplication - Starting TelegramBotDexsysApplication on Alex-PC with PID 12992 (D:\TelegramBotDexsys\target\classes started by Alex in D:\TelegramBotDexsys)
18:21:44.717 [main] INFO  c.d.T.TelegramBotDexsysApplication - No active profile set, falling back to default profiles: default
18:21:50.680 [main] INFO  c.d.T.TelegramBotDexsysApplication - Started TelegramBotDexsysApplication in 6.524 seconds (JVM running for 7.402)
18:22:54.721 [main] INFO  c.d.T.TelegramBotDexsysApplication - Starting TelegramBotDexsysApplication on Alex-PC with PID 12852 (D:\TelegramBotDexsys\target\classes started by Alex in D:\TelegramBotDexsys)
18:22:54.724 [main] INFO  c.d.T.TelegramBotDexsysApplication - No active profile set, falling back to default profiles: default
18:23:00.530 [main] INFO  c.d.T.TelegramBotDexsysApplication - Started TelegramBotDexsysApplication in 6.39 seconds (JVM running for 7.404)
18:29:33.224 [main] INFO  c.d.T.TelegramBotDexsysApplication - Starting TelegramBotDexsysApplication on Alex-PC with PID 7724 (D:\TelegramBotDexsys\target\classes started by Alex in D:\TelegramBotDexsys)
18:29:33.227 [main] INFO  c.d.T.TelegramBotDexsysApplication - No active profile set, falling back to default profiles: default
18:29:39.085 [main] INFO  c.d.T.TelegramBotDexsysApplication - Started TelegramBotDexsysApplication in 6.368 seconds (JVM running for 7.096)
18:35:09.110 [main] INFO  c.d.T.TelegramBotDexsysApplication - Starting TelegramBotDexsysApplication on Alex-PC with PID 7400 (D:\TelegramBotDexsys\target\classes started by Alex in D:\TelegramBotDexsys)
18:35:09.114 [main] INFO  c.d.T.TelegramBotDexsysApplication - No active profile set, falling back to default profiles: default
18:35:14.916 [main] INFO  c.d.T.TelegramBotDexsysApplication - Started TelegramBotDexsysApplication in 6.2 seconds (JVM running for 7.147)
18:38:53.650 [main] INFO  c.d.T.TelegramBotDexsysApplication - Starting TelegramBotDexsysApplication on Alex-PC with PID 11580 (D:\TelegramBotDexsys\target\classes started by Alex in D:\TelegramBotDexsys)
18:38:53.652 [main] INFO  c.d.T.TelegramBotDexsysApplication - No active profile set, falling back to default profiles: default
18:38:59.462 [main] INFO  c.d.T.TelegramBotDexsysApplication - Started TelegramBotDexsysApplication in 6.344 seconds (JVM running for 7.104)
18:44:17.931 [main] INFO  c.d.T.TelegramBotDexsysApplication - Starting TelegramBotDexsysApplication on Alex-PC with PID 12352 (D:\TelegramBotDexsys\target\classes started by Alex in D:\TelegramBotDexsys)
18:44:17.934 [main] INFO  c.d.T.TelegramBotDexsysApplication - No active profile set, falling back to default profiles: default
18:44:24.189 [main] INFO  c.d.T.TelegramBotDexsysApplication - Started TelegramBotDexsysApplication in 6.813 seconds (JVM running for 7.51)
18:46:18.299 [main] INFO  c.d.T.TelegramBotDexsysApplication - Starting TelegramBotDexsysApplication on Alex-PC with PID 10008 (D:\TelegramBotDexsys\target\classes started by Alex in D:\TelegramBotDexsys)
18:46:18.305 [main] INFO  c.d.T.TelegramBotDexsysApplication - No active profile set, falling back to default profiles: default
18:46:24.684 [main] INFO  c.d.T.TelegramBotDexsysApplication - Started TelegramBotDexsysApplication in 6.876 seconds (JVM running for 7.628)
18:51:34.316 [main] INFO  c.d.T.TelegramBotDexsysApplication - Starting TelegramBotDexsysApplication on Alex-PC with PID 12744 (D:\TelegramBotDexsys\target\classes started by Alex in D:\TelegramBotDexsys)
18:51:34.319 [main] INFO  c.d.T.TelegramBotDexsysApplication - No active profile set, falling back to default profiles: default
18:51:40.200 [main] INFO  c.d.T.TelegramBotDexsysApplication - Started TelegramBotDexsysApplication in 6.477 seconds (JVM running for 7.211)
18:54:16.661 [main] INFO  c.d.T.TelegramBotDexsysApplication - Starting TelegramBotDexsysApplication on Alex-PC with PID 9080 (D:\TelegramBotDexsys\target\classes started by Alex in D:\TelegramBotDexsys)
18:54:16.664 [main] INFO  c.d.T.TelegramBotDexsysApplication - No active profile set, falling back to default profiles: default
18:54:22.561 [main] INFO  c.d.T.TelegramBotDexsysApplication - Started TelegramBotDexsysApplication in 6.407 seconds (JVM running for 7.132)
18:55:47.648 [main] INFO  c.d.T.TelegramBotDexsysApplication - Starting TelegramBotDexsysApplication on Alex-PC with PID 9344 (D:\TelegramBotDexsys\target\classes started by Alex in D:\TelegramBotDexsys)
18:55:47.651 [main] INFO  c.d.T.TelegramBotDexsysApplication - No active profile set, falling back to default profiles: default
18:55:53.484 [main] INFO  c.d.T.TelegramBotDexsysApplication - Started TelegramBotDexsysApplication in 6.33 seconds (JVM running for 7.102)
10:14:51.296 [main] INFO  c.d.T.TelegramBotDexsysApplication - Starting TelegramBotDexsysApplication on Alex-PC with PID 12064 (D:\TelegramBotDexsys\target\classes started by Alex in D:\TelegramBotDexsys)
10:14:51.304 [main] INFO  c.d.T.TelegramBotDexsysApplication - No active profile set, falling back to default profiles: default
10:15:23.496 [main] INFO  c.d.T.TelegramBotDexsysApplication - Started TelegramBotDexsysApplication in 35.545 seconds (JVM running for 42.591)
10:17:45.179 [main] INFO  c.d.T.TelegramBotDexsysApplication - Starting TelegramBotDexsysApplication on Alex-PC with PID 11740 (D:\TelegramBotDexsys\target\classes started by Alex in D:\TelegramBotDexsys)
10:17:45.183 [main] INFO  c.d.T.TelegramBotDexsysApplication - No active profile set, falling back to default profiles: default
10:17:52.017 [main] INFO  c.d.T.TelegramBotDexsysApplication - Started TelegramBotDexsysApplication in 7.509 seconds (JVM running for 8.414)
10:19:26.947 [main] INFO  c.d.T.TelegramBotDexsysApplication - Starting TelegramBotDexsysApplication on Alex-PC with PID 10080 (D:\TelegramBotDexsys\target\classes started by Alex in D:\TelegramBotDexsys)
10:19:26.951 [main] INFO  c.d.T.TelegramBotDexsysApplication - No active profile set, falling back to default profiles: default
10:19:33.255 [main] INFO  c.d.T.TelegramBotDexsysApplication - Started TelegramBotDexsysApplication in 6.973 seconds (JVM running for 7.949)
10:20:00.555 [main] INFO  c.d.T.TelegramBotDexsysApplication - Starting TelegramBotDexsysApplication on Alex-PC with PID 11872 (D:\TelegramBotDexsys\target\classes started by Alex in D:\TelegramBotDexsys)
10:20:00.558 [main] INFO  c.d.T.TelegramBotDexsysApplication - No active profile set, falling back to default profiles: default
10:20:07.157 [main] INFO  c.d.T.TelegramBotDexsysApplication - Started TelegramBotDexsysApplication in 7.088 seconds (JVM running for 7.928)
10:22:29.205 [main] INFO  c.d.T.TelegramBotDexsysApplication - Starting TelegramBotDexsysApplication on Alex-PC with PID 12096 (D:\TelegramBotDexsys\target\classes started by Alex in D:\TelegramBotDexsys)
10:22:29.215 [main] INFO  c.d.T.TelegramBotDexsysApplication - No active profile set, falling back to default profiles: default
10:22:35.270 [main] INFO  c.d.T.TelegramBotDexsysApplication - Started TelegramBotDexsysApplication in 6.611 seconds (JVM running for 7.359)
10:33:25.194 [main] INFO  c.d.T.TelegramBotDexsysApplication - Starting TelegramBotDexsysApplication on Alex-PC with PID 1328 (D:\TelegramBotDexsys\target\classes started by Alex in D:\TelegramBotDexsys)
10:33:25.200 [main] INFO  c.d.T.TelegramBotDexsysApplication - No active profile set, falling back to default profiles: default
10:33:31.552 [main] INFO  c.d.T.TelegramBotDexsysApplication - Started TelegramBotDexsysApplication in 6.84 seconds (JVM running for 7.537)
10:35:10.813 [main] INFO  c.d.T.TelegramBotDexsysApplication - Starting TelegramBotDexsysApplication on Alex-PC with PID 12004 (D:\TelegramBotDexsys\target\classes started by Alex in D:\TelegramBotDexsys)
10:35:10.821 [main] INFO  c.d.T.TelegramBotDexsysApplication - No active profile set, falling back to default profiles: default
10:35:16.651 [main] INFO  c.d.T.TelegramBotDexsysApplication - Started TelegramBotDexsysApplication in 6.325 seconds (JVM running for 7.167)
10:38:00.120 [main] INFO  c.d.T.TelegramBotDexsysApplication - Starting TelegramBotDexsysApplication on Alex-PC with PID 11396 (D:\TelegramBotDexsys\target\classes started by Alex in D:\TelegramBotDexsys)
10:38:00.122 [main] INFO  c.d.T.TelegramBotDexsysApplication - No active profile set, falling back to default profiles: default
10:38:06.995 [main] INFO  c.d.T.TelegramBotDexsysApplication - Started TelegramBotDexsysApplication in 7.434 seconds (JVM running for 8.188)
10:44:46.509 [main] INFO  c.d.T.TelegramBotDexsysApplication - Starting TelegramBotDexsysApplication on Alex-PC with PID 10080 (D:\TelegramBotDexsys\target\classes started by Alex in D:\TelegramBotDexsys)
10:44:46.511 [main] INFO  c.d.T.TelegramBotDexsysApplication - No active profile set, falling back to default profiles: default
10:44:53.868 [main] INFO  c.d.T.TelegramBotDexsysApplication - Started TelegramBotDexsysApplication in 8.191 seconds (JVM running for 9.226)
10:53:00.057 [main] INFO  c.d.T.TelegramBotDexsysApplication - Starting TelegramBotDexsysApplication on Alex-PC with PID 8120 (D:\TelegramBotDexsys\target\classes started by Alex in D:\TelegramBotDexsys)
10:53:00.066 [main] INFO  c.d.T.TelegramBotDexsysApplication - No active profile set, falling back to default profiles: default
10:53:05.971 [main] INFO  c.d.T.TelegramBotDexsysApplication - Started TelegramBotDexsysApplication in 6.491 seconds (JVM running for 7.329)
10:57:35.382 [main] INFO  c.d.T.TelegramBotDexsysApplication - Starting TelegramBotDexsysApplication on Alex-PC with PID 156 (D:\TelegramBotDexsys\target\classes started by Alex in D:\TelegramBotDexsys)
10:57:35.401 [main] INFO  c.d.T.TelegramBotDexsysApplication - No active profile set, falling back to default profiles: default
10:57:41.323 [main] INFO  c.d.T.TelegramBotDexsysApplication - Started TelegramBotDexsysApplication in 6.609 seconds (JVM running for 7.294)
11:00:43.904 [main] INFO  c.d.T.TelegramBotDexsysApplication - Starting TelegramBotDexsysApplication on Alex-PC with PID 10688 (D:\TelegramBotDexsys\target\classes started by Alex in D:\TelegramBotDexsys)
11:00:43.908 [main] INFO  c.d.T.TelegramBotDexsysApplication - No active profile set, falling back to default profiles: default
11:00:49.699 [main] INFO  c.d.T.TelegramBotDexsysApplication - Started TelegramBotDexsysApplication in 6.234 seconds (JVM running for 6.938)
11:08:45.421 [main] INFO  c.d.T.TelegramBotDexsysApplication - Starting TelegramBotDexsysApplication on Alex-PC with PID 13000 (D:\TelegramBotDexsys\target\classes started by Alex in D:\TelegramBotDexsys)
11:08:45.425 [main] INFO  c.d.T.TelegramBotDexsysApplication - No active profile set, falling back to default profiles: default
11:08:51.236 [main] INFO  c.d.T.TelegramBotDexsysApplication - Started TelegramBotDexsysApplication in 6.386 seconds (JVM running for 7.092)
11:13:28.527 [main] INFO  c.d.T.TelegramBotDexsysApplication - Starting TelegramBotDexsysApplication on Alex-PC with PID 9516 (D:\TelegramBotDexsys\target\classes started by Alex in D:\TelegramBotDexsys)
11:13:28.534 [main] INFO  c.d.T.TelegramBotDexsysApplication - No active profile set, falling back to default profiles: default
11:13:34.349 [main] INFO  c.d.T.TelegramBotDexsysApplication - Started TelegramBotDexsysApplication in 6.283 seconds (JVM running for 6.996)
11:14:22.869 [main] INFO  c.d.T.TelegramBotDexsysApplication - Starting TelegramBotDexsysApplication on Alex-PC with PID 10284 (D:\TelegramBotDexsys\target\classes started by Alex in D:\TelegramBotDexsys)
11:14:22.872 [main] INFO  c.d.T.TelegramBotDexsysApplication - No active profile set, falling back to default profiles: default
11:14:28.455 [main] INFO  c.d.T.TelegramBotDexsysApplication - Started TelegramBotDexsysApplication in 6.042 seconds (JVM running for 6.746)
11:14:54.065 [main] INFO  c.d.T.TelegramBotDexsysApplication - Starting TelegramBotDexsysApplication on Alex-PC with PID 13060 (D:\TelegramBotDexsys\target\classes started by Alex in D:\TelegramBotDexsys)
11:14:54.069 [main] INFO  c.d.T.TelegramBotDexsysApplication - No active profile set, falling back to default profiles: default
11:14:59.787 [main] INFO  c.d.T.TelegramBotDexsysApplication - Started TelegramBotDexsysApplication in 6.212 seconds (JVM running for 6.939)
11:16:05.158 [main] INFO  c.d.T.TelegramBotDexsysApplication - Starting TelegramBotDexsysApplication on Alex-PC with PID 13012 (D:\TelegramBotDexsys\target\classes started by Alex in D:\TelegramBotDexsys)
11:16:05.161 [main] INFO  c.d.T.TelegramBotDexsysApplication - No active profile set, falling back to default profiles: default
11:16:11.010 [main] INFO  c.d.T.TelegramBotDexsysApplication - Started TelegramBotDexsysApplication in 6.366 seconds (JVM running for 7.106)
11:21:53.103 [main] INFO  c.d.T.TelegramBotDexsysApplication - Starting TelegramBotDexsysApplication on Alex-PC with PID 13100 (D:\TelegramBotDexsys\target\classes started by Alex in D:\TelegramBotDexsys)
11:21:53.106 [main] INFO  c.d.T.TelegramBotDexsysApplication - No active profile set, falling back to default profiles: default
11:21:59.270 [main] INFO  c.d.T.TelegramBotDexsysApplication - Started TelegramBotDexsysApplication in 6.793 seconds (JVM running for 7.518)
11:22:55.808 [main] INFO  c.d.T.TelegramBotDexsysApplication - Starting TelegramBotDexsysApplication on Alex-PC with PID 8396 (D:\TelegramBotDexsys\target\classes started by Alex in D:\TelegramBotDexsys)
11:22:55.812 [main] INFO  c.d.T.TelegramBotDexsysApplication - No active profile set, falling back to default profiles: default
11:23:01.242 [main] INFO  c.d.T.TelegramBotDexsysApplication - Started TelegramBotDexsysApplication in 6.016 seconds (JVM running for 6.739)
11:25:54.521 [main] INFO  c.d.T.TelegramBotDexsysApplication - Starting TelegramBotDexsysApplication on Alex-PC with PID 13244 (D:\TelegramBotDexsys\target\classes started by Alex in D:\TelegramBotDexsys)
11:25:54.524 [main] INFO  c.d.T.TelegramBotDexsysApplication - No active profile set, falling back to default profiles: default
11:26:00.453 [main] INFO  c.d.T.TelegramBotDexsysApplication - Started TelegramBotDexsysApplication in 6.381 seconds (JVM running for 7.215)
11:29:08.129 [main] INFO  c.d.T.TelegramBotDexsysApplication - Starting TelegramBotDexsysApplication on Alex-PC with PID 4532 (D:\TelegramBotDexsys\target\classes started by Alex in D:\TelegramBotDexsys)
11:29:08.132 [main] INFO  c.d.T.TelegramBotDexsysApplication - No active profile set, falling back to default profiles: default
11:29:13.868 [main] INFO  c.d.T.TelegramBotDexsysApplication - Started TelegramBotDexsysApplication in 6.219 seconds (JVM running for 6.926)
11:30:45.857 [main] INFO  c.d.T.TelegramBotDexsysApplication - Starting TelegramBotDexsysApplication on Alex-PC with PID 12072 (D:\TelegramBotDexsys\target\classes started by Alex in D:\TelegramBotDexsys)
11:30:45.861 [main] INFO  c.d.T.TelegramBotDexsysApplication - No active profile set, falling back to default profiles: default
11:30:51.701 [main] INFO  c.d.T.TelegramBotDexsysApplication - Started TelegramBotDexsysApplication in 6.497 seconds (JVM running for 7.231)
11:32:02.546 [main] INFO  c.d.T.TelegramBotDexsysApplication - Starting TelegramBotDexsysApplication on Alex-PC with PID 10076 (D:\TelegramBotDexsys\target\classes started by Alex in D:\TelegramBotDexsys)
11:32:02.550 [main] INFO  c.d.T.TelegramBotDexsysApplication - No active profile set, falling back to default profiles: default
11:32:08.280 [main] INFO  c.d.T.TelegramBotDexsysApplication - Started TelegramBotDexsysApplication in 6.174 seconds (JVM running for 6.855)
11:34:41.963 [main] INFO  c.d.T.TelegramBotDexsysApplication - Starting TelegramBotDexsysApplication on Alex-PC with PID 9300 (D:\TelegramBotDexsys\target\classes started by Alex in D:\TelegramBotDexsys)
11:34:41.966 [main] INFO  c.d.T.TelegramBotDexsysApplication - No active profile set, falling back to default profiles: default
11:34:47.608 [main] INFO  c.d.T.TelegramBotDexsysApplication - Started TelegramBotDexsysApplication in 6.266 seconds (JVM running for 7.101)
11:37:25.842 [main] INFO  c.d.T.TelegramBotDexsysApplication - Starting TelegramBotDexsysApplication on Alex-PC with PID 12308 (D:\TelegramBotDexsys\target\classes started by Alex in D:\TelegramBotDexsys)
11:37:25.845 [main] INFO  c.d.T.TelegramBotDexsysApplication - No active profile set, falling back to default profiles: default
11:37:31.363 [main] INFO  c.d.T.TelegramBotDexsysApplication - Started TelegramBotDexsysApplication in 6.284 seconds (JVM running for 7.287)
11:40:40.965 [main] INFO  c.d.T.TelegramBotDexsysApplication - Starting TelegramBotDexsysApplication on Alex-PC with PID 12620 (D:\TelegramBotDexsys\target\classes started by Alex in D:\TelegramBotDexsys)
11:40:40.968 [main] INFO  c.d.T.TelegramBotDexsysApplication - No active profile set, falling back to default profiles: default
11:40:47.443 [main] INFO  c.d.T.TelegramBotDexsysApplication - Started TelegramBotDexsysApplication in 6.956 seconds (JVM running for 7.754)
11:42:14.762 [main] INFO  c.d.T.TelegramBotDexsysApplication - Starting TelegramBotDexsysApplication on Alex-PC with PID 13156 (D:\TelegramBotDexsys\target\classes started by Alex in D:\TelegramBotDexsys)
11:42:14.765 [main] INFO  c.d.T.TelegramBotDexsysApplication - No active profile set, falling back to default profiles: default
11:42:20.748 [main] INFO  c.d.T.TelegramBotDexsysApplication - Started TelegramBotDexsysApplication in 6.56 seconds (JVM running for 7.285)
11:45:03.762 [main] INFO  c.d.T.TelegramBotDexsysApplication - Starting TelegramBotDexsysApplication on Alex-PC with PID 12704 (D:\TelegramBotDexsys\target\classes started by Alex in D:\TelegramBotDexsys)
11:45:03.765 [main] INFO  c.d.T.TelegramBotDexsysApplication - No active profile set, falling back to default profiles: default
11:45:09.420 [main] INFO  c.d.T.TelegramBotDexsysApplication - Started TelegramBotDexsysApplication in 6.173 seconds (JVM running for 6.868)
11:49:44.917 [main] INFO  c.d.T.TelegramBotDexsysApplication - Starting TelegramBotDexsysApplication on Alex-PC with PID 9612 (D:\TelegramBotDexsys\target\classes started by Alex in D:\TelegramBotDexsys)
11:49:44.920 [main] INFO  c.d.T.TelegramBotDexsysApplication - No active profile set, falling back to default profiles: default
11:49:50.871 [main] INFO  c.d.T.TelegramBotDexsysApplication - Started TelegramBotDexsysApplication in 6.41 seconds (JVM running for 7.239)
11:52:03.343 [main] INFO  c.d.T.TelegramBotDexsysApplication - Starting TelegramBotDexsysApplication on Alex-PC with PID 6660 (D:\TelegramBotDexsys\target\classes started by Alex in D:\TelegramBotDexsys)
11:52:03.351 [main] INFO  c.d.T.TelegramBotDexsysApplication - No active profile set, falling back to default profiles: default
11:52:09.110 [main] INFO  c.d.T.TelegramBotDexsysApplication - Started TelegramBotDexsysApplication in 6.343 seconds (JVM running for 7.074)
11:58:33.184 [main] INFO  c.d.T.TelegramBotDexsysApplication - Starting TelegramBotDexsysApplication on Alex-PC with PID 12720 (D:\TelegramBotDexsys\target\classes started by Alex in D:\TelegramBotDexsys)
11:58:33.189 [main] INFO  c.d.T.TelegramBotDexsysApplication - No active profile set, falling back to default profiles: default
11:58:38.994 [main] INFO  c.d.T.TelegramBotDexsysApplication - Started TelegramBotDexsysApplication in 6.293 seconds (JVM running for 7.019)
12:00:55.664 [main] INFO  c.d.T.TelegramBotDexsysApplication - Starting TelegramBotDexsysApplication on Alex-PC with PID 12804 (D:\TelegramBotDexsys\target\classes started by Alex in D:\TelegramBotDexsys)
12:00:55.670 [main] INFO  c.d.T.TelegramBotDexsysApplication - No active profile set, falling back to default profiles: default
12:01:01.551 [main] INFO  c.d.T.TelegramBotDexsysApplication - Started TelegramBotDexsysApplication in 6.447 seconds (JVM running for 7.222)
12:19:11.275 [main] INFO  c.d.T.TelegramBotDexsysApplication - Starting TelegramBotDexsysApplication on Alex-PC with PID 12680 (D:\TelegramBotDexsys\target\classes started by Alex in D:\TelegramBotDexsys)
12:19:11.278 [main] INFO  c.d.T.TelegramBotDexsysApplication - No active profile set, falling back to default profiles: default
12:19:17.715 [main] INFO  c.d.T.TelegramBotDexsysApplication - Started TelegramBotDexsysApplication in 6.861 seconds (JVM running for 7.588)
12:24:00.804 [main] INFO  c.d.T.TelegramBotDexsysApplication - Starting TelegramBotDexsysApplication on Alex-PC with PID 10472 (D:\TelegramBotDexsys\target\classes started by Alex in D:\TelegramBotDexsys)
12:24:00.808 [main] INFO  c.d.T.TelegramBotDexsysApplication - No active profile set, falling back to default profiles: default
12:24:06.764 [main] INFO  c.d.T.TelegramBotDexsysApplication - Started TelegramBotDexsysApplication in 6.744 seconds (JVM running for 7.47)
12:28:31.129 [main] INFO  c.d.T.TelegramBotDexsysApplication - Starting TelegramBotDexsysApplication on Alex-PC with PID 9376 (D:\TelegramBotDexsys\target\classes started by Alex in D:\TelegramBotDexsys)
12:28:31.132 [main] INFO  c.d.T.TelegramBotDexsysApplication - No active profile set, falling back to default profiles: default
12:28:37.413 [main] INFO  c.d.T.TelegramBotDexsysApplication - Started TelegramBotDexsysApplication in 6.755 seconds (JVM running for 7.48)
12:30:03.737 [main] INFO  c.d.T.TelegramBotDexsysApplication - Starting TelegramBotDexsysApplication on Alex-PC with PID 13204 (D:\TelegramBotDexsys\target\classes started by Alex in D:\TelegramBotDexsys)
12:30:03.747 [main] INFO  c.d.T.TelegramBotDexsysApplication - No active profile set, falling back to default profiles: default
12:30:09.709 [main] INFO  c.d.T.TelegramBotDexsysApplication - Started TelegramBotDexsysApplication in 6.421 seconds (JVM running for 7.179)
12:53:04.650 [main] INFO  c.d.T.TelegramBotDexsysApplication - Starting TelegramBotDexsysApplication on Alex-PC with PID 12060 (D:\TelegramBotDexsys\target\classes started by Alex in D:\TelegramBotDexsys)
12:53:04.666 [main] INFO  c.d.T.TelegramBotDexsysApplication - No active profile set, falling back to default profiles: default
12:53:12.602 [main] INFO  c.d.T.TelegramBotDexsysApplication - Started TelegramBotDexsysApplication in 8.528 seconds (JVM running for 9.32)
12:58:10.036 [main] INFO  c.d.T.TelegramBotDexsysApplication - Starting TelegramBotDexsysApplication on Alex-PC with PID 11656 (D:\TelegramBotDexsys\target\classes started by Alex in D:\TelegramBotDexsys)
12:58:10.039 [main] INFO  c.d.T.TelegramBotDexsysApplication - No active profile set, falling back to default profiles: default
12:58:15.827 [main] INFO  c.d.T.TelegramBotDexsysApplication - Started TelegramBotDexsysApplication in 6.22 seconds (JVM running for 6.903)
12:59:12.763 [main] INFO  c.d.T.TelegramBotDexsysApplication - Starting TelegramBotDexsysApplication on Alex-PC with PID 10836 (D:\TelegramBotDexsys\target\classes started by Alex in D:\TelegramBotDexsys)
12:59:12.766 [main] INFO  c.d.T.TelegramBotDexsysApplication - No active profile set, falling back to default profiles: default
12:59:18.552 [main] INFO  c.d.T.TelegramBotDexsysApplication - Started TelegramBotDexsysApplication in 6.229 seconds (JVM running for 6.951)
13:01:40.503 [main] INFO  c.d.T.TelegramBotDexsysApplication - Starting TelegramBotDexsysApplication on Alex-PC with PID 12772 (D:\TelegramBotDexsys\target\classes started by Alex in D:\TelegramBotDexsys)
13:01:40.507 [main] INFO  c.d.T.TelegramBotDexsysApplication - No active profile set, falling back to default profiles: default
13:01:46.410 [main] INFO  c.d.T.TelegramBotDexsysApplication - Started TelegramBotDexsysApplication in 6.315 seconds (JVM running for 7.111)
13:03:24.399 [main] INFO  c.d.T.TelegramBotDexsysApplication - Starting TelegramBotDexsysApplication on Alex-PC with PID 10024 (D:\TelegramBotDexsys\target\classes started by Alex in D:\TelegramBotDexsys)
13:03:24.402 [main] INFO  c.d.T.TelegramBotDexsysApplication - No active profile set, falling back to default profiles: default
13:03:30.717 [main] INFO  c.d.T.TelegramBotDexsysApplication - Started TelegramBotDexsysApplication in 6.794 seconds (JVM running for 7.562)
13:08:36.964 [main] INFO  c.d.T.TelegramBotDexsysApplication - Starting TelegramBotDexsysApplication on Alex-PC with PID 12016 (D:\TelegramBotDexsys\target\classes started by Alex in D:\TelegramBotDexsys)
13:08:36.967 [main] INFO  c.d.T.TelegramBotDexsysApplication - No active profile set, falling back to default profiles: default
13:08:42.732 [main] INFO  c.d.T.TelegramBotDexsysApplication - Started TelegramBotDexsysApplication in 6.239 seconds (JVM running for 6.977)
13:11:42.465 [main] INFO  c.d.T.TelegramBotDexsysApplication - Starting TelegramBotDexsysApplication on Alex-PC with PID 8512 (D:\TelegramBotDexsys\target\classes started by Alex in D:\TelegramBotDexsys)
13:11:42.471 [main] INFO  c.d.T.TelegramBotDexsysApplication - No active profile set, falling back to default profiles: default
13:11:48.365 [main] INFO  c.d.T.TelegramBotDexsysApplication - Started TelegramBotDexsysApplication in 6.462 seconds (JVM running for 7.207)
13:13:43.256 [main] INFO  c.d.T.TelegramBotDexsysApplication - Starting TelegramBotDexsysApplication on Alex-PC with PID 10864 (D:\TelegramBotDexsys\target\classes started by Alex in D:\TelegramBotDexsys)
13:13:43.259 [main] INFO  c.d.T.TelegramBotDexsysApplication - No active profile set, falling back to default profiles: default
13:13:49.115 [main] INFO  c.d.T.TelegramBotDexsysApplication - Started TelegramBotDexsysApplication in 6.269 seconds (JVM running for 6.974)
13:18:54.451 [main] INFO  c.d.T.TelegramBotDexsysApplication - Starting TelegramBotDexsysApplication on Alex-PC with PID 10612 (D:\TelegramBotDexsys\target\classes started by Alex in D:\TelegramBotDexsys)
13:18:54.454 [main] INFO  c.d.T.TelegramBotDexsysApplication - No active profile set, falling back to default profiles: default
13:19:00.636 [main] INFO  c.d.T.TelegramBotDexsysApplication - Started TelegramBotDexsysApplication in 6.625 seconds (JVM running for 7.338)
13:30:46.002 [main] INFO  c.d.T.TelegramBotDexsysApplication - Starting TelegramBotDexsysApplication on Alex-PC with PID 10440 (D:\TelegramBotDexsys\target\classes started by Alex in D:\TelegramBotDexsys)
13:30:46.011 [main] INFO  c.d.T.TelegramBotDexsysApplication - No active profile set, falling back to default profiles: default
13:30:52.976 [main] INFO  c.d.T.TelegramBotDexsysApplication - Started TelegramBotDexsysApplication in 7.448 seconds (JVM running for 8.16)
13:33:24.194 [main] INFO  c.d.T.TelegramBotDexsysApplication - Starting TelegramBotDexsysApplication on Alex-PC with PID 11084 (D:\TelegramBotDexsys\target\classes started by Alex in D:\TelegramBotDexsys)
13:33:24.198 [main] INFO  c.d.T.TelegramBotDexsysApplication - No active profile set, falling back to default profiles: default
13:33:29.865 [main] INFO  c.d.T.TelegramBotDexsysApplication - Started TelegramBotDexsysApplication in 6.17 seconds (JVM running for 6.906)
13:34:11.885 [main] INFO  c.d.T.TelegramBotDexsysApplication - Starting TelegramBotDexsysApplication on Alex-PC with PID 13028 (D:\TelegramBotDexsys\target\classes started by Alex in D:\TelegramBotDexsys)
13:34:11.889 [main] INFO  c.d.T.TelegramBotDexsysApplication - No active profile set, falling back to default profiles: default
13:34:17.612 [main] INFO  c.d.T.TelegramBotDexsysApplication - Started TelegramBotDexsysApplication in 6.18 seconds (JVM running for 6.886)
13:39:34.916 [main] INFO  c.d.T.TelegramBotDexsysApplication - Starting TelegramBotDexsysApplication on Alex-PC with PID 2408 (D:\TelegramBotDexsys\target\classes started by Alex in D:\TelegramBotDexsys)
13:39:34.919 [main] INFO  c.d.T.TelegramBotDexsysApplication - No active profile set, falling back to default profiles: default
13:39:40.546 [main] INFO  c.d.T.TelegramBotDexsysApplication - Started TelegramBotDexsysApplication in 6.107 seconds (JVM running for 6.829)
13:42:17.911 [main] INFO  c.d.T.TelegramBotDexsysApplication - Starting TelegramBotDexsysApplication on Alex-PC with PID 4840 (D:\TelegramBotDexsys\target\classes started by Alex in D:\TelegramBotDexsys)
13:42:17.916 [main] INFO  c.d.T.TelegramBotDexsysApplication - No active profile set, falling back to default profiles: default
13:42:23.973 [main] INFO  c.d.T.TelegramBotDexsysApplication - Started TelegramBotDexsysApplication in 6.553 seconds (JVM running for 7.275)
13:50:52.337 [main] INFO  c.d.T.TelegramBotDexsysApplication - Starting TelegramBotDexsysApplication on Alex-PC with PID 13256 (D:\TelegramBotDexsys\target\classes started by Alex in D:\TelegramBotDexsys)
13:50:52.344 [main] INFO  c.d.T.TelegramBotDexsysApplication - No active profile set, falling back to default profiles: default
13:50:58.153 [main] INFO  c.d.T.TelegramBotDexsysApplication - Started TelegramBotDexsysApplication in 6.336 seconds (JVM running for 7.056)
13:58:24.209 [main] INFO  c.d.T.TelegramBotDexsysApplication - Starting TelegramBotDexsysApplication on Alex-PC with PID 11828 (D:\TelegramBotDexsys\target\classes started by Alex in D:\TelegramBotDexsys)
13:58:24.214 [main] INFO  c.d.T.TelegramBotDexsysApplication - No active profile set, falling back to default profiles: default
13:58:34.228 [main] INFO  c.d.T.TelegramBotDexsysApplication - Started TelegramBotDexsysApplication in 10.541 seconds (JVM running for 11.232)
13:59:38.100 [main] INFO  c.d.T.TelegramBotDexsysApplication - Starting TelegramBotDexsysApplication on Alex-PC with PID 13128 (D:\TelegramBotDexsys\target\classes started by Alex in D:\TelegramBotDexsys)
13:59:38.103 [main] INFO  c.d.T.TelegramBotDexsysApplication - No active profile set, falling back to default profiles: default
13:59:43.480 [main] INFO  c.d.T.TelegramBotDexsysApplication - Started TelegramBotDexsysApplication in 5.852 seconds (JVM running for 6.576)
14:00:33.236 [main] INFO  c.d.T.TelegramBotDexsysApplication - Starting TelegramBotDexsysApplication on Alex-PC with PID 12688 (D:\TelegramBotDexsys\target\classes started by Alex in D:\TelegramBotDexsys)
14:00:33.239 [main] INFO  c.d.T.TelegramBotDexsysApplication - No active profile set, falling back to default profiles: default
14:00:39.174 [main] INFO  c.d.T.TelegramBotDexsysApplication - Started TelegramBotDexsysApplication in 6.476 seconds (JVM running for 7.193)
14:00:52.032 [main] INFO  c.d.T.TelegramBotDexsysApplication - Starting TelegramBotDexsysApplication on Alex-PC with PID 2092 (D:\TelegramBotDexsys\target\classes started by Alex in D:\TelegramBotDexsys)
14:00:52.035 [main] INFO  c.d.T.TelegramBotDexsysApplication - No active profile set, falling back to default profiles: default
14:00:57.579 [main] INFO  c.d.T.TelegramBotDexsysApplication - Started TelegramBotDexsysApplication in 6.038 seconds (JVM running for 6.817)
14:26:18.181 [main] INFO  c.d.T.TelegramBotDexsysApplication - Starting TelegramBotDexsysApplication on Alex-PC with PID 12008 (D:\TelegramBotDexsys\target\classes started by Alex in D:\TelegramBotDexsys)
14:26:18.184 [main] INFO  c.d.T.TelegramBotDexsysApplication - No active profile set, falling back to default profiles: default
14:26:24.821 [main] INFO  c.d.T.TelegramBotDexsysApplication - Started TelegramBotDexsysApplication in 7.083 seconds (JVM running for 8.058)
14:27:48.299 [main] INFO  c.d.T.TelegramBotDexsysApplication - Starting TelegramBotDexsysApplication on Alex-PC with PID 9660 (D:\TelegramBotDexsys\target\classes started by Alex in D:\TelegramBotDexsys)
14:27:48.302 [main] INFO  c.d.T.TelegramBotDexsysApplication - No active profile set, falling back to default profiles: default
14:27:55.351 [main] INFO  c.d.T.TelegramBotDexsysApplication - Started TelegramBotDexsysApplication in 7.638 seconds (JVM running for 8.557)
14:30:01.174 [main] INFO  c.d.T.TelegramBotDexsysApplication - Starting TelegramBotDexsysApplication on Alex-PC with PID 8820 (D:\TelegramBotDexsys\target\classes started by Alex in D:\TelegramBotDexsys)
14:30:01.179 [main] INFO  c.d.T.TelegramBotDexsysApplication - No active profile set, falling back to default profiles: default
14:30:07.771 [main] INFO  c.d.T.TelegramBotDexsysApplication - Started TelegramBotDexsysApplication in 7.114 seconds (JVM running for 7.879)
14:32:12.263 [main] INFO  c.d.T.TelegramBotDexsysApplication - Starting TelegramBotDexsysApplication on Alex-PC with PID 12920 (D:\TelegramBotDexsys\target\classes started by Alex in D:\TelegramBotDexsys)
14:32:12.267 [main] INFO  c.d.T.TelegramBotDexsysApplication - No active profile set, falling back to default profiles: default
14:32:18.462 [main] INFO  c.d.T.TelegramBotDexsysApplication - Started TelegramBotDexsysApplication in 6.734 seconds (JVM running for 7.637)
14:34:20.403 [main] INFO  c.d.T.TelegramBotDexsysApplication - Starting TelegramBotDexsysApplication on Alex-PC with PID 8400 (D:\TelegramBotDexsys\target\classes started by Alex in D:\TelegramBotDexsys)
14:34:20.407 [main] INFO  c.d.T.TelegramBotDexsysApplication - No active profile set, falling back to default profiles: default
14:34:27.278 [main] INFO  c.d.T.TelegramBotDexsysApplication - Started TelegramBotDexsysApplication in 7.431 seconds (JVM running for 8.52)
14:35:41.410 [main] INFO  c.d.T.TelegramBotDexsysApplication - Starting TelegramBotDexsysApplication on Alex-PC with PID 13176 (D:\TelegramBotDexsys\target\classes started by Alex in D:\TelegramBotDexsys)
14:35:41.423 [main] INFO  c.d.T.TelegramBotDexsysApplication - No active profile set, falling back to default profiles: default
14:35:47.835 [main] INFO  c.d.T.TelegramBotDexsysApplication - Started TelegramBotDexsysApplication in 6.987 seconds (JVM running for 7.867)
14:37:15.345 [main] INFO  c.d.T.TelegramBotDexsysApplication - Starting TelegramBotDexsysApplication on Alex-PC with PID 9740 (D:\TelegramBotDexsys\target\classes started by Alex in D:\TelegramBotDexsys)
14:37:15.349 [main] INFO  c.d.T.TelegramBotDexsysApplication - No active profile set, falling back to default profiles: default
14:40:16.458 [main] INFO  c.d.T.TelegramBotDexsysApplication - Starting TelegramBotDexsysApplication on Alex-PC with PID 11432 (D:\TelegramBotDexsys\target\classes started by Alex in D:\TelegramBotDexsys)
14:40:16.461 [main] INFO  c.d.T.TelegramBotDexsysApplication - No active profile set, falling back to default profiles: default
14:40:39.764 [main] INFO  c.d.T.TelegramBotDexsysApplication - Starting TelegramBotDexsysApplication on Alex-PC with PID 9972 (D:\TelegramBotDexsys\target\classes started by Alex in D:\TelegramBotDexsys)
14:40:39.767 [main] INFO  c.d.T.TelegramBotDexsysApplication - No active profile set, falling back to default profiles: default
14:41:12.048 [main] INFO  c.d.T.TelegramBotDexsysApplication - Starting TelegramBotDexsysApplication on Alex-PC with PID 11320 (D:\TelegramBotDexsys\target\classes started by Alex in D:\TelegramBotDexsys)
14:41:12.093 [main] INFO  c.d.T.TelegramBotDexsysApplication - No active profile set, falling back to default profiles: default
14:41:17.866 [main] INFO  c.d.T.TelegramBotDexsysApplication - Started TelegramBotDexsysApplication in 6.298 seconds (JVM running for 7.068)
14:43:16.391 [main] INFO  c.d.T.TelegramBotDexsysApplication - Starting TelegramBotDexsysApplication on Alex-PC with PID 8256 (D:\TelegramBotDexsys\target\classes started by Alex in D:\TelegramBotDexsys)
14:43:16.396 [main] INFO  c.d.T.TelegramBotDexsysApplication - No active profile set, falling back to default profiles: default
14:43:22.623 [main] INFO  c.d.T.TelegramBotDexsysApplication - Started TelegramBotDexsysApplication in 6.709 seconds (JVM running for 7.51)
14:43:55.813 [main] INFO  c.d.T.TelegramBotDexsysApplication - Starting TelegramBotDexsysApplication on Alex-PC with PID 12528 (D:\TelegramBotDexsys\target\classes started by Alex in D:\TelegramBotDexsys)
14:43:55.816 [main] INFO  c.d.T.TelegramBotDexsysApplication - No active profile set, falling back to default profiles: default
14:44:02.775 [main] INFO  c.d.T.TelegramBotDexsysApplication - Started TelegramBotDexsysApplication in 7.548 seconds (JVM running for 8.412)
14:44:31.912 [main] INFO  c.d.T.TelegramBotDexsysApplication - Starting TelegramBotDexsysApplication on Alex-PC with PID 13004 (D:\TelegramBotDexsys\target\classes started by Alex in D:\TelegramBotDexsys)
14:44:31.915 [main] INFO  c.d.T.TelegramBotDexsysApplication - No active profile set, falling back to default profiles: default
14:44:37.568 [main] INFO  c.d.T.TelegramBotDexsysApplication - Started TelegramBotDexsysApplication in 6.21 seconds (JVM running for 6.969)
14:47:05.400 [main] INFO  c.d.T.TelegramBotDexsysApplication - Starting TelegramBotDexsysApplication on Alex-PC with PID 8848 (D:\TelegramBotDexsys\target\classes started by Alex in D:\TelegramBotDexsys)
14:47:05.403 [main] INFO  c.d.T.TelegramBotDexsysApplication - No active profile set, falling back to default profiles: default
14:47:10.968 [main] INFO  c.d.T.TelegramBotDexsysApplication - Started TelegramBotDexsysApplication in 6.339 seconds (JVM running for 7.061)
14:48:27.051 [main] INFO  c.d.T.TelegramBotDexsysApplication - Starting TelegramBotDexsysApplication on Alex-PC with PID 12844 (D:\TelegramBotDexsys\target\classes started by Alex in D:\TelegramBotDexsys)
14:48:27.054 [main] INFO  c.d.T.TelegramBotDexsysApplication - No active profile set, falling back to default profiles: default
14:48:33.041 [main] INFO  c.d.T.TelegramBotDexsysApplication - Started TelegramBotDexsysApplication in 6.409 seconds (JVM running for 7.125)
14:49:07.542 [main] INFO  c.d.T.TelegramBotDexsysApplication - Starting TelegramBotDexsysApplication on Alex-PC with PID 13276 (D:\TelegramBotDexsys\target\classes started by Alex in D:\TelegramBotDexsys)
14:49:07.545 [main] INFO  c.d.T.TelegramBotDexsysApplication - No active profile set, falling back to default profiles: default
14:49:14.937 [main] INFO  c.d.T.TelegramBotDexsysApplication - Started TelegramBotDexsysApplication in 7.96 seconds (JVM running for 8.916)
14:52:27.647 [main] INFO  c.d.T.TelegramBotDexsysApplication - Starting TelegramBotDexsysApplication on Alex-PC with PID 12144 (D:\TelegramBotDexsys\target\classes started by Alex in D:\TelegramBotDexsys)
14:52:27.650 [main] INFO  c.d.T.TelegramBotDexsysApplication - No active profile set, falling back to default profiles: default
14:52:33.799 [main] INFO  c.d.T.TelegramBotDexsysApplication - Started TelegramBotDexsysApplication in 6.599 seconds (JVM running for 7.366)
14:53:17.426 [main] INFO  c.d.T.TelegramBotDexsysApplication - Starting TelegramBotDexsysApplication on Alex-PC with PID 13288 (D:\TelegramBotDexsys\target\classes started by Alex in D:\TelegramBotDexsys)
14:53:17.430 [main] INFO  c.d.T.TelegramBotDexsysApplication - No active profile set, falling back to default profiles: default
14:53:24.217 [main] INFO  c.d.T.TelegramBotDexsysApplication - Started TelegramBotDexsysApplication in 7.208 seconds (JVM running for 7.953)
14:54:39.411 [main] INFO  c.d.T.TelegramBotDexsysApplication - Starting TelegramBotDexsysApplication on Alex-PC with PID 10572 (D:\TelegramBotDexsys\target\classes started by Alex in D:\TelegramBotDexsys)
14:54:39.420 [main] INFO  c.d.T.TelegramBotDexsysApplication - No active profile set, falling back to default profiles: default
14:54:45.289 [main] INFO  c.d.T.TelegramBotDexsysApplication - Started TelegramBotDexsysApplication in 6.324 seconds (JVM running for 7.095)
14:55:05.583 [main] INFO  c.d.T.TelegramBotDexsysApplication - Starting TelegramBotDexsysApplication on Alex-PC with PID 9064 (D:\TelegramBotDexsys\target\classes started by Alex in D:\TelegramBotDexsys)
14:55:05.602 [main] INFO  c.d.T.TelegramBotDexsysApplication - No active profile set, falling back to default profiles: default
14:55:11.900 [main] INFO  c.d.T.TelegramBotDexsysApplication - Started TelegramBotDexsysApplication in 6.845 seconds (JVM running for 7.523)
16:06:08.217 [main] INFO  c.d.T.TelegramBotDexsysApplication - Starting TelegramBotDexsysApplication on Alex-PC with PID 12100 (D:\TelegramBotDexsys\target\classes started by Alex in D:\TelegramBotDexsys)
16:06:08.238 [main] INFO  c.d.T.TelegramBotDexsysApplication - No active profile set, falling back to default profiles: default
16:07:21.956 [main] INFO  c.d.T.TelegramBotDexsysApplication - Starting TelegramBotDexsysApplication on Alex-PC with PID 12252 (D:\TelegramBotDexsys\target\classes started by Alex in D:\TelegramBotDexsys)
16:07:21.958 [main] INFO  c.d.T.TelegramBotDexsysApplication - No active profile set, falling back to default profiles: default
16:08:32.139 [main] INFO  c.d.T.TelegramBotDexsysApplication - Starting TelegramBotDexsysApplication on Alex-PC with PID 4840 (D:\TelegramBotDexsys\target\classes started by Alex in D:\TelegramBotDexsys)
16:08:32.142 [main] INFO  c.d.T.TelegramBotDexsysApplication - No active profile set, falling back to default profiles: default
16:09:40.737 [main] INFO  c.d.T.TelegramBotDexsysApplication - Starting TelegramBotDexsysApplication on Alex-PC with PID 10216 (D:\TelegramBotDexsys\target\classes started by Alex in D:\TelegramBotDexsys)
16:09:40.740 [main] INFO  c.d.T.TelegramBotDexsysApplication - No active profile set, falling back to default profiles: default
16:09:47.121 [main] INFO  c.d.T.TelegramBotDexsysApplication - Started TelegramBotDexsysApplication in 6.862 seconds (JVM running for 7.661)
16:12:39.929 [main] INFO  c.d.T.TelegramBotDexsysApplication - Starting TelegramBotDexsysApplication on Alex-PC with PID 6228 (D:\TelegramBotDexsys\target\classes started by Alex in D:\TelegramBotDexsys)
16:12:39.932 [main] INFO  c.d.T.TelegramBotDexsysApplication - No active profile set, falling back to default profiles: default
16:12:45.485 [main] INFO  c.d.T.TelegramBotDexsysApplication - Started TelegramBotDexsysApplication in 6.173 seconds (JVM running for 6.925)
16:14:15.727 [main] INFO  c.d.T.TelegramBotDexsysApplication - Starting TelegramBotDexsysApplication on Alex-PC with PID 12192 (D:\TelegramBotDexsys\target\classes started by Alex in D:\TelegramBotDexsys)
16:14:15.731 [main] INFO  c.d.T.TelegramBotDexsysApplication - No active profile set, falling back to default profiles: default
16:14:21.589 [main] INFO  c.d.T.TelegramBotDexsysApplication - Started TelegramBotDexsysApplication in 6.35 seconds (JVM running for 7.045)
16:15:51.363 [main] INFO  c.d.T.TelegramBotDexsysApplication - Starting TelegramBotDexsysApplication on Alex-PC with PID 11568 (D:\TelegramBotDexsys\target\classes started by Alex in D:\TelegramBotDexsys)
16:15:51.369 [main] INFO  c.d.T.TelegramBotDexsysApplication - No active profile set, falling back to default profiles: default
16:15:57.253 [main] INFO  c.d.T.TelegramBotDexsysApplication - Started TelegramBotDexsysApplication in 6.378 seconds (JVM running for 7.113)
16:16:56.738 [main] INFO  c.d.T.TelegramBotDexsysApplication - Starting TelegramBotDexsysApplication on Alex-PC with PID 11392 (D:\TelegramBotDexsys\target\classes started by Alex in D:\TelegramBotDexsys)
16:16:56.741 [main] INFO  c.d.T.TelegramBotDexsysApplication - No active profile set, falling back to default profiles: default
16:17:02.808 [main] INFO  c.d.T.TelegramBotDexsysApplication - Started TelegramBotDexsysApplication in 6.52 seconds (JVM running for 7.266)
16:17:30.442 [main] INFO  c.d.T.TelegramBotDexsysApplication - Starting TelegramBotDexsysApplication on Alex-PC with PID 9588 (D:\TelegramBotDexsys\target\classes started by Alex in D:\TelegramBotDexsys)
16:17:30.498 [main] INFO  c.d.T.TelegramBotDexsysApplication - No active profile set, falling back to default profiles: default
16:17:36.268 [main] INFO  c.d.T.TelegramBotDexsysApplication - Started TelegramBotDexsysApplication in 6.451 seconds (JVM running for 7.268)
16:22:14.079 [main] INFO  c.d.T.TelegramBotDexsysApplication - Starting TelegramBotDexsysApplication on Alex-PC with PID 12144 (D:\TelegramBotDexsys\target\classes started by Alex in D:\TelegramBotDexsys)
16:22:14.084 [main] INFO  c.d.T.TelegramBotDexsysApplication - No active profile set, falling back to default profiles: default
16:22:20.275 [main] INFO  c.d.T.TelegramBotDexsysApplication - Started TelegramBotDexsysApplication in 7.044 seconds (JVM running for 7.957)
12:42:25.969 [main] INFO  c.d.T.TelegramBotDexsysApplication - Starting TelegramBotDexsysApplication on Alex-PC with PID 12464 (D:\TelegramBotDexsys\target\classes started by Alex in D:\TelegramBotDexsys)
12:42:26.011 [main] INFO  c.d.T.TelegramBotDexsysApplication - No active profile set, falling back to default profiles: default
12:42:34.771 [main] INFO  c.d.T.TelegramBotDexsysApplication - Started TelegramBotDexsysApplication in 9.661 seconds (JVM running for 11.847)
12:46:30.267 [main] INFO  c.d.T.TelegramBotDexsysApplication - Starting TelegramBotDexsysApplication on Alex-PC with PID 7984 (D:\TelegramBotDexsys\target\classes started by Alex in D:\TelegramBotDexsys)
12:46:30.274 [main] INFO  c.d.T.TelegramBotDexsysApplication - No active profile set, falling back to default profiles: default
12:47:08.998 [main] INFO  c.d.T.TelegramBotDexsysApplication - Starting TelegramBotDexsysApplication on Alex-PC with PID 12496 (D:\TelegramBotDexsys\target\classes started by Alex in D:\TelegramBotDexsys)
12:47:09.001 [main] INFO  c.d.T.TelegramBotDexsysApplication - No active profile set, falling back to default profiles: default
12:47:36.477 [main] INFO  c.d.T.TelegramBotDexsysApplication - Starting TelegramBotDexsysApplication on Alex-PC with PID 992 (D:\TelegramBotDexsys\target\classes started by Alex in D:\TelegramBotDexsys)
12:47:36.480 [main] INFO  c.d.T.TelegramBotDexsysApplication - No active profile set, falling back to default profiles: default
12:47:43.488 [main] INFO  c.d.T.TelegramBotDexsysApplication - Started TelegramBotDexsysApplication in 7.624 seconds (JVM running for 8.442)
12:48:41.394 [main] INFO  c.d.T.TelegramBotDexsysApplication - Starting TelegramBotDexsysApplication on Alex-PC with PID 12356 (D:\TelegramBotDexsys\target\classes started by Alex in D:\TelegramBotDexsys)
12:48:41.399 [main] INFO  c.d.T.TelegramBotDexsysApplication - No active profile set, falling back to default profiles: default
12:48:47.659 [main] INFO  c.d.T.TelegramBotDexsysApplication - Started TelegramBotDexsysApplication in 6.753 seconds (JVM running for 7.458)
12:49:59.567 [main] INFO  c.d.T.TelegramBotDexsysApplication - Starting TelegramBotDexsysApplication on Alex-PC with PID 12736 (D:\TelegramBotDexsys\target\classes started by Alex in D:\TelegramBotDexsys)
12:49:59.571 [main] INFO  c.d.T.TelegramBotDexsysApplication - No active profile set, falling back to default profiles: default
12:50:05.853 [main] INFO  c.d.T.TelegramBotDexsysApplication - Started TelegramBotDexsysApplication in 6.762 seconds (JVM running for 7.711)
12:50:37.817 [main] INFO  c.d.T.TelegramBotDexsysApplication - Starting TelegramBotDexsysApplication on Alex-PC with PID 8300 (D:\TelegramBotDexsys\target\classes started by Alex in D:\TelegramBotDexsys)
12:50:37.821 [main] INFO  c.d.T.TelegramBotDexsysApplication - No active profile set, falling back to default profiles: default
12:50:43.977 [main] INFO  c.d.T.TelegramBotDexsysApplication - Started TelegramBotDexsysApplication in 6.683 seconds (JVM running for 7.46)
12:51:05.817 [main] INFO  c.d.T.TelegramBotDexsysApplication - Starting TelegramBotDexsysApplication on Alex-PC with PID 9724 (D:\TelegramBotDexsys\target\classes started by Alex in D:\TelegramBotDexsys)
12:51:05.821 [main] INFO  c.d.T.TelegramBotDexsysApplication - No active profile set, falling back to default profiles: default
12:51:12.558 [main] INFO  c.d.T.TelegramBotDexsysApplication - Started TelegramBotDexsysApplication in 7.226 seconds (JVM running for 8.024)
12:54:49.299 [main] INFO  c.d.T.TelegramBotDexsysApplication - Starting TelegramBotDexsysApplication on Alex-PC with PID 10824 (D:\TelegramBotDexsys\target\classes started by Alex in D:\TelegramBotDexsys)
12:54:49.302 [main] INFO  c.d.T.TelegramBotDexsysApplication - No active profile set, falling back to default profiles: default
12:54:55.222 [main] INFO  c.d.T.TelegramBotDexsysApplication - Started TelegramBotDexsysApplication in 6.44 seconds (JVM running for 7.182)
12:56:12.499 [main] INFO  c.d.T.TelegramBotDexsysApplication - Starting TelegramBotDexsysApplication on Alex-PC with PID 8104 (D:\TelegramBotDexsys\target\classes started by Alex in D:\TelegramBotDexsys)
12:56:12.503 [main] INFO  c.d.T.TelegramBotDexsysApplication - No active profile set, falling back to default profiles: default
12:56:20.711 [main] INFO  c.d.T.TelegramBotDexsysApplication - Started TelegramBotDexsysApplication in 8.861 seconds (JVM running for 9.86)
12:59:16.729 [main] INFO  c.d.T.TelegramBotDexsysApplication - Starting TelegramBotDexsysApplication on Alex-PC with PID 9984 (D:\TelegramBotDexsys\target\classes started by Alex in D:\TelegramBotDexsys)
12:59:16.732 [main] INFO  c.d.T.TelegramBotDexsysApplication - No active profile set, falling back to default profiles: default
12:59:24.424 [main] INFO  c.d.T.TelegramBotDexsysApplication - Started TelegramBotDexsysApplication in 8.274 seconds (JVM running for 9.058)
13:02:19.930 [main] INFO  c.d.T.TelegramBotDexsysApplication - Starting TelegramBotDexsysApplication on Alex-PC with PID 12204 (D:\TelegramBotDexsys\target\classes started by Alex in D:\TelegramBotDexsys)
13:02:19.933 [main] INFO  c.d.T.TelegramBotDexsysApplication - No active profile set, falling back to default profiles: default
13:02:25.889 [main] INFO  c.d.T.TelegramBotDexsysApplication - Started TelegramBotDexsysApplication in 6.5 seconds (JVM running for 7.267)
13:03:02.327 [main] INFO  c.d.T.TelegramBotDexsysApplication - Starting TelegramBotDexsysApplication on Alex-PC with PID 7892 (D:\TelegramBotDexsys\target\classes started by Alex in D:\TelegramBotDexsys)
13:03:02.330 [main] INFO  c.d.T.TelegramBotDexsysApplication - No active profile set, falling back to default profiles: default
13:03:08.194 [main] INFO  c.d.T.TelegramBotDexsysApplication - Started TelegramBotDexsysApplication in 6.386 seconds (JVM running for 7.203)
13:04:00.308 [main] INFO  c.d.T.TelegramBotDexsysApplication - Starting TelegramBotDexsysApplication on Alex-PC with PID 13012 (D:\TelegramBotDexsys\target\classes started by Alex in D:\TelegramBotDexsys)
13:04:00.312 [main] INFO  c.d.T.TelegramBotDexsysApplication - No active profile set, falling back to default profiles: default
13:04:06.642 [main] INFO  c.d.T.TelegramBotDexsysApplication - Started TelegramBotDexsysApplication in 6.901 seconds (JVM running for 7.703)
13:04:32.429 [main] INFO  c.d.T.TelegramBotDexsysApplication - Starting TelegramBotDexsysApplication on Alex-PC with PID 12708 (D:\TelegramBotDexsys\target\classes started by Alex in D:\TelegramBotDexsys)
13:04:32.432 [main] INFO  c.d.T.TelegramBotDexsysApplication - No active profile set, falling back to default profiles: default
13:04:38.444 [main] INFO  c.d.T.TelegramBotDexsysApplication - Started TelegramBotDexsysApplication in 6.446 seconds (JVM running for 7.216)
13:11:21.490 [main] INFO  c.d.T.TelegramBotDexsysApplication - Starting TelegramBotDexsysApplication on Alex-PC with PID 10444 (D:\TelegramBotDexsys\target\classes started by Alex in D:\TelegramBotDexsys)
13:11:21.495 [main] INFO  c.d.T.TelegramBotDexsysApplication - No active profile set, falling back to default profiles: default
13:11:27.415 [main] INFO  c.d.T.TelegramBotDexsysApplication - Started TelegramBotDexsysApplication in 6.415 seconds (JVM running for 7.134)
13:13:05.057 [main] INFO  c.d.T.TelegramBotDexsysApplication - Starting TelegramBotDexsysApplication on Alex-PC with PID 12472 (D:\TelegramBotDexsys\target\classes started by Alex in D:\TelegramBotDexsys)
13:13:05.060 [main] INFO  c.d.T.TelegramBotDexsysApplication - No active profile set, falling back to default profiles: default
13:13:12.165 [main] INFO  c.d.T.TelegramBotDexsysApplication - Started TelegramBotDexsysApplication in 7.628 seconds (JVM running for 8.409)
13:15:04.354 [main] INFO  c.d.T.TelegramBotDexsysApplication - Starting TelegramBotDexsysApplication on Alex-PC with PID 12584 (D:\TelegramBotDexsys\target\classes started by Alex in D:\TelegramBotDexsys)
13:15:04.358 [main] INFO  c.d.T.TelegramBotDexsysApplication - No active profile set, falling back to default profiles: default
13:15:10.363 [main] INFO  c.d.T.TelegramBotDexsysApplication - Started TelegramBotDexsysApplication in 6.567 seconds (JVM running for 7.302)
13:15:53.875 [main] INFO  c.d.T.TelegramBotDexsysApplication - Starting TelegramBotDexsysApplication on Alex-PC with PID 11392 (D:\TelegramBotDexsys\target\classes started by Alex in D:\TelegramBotDexsys)
13:15:53.878 [main] INFO  c.d.T.TelegramBotDexsysApplication - No active profile set, falling back to default profiles: default
13:15:59.720 [main] INFO  c.d.T.TelegramBotDexsysApplication - Started TelegramBotDexsysApplication in 6.313 seconds (JVM running for 7.111)
13:17:19.699 [main] INFO  c.d.T.TelegramBotDexsysApplication - Starting TelegramBotDexsysApplication on Alex-PC with PID 12328 (D:\TelegramBotDexsys\target\classes started by Alex in D:\TelegramBotDexsys)
13:17:19.708 [main] INFO  c.d.T.TelegramBotDexsysApplication - No active profile set, falling back to default profiles: default
13:17:25.492 [main] INFO  c.d.T.TelegramBotDexsysApplication - Started TelegramBotDexsysApplication in 6.35 seconds (JVM running for 7.111)
13:17:56.149 [main] INFO  c.d.T.TelegramBotDexsysApplication - Starting TelegramBotDexsysApplication on Alex-PC with PID 9760 (D:\TelegramBotDexsys\target\classes started by Alex in D:\TelegramBotDexsys)
13:17:56.161 [main] INFO  c.d.T.TelegramBotDexsysApplication - No active profile set, falling back to default profiles: default
13:18:02.726 [main] INFO  c.d.T.TelegramBotDexsysApplication - Started TelegramBotDexsysApplication in 7.109 seconds (JVM running for 7.896)
13:20:12.429 [main] INFO  c.d.T.TelegramBotDexsysApplication - Starting TelegramBotDexsysApplication on Alex-PC with PID 8492 (D:\TelegramBotDexsys\target\classes started by Alex in D:\TelegramBotDexsys)
13:20:12.457 [main] INFO  c.d.T.TelegramBotDexsysApplication - No active profile set, falling back to default profiles: default
13:20:18.650 [main] INFO  c.d.T.TelegramBotDexsysApplication - Started TelegramBotDexsysApplication in 6.708 seconds (JVM running for 7.484)
13:22:11.376 [main] INFO  c.d.T.TelegramBotDexsysApplication - Starting TelegramBotDexsysApplication on Alex-PC with PID 1224 (D:\TelegramBotDexsys\target\classes started by Alex in D:\TelegramBotDexsys)
13:22:11.379 [main] INFO  c.d.T.TelegramBotDexsysApplication - No active profile set, falling back to default profiles: default
13:22:17.214 [main] INFO  c.d.T.TelegramBotDexsysApplication - Started TelegramBotDexsysApplication in 6.383 seconds (JVM running for 7.187)
13:23:26.760 [main] INFO  c.d.T.TelegramBotDexsysApplication - Starting TelegramBotDexsysApplication on Alex-PC with PID 12280 (D:\TelegramBotDexsys\target\classes started by Alex in D:\TelegramBotDexsys)
13:23:26.763 [main] INFO  c.d.T.TelegramBotDexsysApplication - No active profile set, falling back to default profiles: default
13:23:32.546 [main] INFO  c.d.T.TelegramBotDexsysApplication - Started TelegramBotDexsysApplication in 6.18 seconds (JVM running for 6.927)
13:24:33.032 [main] INFO  c.d.T.TelegramBotDexsysApplication - Starting TelegramBotDexsysApplication on Alex-PC with PID 11940 (D:\TelegramBotDexsys\target\classes started by Alex in D:\TelegramBotDexsys)
13:24:33.036 [main] INFO  c.d.T.TelegramBotDexsysApplication - No active profile set, falling back to default profiles: default
13:24:39.010 [main] INFO  c.d.T.TelegramBotDexsysApplication - Started TelegramBotDexsysApplication in 6.394 seconds (JVM running for 7.116)
13:26:12.822 [main] INFO  c.d.T.TelegramBotDexsysApplication - Starting TelegramBotDexsysApplication on Alex-PC with PID 9508 (D:\TelegramBotDexsys\target\classes started by Alex in D:\TelegramBotDexsys)
13:26:12.825 [main] INFO  c.d.T.TelegramBotDexsysApplication - No active profile set, falling back to default profiles: default
13:26:18.798 [main] INFO  c.d.T.TelegramBotDexsysApplication - Started TelegramBotDexsysApplication in 6.597 seconds (JVM running for 7.347)
13:26:58.808 [main] INFO  c.d.T.TelegramBotDexsysApplication - Starting TelegramBotDexsysApplication on Alex-PC with PID 5552 (D:\TelegramBotDexsys\target\classes started by Alex in D:\TelegramBotDexsys)
13:26:58.811 [main] INFO  c.d.T.TelegramBotDexsysApplication - No active profile set, falling back to default profiles: default
13:27:04.707 [main] INFO  c.d.T.TelegramBotDexsysApplication - Started TelegramBotDexsysApplication in 6.448 seconds (JVM running for 7.205)
13:27:40.775 [main] INFO  c.d.T.TelegramBotDexsysApplication - Starting TelegramBotDexsysApplication on Alex-PC with PID 7884 (D:\TelegramBotDexsys\target\classes started by Alex in D:\TelegramBotDexsys)
13:27:40.778 [main] INFO  c.d.T.TelegramBotDexsysApplication - No active profile set, falling back to default profiles: default
13:27:46.598 [main] INFO  c.d.T.TelegramBotDexsysApplication - Started TelegramBotDexsysApplication in 6.281 seconds (JVM running for 6.993)
13:28:11.044 [main] INFO  c.d.T.TelegramBotDexsysApplication - Starting TelegramBotDexsysApplication on Alex-PC with PID 7548 (D:\TelegramBotDexsys\target\classes started by Alex in D:\TelegramBotDexsys)
13:28:11.051 [main] INFO  c.d.T.TelegramBotDexsysApplication - No active profile set, falling back to default profiles: default
13:28:16.958 [main] INFO  c.d.T.TelegramBotDexsysApplication - Started TelegramBotDexsysApplication in 6.459 seconds (JVM running for 7.163)
13:28:33.208 [main] INFO  c.d.T.TelegramBotDexsysApplication - Starting TelegramBotDexsysApplication on Alex-PC with PID 12676 (D:\TelegramBotDexsys\target\classes started by Alex in D:\TelegramBotDexsys)
13:28:33.211 [main] INFO  c.d.T.TelegramBotDexsysApplication - No active profile set, falling back to default profiles: default
13:28:39.390 [main] INFO  c.d.T.TelegramBotDexsysApplication - Started TelegramBotDexsysApplication in 6.75 seconds (JVM running for 7.471)
13:28:59.676 [main] INFO  c.d.T.TelegramBotDexsysApplication - Starting TelegramBotDexsysApplication on Alex-PC with PID 13092 (D:\TelegramBotDexsys\target\classes started by Alex in D:\TelegramBotDexsys)
13:28:59.679 [main] INFO  c.d.T.TelegramBotDexsysApplication - No active profile set, falling back to default profiles: default
13:29:06.069 [main] INFO  c.d.T.TelegramBotDexsysApplication - Started TelegramBotDexsysApplication in 6.842 seconds (JVM running for 7.662)
13:30:07.142 [main] INFO  c.d.T.TelegramBotDexsysApplication - Starting TelegramBotDexsysApplication on Alex-PC with PID 7416 (D:\TelegramBotDexsys\target\classes started by Alex in D:\TelegramBotDexsys)
13:30:07.144 [main] INFO  c.d.T.TelegramBotDexsysApplication - No active profile set, falling back to default profiles: default
13:30:12.847 [main] INFO  c.d.T.TelegramBotDexsysApplication - Started TelegramBotDexsysApplication in 6.169 seconds (JVM running for 6.866)
13:30:58.226 [main] INFO  c.d.T.TelegramBotDexsysApplication - Starting TelegramBotDexsysApplication on Alex-PC with PID 11596 (D:\TelegramBotDexsys\target\classes started by Alex in D:\TelegramBotDexsys)
13:30:58.229 [main] INFO  c.d.T.TelegramBotDexsysApplication - No active profile set, falling back to default profiles: default
13:31:04.265 [main] INFO  c.d.T.TelegramBotDexsysApplication - Started TelegramBotDexsysApplication in 6.536 seconds (JVM running for 7.2)
13:35:36.363 [main] INFO  c.d.T.TelegramBotDexsysApplication - Starting TelegramBotDexsysApplication on Alex-PC with PID 9156 (D:\TelegramBotDexsys\target\classes started by Alex in D:\TelegramBotDexsys)
13:35:36.366 [main] INFO  c.d.T.TelegramBotDexsysApplication - No active profile set, falling back to default profiles: default
13:35:42.168 [main] INFO  c.d.T.TelegramBotDexsysApplication - Started TelegramBotDexsysApplication in 6.346 seconds (JVM running for 7.113)
13:45:25.303 [main] INFO  c.d.T.TelegramBotDexsysApplication - Starting TelegramBotDexsysApplication on Alex-PC with PID 8656 (D:\TelegramBotDexsys\target\classes started by Alex in D:\TelegramBotDexsys)
13:45:25.306 [main] INFO  c.d.T.TelegramBotDexsysApplication - No active profile set, falling back to default profiles: default
13:45:30.998 [main] INFO  c.d.T.TelegramBotDexsysApplication - Started TelegramBotDexsysApplication in 6.228 seconds (JVM running for 7.014)
13:46:17.938 [main] INFO  c.d.T.TelegramBotDexsysApplication - Starting TelegramBotDexsysApplication on Alex-PC with PID 9888 (D:\TelegramBotDexsys\target\classes started by Alex in D:\TelegramBotDexsys)
13:46:17.941 [main] INFO  c.d.T.TelegramBotDexsysApplication - No active profile set, falling back to default profiles: default
13:46:23.698 [main] INFO  c.d.T.TelegramBotDexsysApplication - Started TelegramBotDexsysApplication in 6.319 seconds (JVM running for 7.208)
13:47:20.804 [main] INFO  c.d.T.TelegramBotDexsysApplication - Starting TelegramBotDexsysApplication on Alex-PC with PID 13188 (D:\TelegramBotDexsys\target\classes started by Alex in D:\TelegramBotDexsys)
13:47:20.830 [main] INFO  c.d.T.TelegramBotDexsysApplication - No active profile set, falling back to default profiles: default
13:47:26.685 [main] INFO  c.d.T.TelegramBotDexsysApplication - Started TelegramBotDexsysApplication in 6.538 seconds (JVM running for 7.445)
13:50:13.144 [main] INFO  c.d.T.TelegramBotDexsysApplication - Starting TelegramBotDexsysApplication on Alex-PC with PID 12008 (D:\TelegramBotDexsys\target\classes started by Alex in D:\TelegramBotDexsys)
13:50:13.148 [main] INFO  c.d.T.TelegramBotDexsysApplication - No active profile set, falling back to default profiles: default
13:50:18.939 [main] INFO  c.d.T.TelegramBotDexsysApplication - Started TelegramBotDexsysApplication in 6.339 seconds (JVM running for 7.078)
13:50:49.003 [main] INFO  c.d.T.TelegramBotDexsysApplication - Starting TelegramBotDexsysApplication on Alex-PC with PID 8264 (D:\TelegramBotDexsys\target\classes started by Alex in D:\TelegramBotDexsys)
13:50:49.010 [main] INFO  c.d.T.TelegramBotDexsysApplication - No active profile set, falling back to default profiles: default
13:50:55.144 [main] INFO  c.d.T.TelegramBotDexsysApplication - Started TelegramBotDexsysApplication in 6.625 seconds (JVM running for 7.411)
13:51:56.230 [main] INFO  c.d.T.TelegramBotDexsysApplication - Starting TelegramBotDexsysApplication on Alex-PC with PID 9688 (D:\TelegramBotDexsys\target\classes started by Alex in D:\TelegramBotDexsys)
13:51:56.234 [main] INFO  c.d.T.TelegramBotDexsysApplication - No active profile set, falling back to default profiles: default
13:52:02.522 [main] INFO  c.d.T.TelegramBotDexsysApplication - Started TelegramBotDexsysApplication in 6.85 seconds (JVM running for 7.579)
13:52:28.082 [main] INFO  c.d.T.TelegramBotDexsysApplication - Starting TelegramBotDexsysApplication on Alex-PC with PID 12964 (D:\TelegramBotDexsys\target\classes started by Alex in D:\TelegramBotDexsys)
13:52:28.093 [main] INFO  c.d.T.TelegramBotDexsysApplication - No active profile set, falling back to default profiles: default
13:52:33.732 [main] INFO  c.d.T.TelegramBotDexsysApplication - Started TelegramBotDexsysApplication in 6.205 seconds (JVM running for 6.961)
13:52:53.573 [main] INFO  c.d.T.TelegramBotDexsysApplication - Starting TelegramBotDexsysApplication on Alex-PC with PID 8432 (D:\TelegramBotDexsys\target\classes started by Alex in D:\TelegramBotDexsys)
13:52:53.576 [main] INFO  c.d.T.TelegramBotDexsysApplication - No active profile set, falling back to default profiles: default
13:52:59.278 [main] INFO  c.d.T.TelegramBotDexsysApplication - Started TelegramBotDexsysApplication in 6.163 seconds (JVM running for 6.984)
13:53:16.487 [main] INFO  c.d.T.TelegramBotDexsysApplication - Starting TelegramBotDexsysApplication on Alex-PC with PID 11788 (D:\TelegramBotDexsys\target\classes started by Alex in D:\TelegramBotDexsys)
13:53:16.490 [main] INFO  c.d.T.TelegramBotDexsysApplication - No active profile set, falling back to default profiles: default
13:53:21.830 [main] INFO  c.d.T.TelegramBotDexsysApplication - Started TelegramBotDexsysApplication in 5.838 seconds (JVM running for 6.635)
13:55:20.458 [main] INFO  c.d.T.TelegramBotDexsysApplication - Starting TelegramBotDexsysApplication on Alex-PC with PID 12052 (D:\TelegramBotDexsys\target\classes started by Alex in D:\TelegramBotDexsys)
13:55:20.467 [main] INFO  c.d.T.TelegramBotDexsysApplication - No active profile set, falling back to default profiles: default
13:55:26.277 [main] INFO  c.d.T.TelegramBotDexsysApplication - Started TelegramBotDexsysApplication in 6.329 seconds (JVM running for 7.039)
13:56:23.919 [main] INFO  c.d.T.TelegramBotDexsysApplication - Starting TelegramBotDexsysApplication on Alex-PC with PID 12588 (D:\TelegramBotDexsys\target\classes started by Alex in D:\TelegramBotDexsys)
13:56:23.922 [main] INFO  c.d.T.TelegramBotDexsysApplication - No active profile set, falling back to default profiles: default
13:56:29.991 [main] INFO  c.d.T.TelegramBotDexsysApplication - Started TelegramBotDexsysApplication in 6.627 seconds (JVM running for 7.344)
13:57:06.777 [main] INFO  c.d.T.TelegramBotDexsysApplication - Starting TelegramBotDexsysApplication on Alex-PC with PID 11860 (D:\TelegramBotDexsys\target\classes started by Alex in D:\TelegramBotDexsys)
13:57:06.779 [main] INFO  c.d.T.TelegramBotDexsysApplication - No active profile set, falling back to default profiles: default
13:57:12.430 [main] INFO  c.d.T.TelegramBotDexsysApplication - Started TelegramBotDexsysApplication in 6.122 seconds (JVM running for 6.933)
13:59:20.994 [main] INFO  c.d.T.TelegramBotDexsysApplication - Starting TelegramBotDexsysApplication on Alex-PC with PID 13056 (D:\TelegramBotDexsys\target\classes started by Alex in D:\TelegramBotDexsys)
13:59:20.997 [main] INFO  c.d.T.TelegramBotDexsysApplication - No active profile set, falling back to default profiles: default
13:59:28.304 [main] INFO  c.d.T.TelegramBotDexsysApplication - Started TelegramBotDexsysApplication in 8.108 seconds (JVM running for 9.233)
14:00:09.343 [main] INFO  c.d.T.TelegramBotDexsysApplication - Starting TelegramBotDexsysApplication on Alex-PC with PID 10556 (D:\TelegramBotDexsys\target\classes started by Alex in D:\TelegramBotDexsys)
14:00:09.347 [main] INFO  c.d.T.TelegramBotDexsysApplication - No active profile set, falling back to default profiles: default
14:00:16.242 [main] INFO  c.d.T.TelegramBotDexsysApplication - Started TelegramBotDexsysApplication in 7.503 seconds (JVM running for 8.277)
14:49:46.546 [main] INFO  c.d.T.TelegramBotDexsysApplication - Starting TelegramBotDexsysApplication on Alex-PC with PID 13232 (D:\TelegramBotDexsys\target\classes started by Alex in D:\TelegramBotDexsys)
14:49:46.549 [main] INFO  c.d.T.TelegramBotDexsysApplication - No active profile set, falling back to default profiles: default
14:49:52.256 [main] INFO  c.d.T.TelegramBotDexsysApplication - Started TelegramBotDexsysApplication in 6.183 seconds (JVM running for 6.874)
14:51:45.123 [main] INFO  c.d.T.TelegramBotDexsysApplication - Starting TelegramBotDexsysApplication on Alex-PC with PID 10708 (D:\TelegramBotDexsys\target\classes started by Alex in D:\TelegramBotDexsys)
14:51:45.126 [main] INFO  c.d.T.TelegramBotDexsysApplication - No active profile set, falling back to default profiles: default
14:51:50.963 [main] INFO  c.d.T.TelegramBotDexsysApplication - Started TelegramBotDexsysApplication in 6.397 seconds (JVM running for 7.121)
14:53:07.040 [main] INFO  c.d.T.TelegramBotDexsysApplication - Starting TelegramBotDexsysApplication on Alex-PC with PID 5604 (D:\TelegramBotDexsys\target\classes started by Alex in D:\TelegramBotDexsys)
14:53:07.070 [main] INFO  c.d.T.TelegramBotDexsysApplication - No active profile set, falling back to default profiles: default
14:53:12.831 [main] INFO  c.d.T.TelegramBotDexsysApplication - Started TelegramBotDexsysApplication in 6.352 seconds (JVM running for 7.045)
14:53:35.140 [main] INFO  c.d.T.TelegramBotDexsysApplication - Starting TelegramBotDexsysApplication on Alex-PC with PID 11856 (D:\TelegramBotDexsys\target\classes started by Alex in D:\TelegramBotDexsys)
14:53:35.143 [main] INFO  c.d.T.TelegramBotDexsysApplication - No active profile set, falling back to default profiles: default
14:53:40.760 [main] INFO  c.d.T.TelegramBotDexsysApplication - Started TelegramBotDexsysApplication in 6.113 seconds (JVM running for 6.841)
14:55:25.868 [main] INFO  c.d.T.TelegramBotDexsysApplication - Starting TelegramBotDexsysApplication on Alex-PC with PID 7996 (D:\TelegramBotDexsys\target\classes started by Alex in D:\TelegramBotDexsys)
14:55:25.877 [main] INFO  c.d.T.TelegramBotDexsysApplication - No active profile set, falling back to default profiles: default
14:55:31.418 [main] INFO  c.d.T.TelegramBotDexsysApplication - Started TelegramBotDexsysApplication in 6.093 seconds (JVM running for 6.865)
14:56:18.499 [main] INFO  c.d.T.TelegramBotDexsysApplication - Starting TelegramBotDexsysApplication on Alex-PC with PID 12932 (D:\TelegramBotDexsys\target\classes started by Alex in D:\TelegramBotDexsys)
14:56:18.502 [main] INFO  c.d.T.TelegramBotDexsysApplication - No active profile set, falling back to default profiles: default
14:56:23.916 [main] INFO  c.d.T.TelegramBotDexsysApplication - Started TelegramBotDexsysApplication in 5.91 seconds (JVM running for 6.7)
14:58:58.112 [main] INFO  c.d.T.TelegramBotDexsysApplication - Starting TelegramBotDexsysApplication on Alex-PC with PID 12588 (D:\TelegramBotDexsys\target\classes started by Alex in D:\TelegramBotDexsys)
14:58:58.115 [main] INFO  c.d.T.TelegramBotDexsysApplication - No active profile set, falling back to default profiles: default
14:59:04.233 [main] INFO  c.d.T.TelegramBotDexsysApplication - Started TelegramBotDexsysApplication in 6.568 seconds (JVM running for 7.285)
14:59:53.171 [main] INFO  c.d.T.TelegramBotDexsysApplication - Starting TelegramBotDexsysApplication on Alex-PC with PID 12596 (D:\TelegramBotDexsys\target\classes started by Alex in D:\TelegramBotDexsys)
14:59:53.181 [main] INFO  c.d.T.TelegramBotDexsysApplication - No active profile set, falling back to default profiles: default
14:59:58.666 [main] INFO  c.d.T.TelegramBotDexsysApplication - Started TelegramBotDexsysApplication in 6.088 seconds (JVM running for 6.866)
15:03:20.424 [main] INFO  c.d.T.TelegramBotDexsysApplication - Starting TelegramBotDexsysApplication on Alex-PC with PID 12024 (D:\TelegramBotDexsys\target\classes started by Alex in D:\TelegramBotDexsys)
15:03:20.432 [main] INFO  c.d.T.TelegramBotDexsysApplication - No active profile set, falling back to default profiles: default
15:03:26.115 [main] INFO  c.d.T.TelegramBotDexsysApplication - Started TelegramBotDexsysApplication in 6.22 seconds (JVM running for 6.955)
15:05:20.325 [main] INFO  c.d.T.TelegramBotDexsysApplication - Starting TelegramBotDexsysApplication on Alex-PC with PID 12524 (D:\TelegramBotDexsys\target\classes started by Alex in D:\TelegramBotDexsys)
15:05:20.328 [main] INFO  c.d.T.TelegramBotDexsysApplication - No active profile set, falling back to default profiles: default
15:05:25.872 [main] INFO  c.d.T.TelegramBotDexsysApplication - Started TelegramBotDexsysApplication in 6.033 seconds (JVM running for 6.84)
15:07:45.729 [main] INFO  c.d.T.TelegramBotDexsysApplication - Starting TelegramBotDexsysApplication on Alex-PC with PID 8484 (D:\TelegramBotDexsys\target\classes started by Alex in D:\TelegramBotDexsys)
15:07:45.733 [main] INFO  c.d.T.TelegramBotDexsysApplication - No active profile set, falling back to default profiles: default
15:07:51.638 [main] INFO  c.d.T.TelegramBotDexsysApplication - Started TelegramBotDexsysApplication in 6.322 seconds (JVM running for 7.035)
15:13:23.108 [main] INFO  c.d.T.TelegramBotDexsysApplication - Starting TelegramBotDexsysApplication on Alex-PC with PID 11852 (D:\TelegramBotDexsys\target\classes started by Alex in D:\TelegramBotDexsys)
15:13:23.113 [main] INFO  c.d.T.TelegramBotDexsysApplication - No active profile set, falling back to default profiles: default
15:13:28.738 [main] INFO  c.d.T.TelegramBotDexsysApplication - Started TelegramBotDexsysApplication in 6.115 seconds (JVM running for 6.833)
15:15:51.703 [main] INFO  c.d.T.TelegramBotDexsysApplication - Starting TelegramBotDexsysApplication on Alex-PC with PID 12684 (D:\TelegramBotDexsys\target\classes started by Alex in D:\TelegramBotDexsys)
15:15:51.707 [main] INFO  c.d.T.TelegramBotDexsysApplication - No active profile set, falling back to default profiles: default
15:15:57.496 [main] INFO  c.d.T.TelegramBotDexsysApplication - Started TelegramBotDexsysApplication in 6.317 seconds (JVM running for 7.063)
15:29:28.650 [main] INFO  c.d.T.TelegramBotDexsysApplication - Starting TelegramBotDexsysApplication on Alex-PC with PID 13224 (D:\TelegramBotDexsys\target\classes started by Alex in D:\TelegramBotDexsys)
15:29:28.653 [main] INFO  c.d.T.TelegramBotDexsysApplication - No active profile set, falling back to default profiles: default
15:29:36.976 [main] INFO  c.d.T.TelegramBotDexsysApplication - Started TelegramBotDexsysApplication in 9.272 seconds (JVM running for 11.007)
15:32:36.132 [main] INFO  c.d.T.TelegramBotDexsysApplication - Starting TelegramBotDexsysApplication on Alex-PC with PID 9736 (D:\TelegramBotDexsys\target\classes started by Alex in D:\TelegramBotDexsys)
15:32:36.135 [main] INFO  c.d.T.TelegramBotDexsysApplication - No active profile set, falling back to default profiles: default
15:32:41.722 [main] INFO  c.d.T.TelegramBotDexsysApplication - Started TelegramBotDexsysApplication in 6.162 seconds (JVM running for 6.937)
15:33:47.108 [main] INFO  c.d.T.TelegramBotDexsysApplication - Starting TelegramBotDexsysApplication on Alex-PC with PID 12412 (D:\TelegramBotDexsys\target\classes started by Alex in D:\TelegramBotDexsys)
15:33:47.126 [main] INFO  c.d.T.TelegramBotDexsysApplication - No active profile set, falling back to default profiles: default
15:33:54.106 [main] INFO  c.d.T.TelegramBotDexsysApplication - Started TelegramBotDexsysApplication in 7.483 seconds (JVM running for 8.208)
15:36:16.062 [main] INFO  c.d.T.TelegramBotDexsysApplication - Starting TelegramBotDexsysApplication on Alex-PC with PID 8680 (D:\TelegramBotDexsys\target\classes started by Alex in D:\TelegramBotDexsys)
15:36:16.065 [main] INFO  c.d.T.TelegramBotDexsysApplication - No active profile set, falling back to default profiles: default
15:36:21.864 [main] INFO  c.d.T.TelegramBotDexsysApplication - Started TelegramBotDexsysApplication in 6.277 seconds (JVM running for 6.96)
15:38:58.735 [main] INFO  c.d.T.TelegramBotDexsysApplication - Starting TelegramBotDexsysApplication on Alex-PC with PID 11852 (D:\TelegramBotDexsys\target\classes started by Alex in D:\TelegramBotDexsys)
15:38:58.762 [main] INFO  c.d.T.TelegramBotDexsysApplication - No active profile set, falling back to default profiles: default
15:39:04.731 [main] INFO  c.d.T.TelegramBotDexsysApplication - Started TelegramBotDexsysApplication in 6.553 seconds (JVM running for 7.303)
15:40:43.143 [main] INFO  c.d.T.TelegramBotDexsysApplication - Starting TelegramBotDexsysApplication on Alex-PC with PID 12440 (D:\TelegramBotDexsys\target\classes started by Alex in D:\TelegramBotDexsys)
15:40:43.149 [main] INFO  c.d.T.TelegramBotDexsysApplication - No active profile set, falling back to default profiles: default
15:40:49.143 [main] INFO  c.d.T.TelegramBotDexsysApplication - Started TelegramBotDexsysApplication in 6.625 seconds (JVM running for 7.431)
15:41:39.286 [main] INFO  c.d.T.TelegramBotDexsysApplication - Starting TelegramBotDexsysApplication on Alex-PC with PID 10932 (D:\TelegramBotDexsys\target\classes started by Alex in D:\TelegramBotDexsys)
15:41:39.289 [main] INFO  c.d.T.TelegramBotDexsysApplication - No active profile set, falling back to default profiles: default
15:41:45.031 [main] INFO  c.d.T.TelegramBotDexsysApplication - Started TelegramBotDexsysApplication in 6.29 seconds (JVM running for 7.015)
15:42:56.148 [main] INFO  c.d.T.TelegramBotDexsysApplication - Starting TelegramBotDexsysApplication on Alex-PC with PID 12344 (D:\TelegramBotDexsys\target\classes started by Alex in D:\TelegramBotDexsys)
15:42:56.171 [main] INFO  c.d.T.TelegramBotDexsysApplication - No active profile set, falling back to default profiles: default
15:43:01.902 [main] INFO  c.d.T.TelegramBotDexsysApplication - Started TelegramBotDexsysApplication in 6.41 seconds (JVM running for 7.398)
15:43:37.283 [main] INFO  c.d.T.TelegramBotDexsysApplication - Starting TelegramBotDexsysApplication on Alex-PC with PID 12600 (D:\TelegramBotDexsys\target\classes started by Alex in D:\TelegramBotDexsys)
15:43:37.293 [main] INFO  c.d.T.TelegramBotDexsysApplication - No active profile set, falling back to default profiles: default
15:43:43.004 [main] INFO  c.d.T.TelegramBotDexsysApplication - Started TelegramBotDexsysApplication in 6.226 seconds (JVM running for 6.94)
15:44:15.480 [main] INFO  c.d.T.TelegramBotDexsysApplication - Starting TelegramBotDexsysApplication on Alex-PC with PID 10568 (D:\TelegramBotDexsys\target\classes started by Alex in D:\TelegramBotDexsys)
15:44:15.483 [main] INFO  c.d.T.TelegramBotDexsysApplication - No active profile set, falling back to default profiles: default
15:44:21.429 [main] INFO  c.d.T.TelegramBotDexsysApplication - Started TelegramBotDexsysApplication in 6.451 seconds (JVM running for 7.169)
15:45:11.457 [main] INFO  c.d.T.TelegramBotDexsysApplication - Starting TelegramBotDexsysApplication on Alex-PC with PID 10012 (D:\TelegramBotDexsys\target\classes started by Alex in D:\TelegramBotDexsys)
15:45:11.460 [main] INFO  c.d.T.TelegramBotDexsysApplication - No active profile set, falling back to default profiles: default
15:45:16.967 [main] INFO  c.d.T.TelegramBotDexsysApplication - Started TelegramBotDexsysApplication in 6.099 seconds (JVM running for 6.921)
15:46:51.364 [main] INFO  c.d.T.TelegramBotDexsysApplication - Starting TelegramBotDexsysApplication on Alex-PC with PID 9368 (D:\TelegramBotDexsys\target\classes started by Alex in D:\TelegramBotDexsys)
15:46:51.368 [main] INFO  c.d.T.TelegramBotDexsysApplication - No active profile set, falling back to default profiles: default
15:46:57.063 [main] INFO  c.d.T.TelegramBotDexsysApplication - Started TelegramBotDexsysApplication in 6.321 seconds (JVM running for 7.139)
15:47:30.724 [main] INFO  c.d.T.TelegramBotDexsysApplication - Starting TelegramBotDexsysApplication on Alex-PC with PID 11328 (D:\TelegramBotDexsys\target\classes started by Alex in D:\TelegramBotDexsys)
15:47:30.727 [main] INFO  c.d.T.TelegramBotDexsysApplication - No active profile set, falling back to default profiles: default
15:47:36.443 [main] INFO  c.d.T.TelegramBotDexsysApplication - Started TelegramBotDexsysApplication in 6.238 seconds (JVM running for 6.992)
11:10:10.177 [main] INFO  c.d.T.TelegramBotDexsysApplication - Starting TelegramBotDexsysApplication on Alex-PC with PID 9496 (D:\TelegramBotDexsys\target\classes started by Alex in D:\TelegramBotDexsys)
11:10:10.209 [main] INFO  c.d.T.TelegramBotDexsysApplication - No active profile set, falling back to default profiles: default
11:10:18.974 [main] INFO  c.d.T.TelegramBotDexsysApplication - Started TelegramBotDexsysApplication in 9.513 seconds (JVM running for 12.406)
11:19:56.617 [main] INFO  c.d.T.TelegramBotDexsysApplication - Starting TelegramBotDexsysApplication on Alex-PC with PID 3492 (D:\TelegramBotDexsys\target\classes started by Alex in D:\TelegramBotDexsys)
11:19:56.620 [main] INFO  c.d.T.TelegramBotDexsysApplication - No active profile set, falling back to default profiles: default
11:20:02.712 [main] INFO  c.d.T.TelegramBotDexsysApplication - Started TelegramBotDexsysApplication in 6.518 seconds (JVM running for 7.25)
11:21:14.853 [main] INFO  c.d.T.TelegramBotDexsysApplication - Starting TelegramBotDexsysApplication on Alex-PC with PID 11352 (D:\TelegramBotDexsys\target\classes started by Alex in D:\TelegramBotDexsys)
11:21:14.857 [main] INFO  c.d.T.TelegramBotDexsysApplication - No active profile set, falling back to default profiles: default
11:21:20.962 [main] INFO  c.d.T.TelegramBotDexsysApplication - Started TelegramBotDexsysApplication in 6.628 seconds (JVM running for 7.323)
11:24:00.866 [main] INFO  c.d.T.TelegramBotDexsysApplication - Starting TelegramBotDexsysApplication on Alex-PC with PID 10380 (D:\TelegramBotDexsys\target\classes started by Alex in D:\TelegramBotDexsys)
11:24:00.882 [main] INFO  c.d.T.TelegramBotDexsysApplication - No active profile set, falling back to default profiles: default
11:24:06.915 [main] INFO  c.d.T.TelegramBotDexsysApplication - Started TelegramBotDexsysApplication in 6.587 seconds (JVM running for 7.459)
11:26:45.787 [main] INFO  c.d.T.TelegramBotDexsysApplication - Starting TelegramBotDexsysApplication on Alex-PC with PID 844 (D:\TelegramBotDexsys\target\classes started by Alex in D:\TelegramBotDexsys)
11:26:45.791 [main] INFO  c.d.T.TelegramBotDexsysApplication - No active profile set, falling back to default profiles: default
11:26:51.870 [main] INFO  c.d.T.TelegramBotDexsysApplication - Started TelegramBotDexsysApplication in 6.544 seconds (JVM running for 7.355)
11:27:28.298 [main] INFO  c.d.T.TelegramBotDexsysApplication - Starting TelegramBotDexsysApplication on Alex-PC with PID 11020 (D:\TelegramBotDexsys\target\classes started by Alex in D:\TelegramBotDexsys)
11:27:28.305 [main] INFO  c.d.T.TelegramBotDexsysApplication - No active profile set, falling back to default profiles: default
11:27:34.421 [main] INFO  c.d.T.TelegramBotDexsysApplication - Started TelegramBotDexsysApplication in 6.551 seconds (JVM running for 7.243)
11:31:20.007 [main] INFO  c.d.T.TelegramBotDexsysApplication - Starting TelegramBotDexsysApplication on Alex-PC with PID 9268 (D:\TelegramBotDexsys\target\classes started by Alex in D:\TelegramBotDexsys)
11:31:20.012 [main] INFO  c.d.T.TelegramBotDexsysApplication - No active profile set, falling back to default profiles: default
11:31:25.879 [main] INFO  c.d.T.TelegramBotDexsysApplication - Started TelegramBotDexsysApplication in 6.499 seconds (JVM running for 7.255)
11:33:07.203 [main] INFO  c.d.T.TelegramBotDexsysApplication - Starting TelegramBotDexsysApplication on Alex-PC with PID 12204 (D:\TelegramBotDexsys\target\classes started by Alex in D:\TelegramBotDexsys)
11:33:07.207 [main] INFO  c.d.T.TelegramBotDexsysApplication - No active profile set, falling back to default profiles: default
11:33:13.056 [main] INFO  c.d.T.TelegramBotDexsysApplication - Started TelegramBotDexsysApplication in 6.411 seconds (JVM running for 7.113)
11:34:13.344 [main] INFO  c.d.T.TelegramBotDexsysApplication - Starting TelegramBotDexsysApplication on Alex-PC with PID 11516 (D:\TelegramBotDexsys\target\classes started by Alex in D:\TelegramBotDexsys)
11:34:13.347 [main] INFO  c.d.T.TelegramBotDexsysApplication - No active profile set, falling back to default profiles: default
11:34:19.206 [main] INFO  c.d.T.TelegramBotDexsysApplication - Started TelegramBotDexsysApplication in 6.243 seconds (JVM running for 6.972)
11:40:00.343 [main] INFO  c.d.T.TelegramBotDexsysApplication - Starting TelegramBotDexsysApplication on Alex-PC with PID 9384 (D:\TelegramBotDexsys\target\classes started by Alex in D:\TelegramBotDexsys)
11:40:00.346 [main] INFO  c.d.T.TelegramBotDexsysApplication - No active profile set, falling back to default profiles: default
11:40:06.444 [main] INFO  c.d.T.TelegramBotDexsysApplication - Started TelegramBotDexsysApplication in 6.555 seconds (JVM running for 7.322)
11:40:41.548 [main] INFO  c.d.T.TelegramBotDexsysApplication - Starting TelegramBotDexsysApplication on Alex-PC with PID 10476 (D:\TelegramBotDexsys\target\classes started by Alex in D:\TelegramBotDexsys)
11:40:41.567 [main] INFO  c.d.T.TelegramBotDexsysApplication - No active profile set, falling back to default profiles: default
11:40:47.538 [main] INFO  c.d.T.TelegramBotDexsysApplication - Started TelegramBotDexsysApplication in 6.542 seconds (JVM running for 7.306)
11:52:47.688 [main] INFO  c.d.T.TelegramBotDexsysApplication - Starting TelegramBotDexsysApplication on Alex-PC with PID 4840 (D:\TelegramBotDexsys\target\classes started by Alex in D:\TelegramBotDexsys)
11:52:47.691 [main] INFO  c.d.T.TelegramBotDexsysApplication - No active profile set, falling back to default profiles: default
11:52:55.102 [main] INFO  c.d.T.TelegramBotDexsysApplication - Started TelegramBotDexsysApplication in 8.036 seconds (JVM running for 8.847)
11:53:52.179 [main] INFO  c.d.T.TelegramBotDexsysApplication - Starting TelegramBotDexsysApplication on Alex-PC with PID 11700 (D:\TelegramBotDexsys\target\classes started by Alex in D:\TelegramBotDexsys)
11:53:52.183 [main] INFO  c.d.T.TelegramBotDexsysApplication - No active profile set, falling back to default profiles: default
11:53:57.929 [main] INFO  c.d.T.TelegramBotDexsysApplication - Started TelegramBotDexsysApplication in 6.314 seconds (JVM running for 7.03)
11:54:21.001 [main] INFO  c.d.T.TelegramBotDexsysApplication - Starting TelegramBotDexsysApplication on Alex-PC with PID 7676 (D:\TelegramBotDexsys\target\classes started by Alex in D:\TelegramBotDexsys)
11:54:21.004 [main] INFO  c.d.T.TelegramBotDexsysApplication - No active profile set, falling back to default profiles: default
11:54:27.392 [main] INFO  c.d.T.TelegramBotDexsysApplication - Started TelegramBotDexsysApplication in 7.013 seconds (JVM running for 7.719)
11:55:03.155 [main] INFO  c.d.T.TelegramBotDexsysApplication - Starting TelegramBotDexsysApplication on Alex-PC with PID 12116 (D:\TelegramBotDexsys\target\classes started by Alex in D:\TelegramBotDexsys)
11:55:03.158 [main] INFO  c.d.T.TelegramBotDexsysApplication - No active profile set, falling back to default profiles: default
11:55:08.895 [main] INFO  c.d.T.TelegramBotDexsysApplication - Started TelegramBotDexsysApplication in 6.276 seconds (JVM running for 6.97)
11:55:41.455 [main] INFO  c.d.T.TelegramBotDexsysApplication - Starting TelegramBotDexsysApplication on Alex-PC with PID 12244 (D:\TelegramBotDexsys\target\classes started by Alex in D:\TelegramBotDexsys)
11:55:41.458 [main] INFO  c.d.T.TelegramBotDexsysApplication - No active profile set, falling back to default profiles: default
11:55:47.294 [main] INFO  c.d.T.TelegramBotDexsysApplication - Started TelegramBotDexsysApplication in 6.474 seconds (JVM running for 7.266)
11:56:06.052 [main] INFO  c.d.T.TelegramBotDexsysApplication - Starting TelegramBotDexsysApplication on Alex-PC with PID 9644 (D:\TelegramBotDexsys\target\classes started by Alex in D:\TelegramBotDexsys)
11:56:06.068 [main] INFO  c.d.T.TelegramBotDexsysApplication - No active profile set, falling back to default profiles: default
11:56:11.809 [main] INFO  c.d.T.TelegramBotDexsysApplication - Started TelegramBotDexsysApplication in 6.273 seconds (JVM running for 7.031)
12:06:57.785 [main] INFO  c.d.T.TelegramBotDexsysApplication - Starting TelegramBotDexsysApplication on Alex-PC with PID 7436 (D:\TelegramBotDexsys\target\classes started by Alex in D:\TelegramBotDexsys)
12:06:57.788 [main] INFO  c.d.T.TelegramBotDexsysApplication - No active profile set, falling back to default profiles: default
12:07:03.595 [main] INFO  c.d.T.TelegramBotDexsysApplication - Started TelegramBotDexsysApplication in 6.346 seconds (JVM running for 7.174)
12:07:55.169 [main] INFO  c.d.T.TelegramBotDexsysApplication - Starting TelegramBotDexsysApplication on Alex-PC with PID 2892 (D:\TelegramBotDexsys\target\classes started by Alex in D:\TelegramBotDexsys)
12:07:55.175 [main] INFO  c.d.T.TelegramBotDexsysApplication - No active profile set, falling back to default profiles: default
12:08:01.143 [main] INFO  c.d.T.TelegramBotDexsysApplication - Started TelegramBotDexsysApplication in 6.481 seconds (JVM running for 7.35)
12:08:48.179 [main] INFO  c.d.T.TelegramBotDexsysApplication - Starting TelegramBotDexsysApplication on Alex-PC with PID 7664 (D:\TelegramBotDexsys\target\classes started by Alex in D:\TelegramBotDexsys)
12:08:48.182 [main] INFO  c.d.T.TelegramBotDexsysApplication - No active profile set, falling back to default profiles: default
12:08:54.103 [main] INFO  c.d.T.TelegramBotDexsysApplication - Started TelegramBotDexsysApplication in 6.354 seconds (JVM running for 7.114)
12:10:44.710 [main] INFO  c.d.T.TelegramBotDexsysApplication - Starting TelegramBotDexsysApplication on Alex-PC with PID 10788 (D:\TelegramBotDexsys\target\classes started by Alex in D:\TelegramBotDexsys)
12:10:44.714 [main] INFO  c.d.T.TelegramBotDexsysApplication - No active profile set, falling back to default profiles: default
12:10:50.641 [main] INFO  c.d.T.TelegramBotDexsysApplication - Started TelegramBotDexsysApplication in 6.472 seconds (JVM running for 7.305)
12:15:40.662 [main] INFO  c.d.T.TelegramBotDexsysApplication - Starting TelegramBotDexsysApplication on Alex-PC with PID 844 (D:\TelegramBotDexsys\target\classes started by Alex in D:\TelegramBotDexsys)
12:15:40.665 [main] INFO  c.d.T.TelegramBotDexsysApplication - No active profile set, falling back to default profiles: default
12:15:46.509 [main] INFO  c.d.T.TelegramBotDexsysApplication - Started TelegramBotDexsysApplication in 6.324 seconds (JVM running for 7.08)
12:18:25.397 [main] INFO  c.d.T.TelegramBotDexsysApplication - Starting TelegramBotDexsysApplication on Alex-PC with PID 9624 (D:\TelegramBotDexsys\target\classes started by Alex in D:\TelegramBotDexsys)
12:18:25.400 [main] INFO  c.d.T.TelegramBotDexsysApplication - No active profile set, falling back to default profiles: default
12:18:31.515 [main] INFO  c.d.T.TelegramBotDexsysApplication - Started TelegramBotDexsysApplication in 6.63 seconds (JVM running for 7.322)
12:26:06.057 [main] INFO  c.d.T.TelegramBotDexsysApplication - Starting TelegramBotDexsysApplication on Alex-PC with PID 9396 (D:\TelegramBotDexsys\target\classes started by Alex in D:\TelegramBotDexsys)
12:26:06.061 [main] INFO  c.d.T.TelegramBotDexsysApplication - No active profile set, falling back to default profiles: default
12:26:11.970 [main] INFO  c.d.T.TelegramBotDexsysApplication - Started TelegramBotDexsysApplication in 6.455 seconds (JVM running for 7.139)
12:29:10.206 [main] INFO  c.d.T.TelegramBotDexsysApplication - Starting TelegramBotDexsysApplication on Alex-PC with PID 11476 (D:\TelegramBotDexsys\target\classes started by Alex in D:\TelegramBotDexsys)
12:29:10.214 [main] INFO  c.d.T.TelegramBotDexsysApplication - No active profile set, falling back to default profiles: default
12:29:15.904 [main] INFO  c.d.T.TelegramBotDexsysApplication - Started TelegramBotDexsysApplication in 6.356 seconds (JVM running for 7.08)
12:30:23.027 [main] INFO  c.d.T.TelegramBotDexsysApplication - Starting TelegramBotDexsysApplication on Alex-PC with PID 9120 (D:\TelegramBotDexsys\target\classes started by Alex in D:\TelegramBotDexsys)
12:30:23.030 [main] INFO  c.d.T.TelegramBotDexsysApplication - No active profile set, falling back to default profiles: default
12:30:28.852 [main] INFO  c.d.T.TelegramBotDexsysApplication - Started TelegramBotDexsysApplication in 6.294 seconds (JVM running for 7.042)
12:31:35.665 [main] INFO  c.d.T.TelegramBotDexsysApplication - Starting TelegramBotDexsysApplication on Alex-PC with PID 12124 (D:\TelegramBotDexsys\target\classes started by Alex in D:\TelegramBotDexsys)
12:31:35.668 [main] INFO  c.d.T.TelegramBotDexsysApplication - No active profile set, falling back to default profiles: default
12:31:41.416 [main] INFO  c.d.T.TelegramBotDexsysApplication - Started TelegramBotDexsysApplication in 6.264 seconds (JVM running for 6.966)
12:35:21.938 [main] INFO  c.d.T.TelegramBotDexsysApplication - Starting TelegramBotDexsysApplication on Alex-PC with PID 10444 (D:\TelegramBotDexsys\target\classes started by Alex in D:\TelegramBotDexsys)
12:35:21.941 [main] INFO  c.d.T.TelegramBotDexsysApplication - No active profile set, falling back to default profiles: default
12:35:27.961 [main] INFO  c.d.T.TelegramBotDexsysApplication - Started TelegramBotDexsysApplication in 6.616 seconds (JVM running for 7.484)
12:35:53.564 [main] INFO  c.d.T.TelegramBotDexsysApplication - Starting TelegramBotDexsysApplication on Alex-PC with PID 4328 (D:\TelegramBotDexsys\target\classes started by Alex in D:\TelegramBotDexsys)
12:35:53.570 [main] INFO  c.d.T.TelegramBotDexsysApplication - No active profile set, falling back to default profiles: default
12:35:59.271 [main] INFO  c.d.T.TelegramBotDexsysApplication - Started TelegramBotDexsysApplication in 6.324 seconds (JVM running for 7.145)
12:54:28.659 [main] INFO  c.d.T.TelegramBotDexsysApplication - Starting TelegramBotDexsysApplication on Alex-PC with PID 9172 (D:\TelegramBotDexsys\target\classes started by Alex in D:\TelegramBotDexsys)
12:54:28.701 [main] INFO  c.d.T.TelegramBotDexsysApplication - No active profile set, falling back to default profiles: default
12:54:35.550 [main] INFO  c.d.T.TelegramBotDexsysApplication - Started TelegramBotDexsysApplication in 7.507 seconds (JVM running for 8.289)
12:54:59.092 [main] INFO  c.d.T.TelegramBotDexsysApplication - Starting TelegramBotDexsysApplication on Alex-PC with PID 11688 (D:\TelegramBotDexsys\target\classes started by Alex in D:\TelegramBotDexsys)
12:54:59.096 [main] INFO  c.d.T.TelegramBotDexsysApplication - No active profile set, falling back to default profiles: default
12:55:05.041 [main] INFO  c.d.T.TelegramBotDexsysApplication - Started TelegramBotDexsysApplication in 6.37 seconds (JVM running for 7.12)
13:13:11.014 [main] INFO  c.d.T.TelegramBotDexsysApplication - Starting TelegramBotDexsysApplication on Alex-PC with PID 7656 (D:\TelegramBotDexsys\target\classes started by Alex in D:\TelegramBotDexsys)
13:13:11.017 [main] INFO  c.d.T.TelegramBotDexsysApplication - No active profile set, falling back to default profiles: default
13:13:17.173 [main] INFO  c.d.T.TelegramBotDexsysApplication - Started TelegramBotDexsysApplication in 6.669 seconds (JVM running for 7.441)
13:16:09.201 [main] INFO  c.d.T.TelegramBotDexsysApplication - Starting TelegramBotDexsysApplication on Alex-PC with PID 10472 (D:\TelegramBotDexsys\target\classes started by Alex in D:\TelegramBotDexsys)
13:16:09.206 [main] INFO  c.d.T.TelegramBotDexsysApplication - No active profile set, falling back to default profiles: default
13:16:15.764 [main] INFO  c.d.T.TelegramBotDexsysApplication - Started TelegramBotDexsysApplication in 7.221 seconds (JVM running for 7.924)
13:17:35.006 [main] INFO  c.d.T.TelegramBotDexsysApplication - Starting TelegramBotDexsysApplication on Alex-PC with PID 7880 (D:\TelegramBotDexsys\target\classes started by Alex in D:\TelegramBotDexsys)
13:17:35.010 [main] INFO  c.d.T.TelegramBotDexsysApplication - No active profile set, falling back to default profiles: default
13:17:41.121 [main] INFO  c.d.T.TelegramBotDexsysApplication - Started TelegramBotDexsysApplication in 6.691 seconds (JVM running for 7.444)
13:18:09.346 [main] INFO  c.d.T.TelegramBotDexsysApplication - Starting TelegramBotDexsysApplication on Alex-PC with PID 2068 (D:\TelegramBotDexsys\target\classes started by Alex in D:\TelegramBotDexsys)
13:18:09.348 [main] INFO  c.d.T.TelegramBotDexsysApplication - No active profile set, falling back to default profiles: default
13:18:14.997 [main] INFO  c.d.T.TelegramBotDexsysApplication - Started TelegramBotDexsysApplication in 6.139 seconds (JVM running for 6.866)
13:22:13.835 [main] INFO  c.d.T.TelegramBotDexsysApplication - Starting TelegramBotDexsysApplication on Alex-PC with PID 12120 (D:\TelegramBotDexsys\target\classes started by Alex in D:\TelegramBotDexsys)
13:22:13.838 [main] INFO  c.d.T.TelegramBotDexsysApplication - No active profile set, falling back to default profiles: default
13:22:20.404 [main] INFO  c.d.T.TelegramBotDexsysApplication - Started TelegramBotDexsysApplication in 6.962 seconds (JVM running for 10.89)
13:22:37.930 [main] INFO  c.d.T.TelegramBotDexsysApplication - Starting TelegramBotDexsysApplication on Alex-PC with PID 10404 (D:\TelegramBotDexsys\target\classes started by Alex in D:\TelegramBotDexsys)
13:22:37.933 [main] INFO  c.d.T.TelegramBotDexsysApplication - No active profile set, falling back to default profiles: default
13:22:44.142 [main] INFO  c.d.T.TelegramBotDexsysApplication - Started TelegramBotDexsysApplication in 6.77 seconds (JVM running for 7.946)
13:23:00.716 [main] INFO  c.d.T.TelegramBotDexsysApplication - Starting TelegramBotDexsysApplication on Alex-PC with PID 11688 (D:\TelegramBotDexsys\target\classes started by Alex in D:\TelegramBotDexsys)
13:23:00.722 [main] INFO  c.d.T.TelegramBotDexsysApplication - No active profile set, falling back to default profiles: default
13:23:07.390 [main] INFO  c.d.T.TelegramBotDexsysApplication - Started TelegramBotDexsysApplication in 7.314 seconds (JVM running for 8.382)
13:26:06.622 [main] INFO  c.d.T.TelegramBotDexsysApplication - Starting TelegramBotDexsysApplication on Alex-PC with PID 8760 (D:\TelegramBotDexsys\target\classes started by Alex in D:\TelegramBotDexsys)
13:26:06.628 [main] INFO  c.d.T.TelegramBotDexsysApplication - No active profile set, falling back to default profiles: default
13:26:13.588 [main] INFO  c.d.T.TelegramBotDexsysApplication - Started TelegramBotDexsysApplication in 7.568 seconds (JVM running for 8.655)
13:27:36.927 [main] INFO  c.d.T.TelegramBotDexsysApplication - Starting TelegramBotDexsysApplication on Alex-PC with PID 3548 (D:\TelegramBotDexsys\target\classes started by Alex in D:\TelegramBotDexsys)
13:27:36.930 [main] INFO  c.d.T.TelegramBotDexsysApplication - No active profile set, falling back to default profiles: default
13:27:42.575 [main] INFO  c.d.T.TelegramBotDexsysApplication - Started TelegramBotDexsysApplication in 6.214 seconds (JVM running for 6.925)
13:28:41.969 [main] INFO  c.d.T.TelegramBotDexsysApplication - Starting TelegramBotDexsysApplication on Alex-PC with PID 9728 (D:\TelegramBotDexsys\target\classes started by Alex in D:\TelegramBotDexsys)
13:28:41.973 [main] INFO  c.d.T.TelegramBotDexsysApplication - No active profile set, falling back to default profiles: default
13:28:47.671 [main] INFO  c.d.T.TelegramBotDexsysApplication - Started TelegramBotDexsysApplication in 6.33 seconds (JVM running for 7.094)
15:50:14.672 [main] INFO  c.d.T.TelegramBotDexsysApplication - Starting TelegramBotDexsysApplication on Alex-PC with PID 10232 (D:\TelegramBotDexsys\target\classes started by Alex in D:\TelegramBotDexsys)
15:50:14.690 [main] INFO  c.d.T.TelegramBotDexsysApplication - No active profile set, falling back to default profiles: default
15:50:20.646 [main] INFO  c.d.T.TelegramBotDexsysApplication - Starting TelegramBotDexsysApplication on Alex-PC with PID 11340 (D:\TelegramBotDexsys\target\classes started by Alex in D:\TelegramBotDexsys)
15:50:20.649 [main] INFO  c.d.T.TelegramBotDexsysApplication - No active profile set, falling back to default profiles: default
15:50:26.746 [main] INFO  c.d.T.TelegramBotDexsysApplication - Started TelegramBotDexsysApplication in 6.617 seconds (JVM running for 7.331)
15:50:46.072 [main] INFO  c.d.T.TelegramBotDexsysApplication - Starting TelegramBotDexsysApplication on Alex-PC with PID 6716 (D:\TelegramBotDexsys\target\classes started by Alex in D:\TelegramBotDexsys)
15:50:46.080 [main] INFO  c.d.T.TelegramBotDexsysApplication - No active profile set, falling back to default profiles: default
15:50:51.712 [main] INFO  c.d.T.TelegramBotDexsysApplication - Started TelegramBotDexsysApplication in 6.198 seconds (JVM running for 6.91)
16:06:55.237 [main] INFO  c.d.T.TelegramBotDexsysApplication - Starting TelegramBotDexsysApplication on Alex-PC with PID 11108 (D:\TelegramBotDexsys\target\classes started by Alex in D:\TelegramBotDexsys)
16:06:55.240 [main] INFO  c.d.T.TelegramBotDexsysApplication - No active profile set, falling back to default profiles: default
16:07:01.253 [main] INFO  c.d.T.TelegramBotDexsysApplication - Started TelegramBotDexsysApplication in 6.524 seconds (JVM running for 7.376)
16:16:45.493 [main] INFO  c.d.T.TelegramBotDexsysApplication - Starting TelegramBotDexsysApplication on Alex-PC with PID 7812 (D:\TelegramBotDexsys\target\classes started by Alex in D:\TelegramBotDexsys)
16:16:45.496 [main] INFO  c.d.T.TelegramBotDexsysApplication - No active profile set, falling back to default profiles: default
16:16:51.491 [main] INFO  c.d.T.TelegramBotDexsysApplication - Started TelegramBotDexsysApplication in 6.749 seconds (JVM running for 7.43)
16:24:10.892 [main] INFO  c.d.T.TelegramBotDexsysApplication - Starting TelegramBotDexsysApplication on Alex-PC with PID 12456 (D:\TelegramBotDexsys\target\classes started by Alex in D:\TelegramBotDexsys)
16:24:10.908 [main] INFO  c.d.T.TelegramBotDexsysApplication - No active profile set, falling back to default profiles: default
16:24:18.762 [main] INFO  c.d.T.TelegramBotDexsysApplication - Started TelegramBotDexsysApplication in 9.15 seconds (JVM running for 10.549)
16:25:28.331 [main] INFO  c.d.T.TelegramBotDexsysApplication - Starting TelegramBotDexsysApplication on Alex-PC with PID 12960 (D:\TelegramBotDexsys\target\classes started by Alex in D:\TelegramBotDexsys)
16:25:28.339 [main] INFO  c.d.T.TelegramBotDexsysApplication - No active profile set, falling back to default profiles: default
16:25:34.264 [main] INFO  c.d.T.TelegramBotDexsysApplication - Started TelegramBotDexsysApplication in 6.463 seconds (JVM running for 7.154)
16:26:59.911 [main] INFO  c.d.T.TelegramBotDexsysApplication - Starting TelegramBotDexsysApplication on Alex-PC with PID 14008 (D:\TelegramBotDexsys\target\classes started by Alex in D:\TelegramBotDexsys)
16:26:59.914 [main] INFO  c.d.T.TelegramBotDexsysApplication - No active profile set, falling back to default profiles: default
16:27:06.316 [main] INFO  c.d.T.TelegramBotDexsysApplication - Started TelegramBotDexsysApplication in 6.915 seconds (JVM running for 7.718)
16:27:54.571 [main] INFO  c.d.T.TelegramBotDexsysApplication - Starting TelegramBotDexsysApplication on Alex-PC with PID 13108 (D:\TelegramBotDexsys\target\classes started by Alex in D:\TelegramBotDexsys)
16:27:54.574 [main] INFO  c.d.T.TelegramBotDexsysApplication - No active profile set, falling back to default profiles: default
16:28:00.656 [main] INFO  c.d.T.TelegramBotDexsysApplication - Started TelegramBotDexsysApplication in 6.718 seconds (JVM running for 7.47)
16:28:33.238 [main] INFO  c.d.T.TelegramBotDexsysApplication - Starting TelegramBotDexsysApplication on Alex-PC with PID 12924 (D:\TelegramBotDexsys\target\classes started by Alex in D:\TelegramBotDexsys)
16:28:33.241 [main] INFO  c.d.T.TelegramBotDexsysApplication - No active profile set, falling back to default profiles: default
16:28:39.420 [main] INFO  c.d.T.TelegramBotDexsysApplication - Started TelegramBotDexsysApplication in 6.873 seconds (JVM running for 7.6)
16:30:25.816 [main] INFO  c.d.T.TelegramBotDexsysApplication - Starting TelegramBotDexsysApplication on Alex-PC with PID 6320 (D:\TelegramBotDexsys\target\classes started by Alex in D:\TelegramBotDexsys)
16:30:25.820 [main] INFO  c.d.T.TelegramBotDexsysApplication - No active profile set, falling back to default profiles: default
16:30:33.372 [main] INFO  c.d.T.TelegramBotDexsysApplication - Started TelegramBotDexsysApplication in 8.235 seconds (JVM running for 8.953)
16:30:43.552 [main] INFO  c.d.T.TelegramBotDexsysApplication - Starting TelegramBotDexsysApplication on Alex-PC with PID 1456 (D:\TelegramBotDexsys\target\classes started by Alex in D:\TelegramBotDexsys)
16:30:43.556 [main] INFO  c.d.T.TelegramBotDexsysApplication - No active profile set, falling back to default profiles: default
16:30:49.435 [main] INFO  c.d.T.TelegramBotDexsysApplication - Started TelegramBotDexsysApplication in 6.371 seconds (JVM running for 7.076)
16:31:07.307 [main] INFO  c.d.T.TelegramBotDexsysApplication - Starting TelegramBotDexsysApplication on Alex-PC with PID 9896 (D:\TelegramBotDexsys\target\classes started by Alex in D:\TelegramBotDexsys)
16:31:07.317 [main] INFO  c.d.T.TelegramBotDexsysApplication - No active profile set, falling back to default profiles: default
16:31:13.059 [main] INFO  c.d.T.TelegramBotDexsysApplication - Started TelegramBotDexsysApplication in 6.333 seconds (JVM running for 6.982)
16:32:14.307 [main] INFO  c.d.T.TelegramBotDexsysApplication - Starting TelegramBotDexsysApplication on Alex-PC with PID 13780 (D:\TelegramBotDexsys\target\classes started by Alex in D:\TelegramBotDexsys)
16:32:14.312 [main] INFO  c.d.T.TelegramBotDexsysApplication - No active profile set, falling back to default profiles: default
16:32:20.978 [main] INFO  c.d.T.TelegramBotDexsysApplication - Started TelegramBotDexsysApplication in 7.321 seconds (JVM running for 8.081)
16:33:52.857 [main] INFO  c.d.T.TelegramBotDexsysApplication - Starting TelegramBotDexsysApplication on Alex-PC with PID 12380 (D:\TelegramBotDexsys\target\classes started by Alex in D:\TelegramBotDexsys)
16:33:52.860 [main] INFO  c.d.T.TelegramBotDexsysApplication - No active profile set, falling back to default profiles: default
16:33:58.567 [main] INFO  c.d.T.TelegramBotDexsysApplication - Started TelegramBotDexsysApplication in 6.279 seconds (JVM running for 6.947)
16:35:09.357 [main] INFO  c.d.T.TelegramBotDexsysApplication - Starting TelegramBotDexsysApplication on Alex-PC with PID 13224 (D:\TelegramBotDexsys\target\classes started by Alex in D:\TelegramBotDexsys)
16:35:09.360 [main] INFO  c.d.T.TelegramBotDexsysApplication - No active profile set, falling back to default profiles: default
16:35:16.275 [main] INFO  c.d.T.TelegramBotDexsysApplication - Started TelegramBotDexsysApplication in 7.548 seconds (JVM running for 8.474)
16:40:41.453 [main] INFO  c.d.T.TelegramBotDexsysApplication - Starting TelegramBotDexsysApplication on Alex-PC with PID 5056 (D:\TelegramBotDexsys\target\classes started by Alex in D:\TelegramBotDexsys)
16:40:41.464 [main] INFO  c.d.T.TelegramBotDexsysApplication - No active profile set, falling back to default profiles: default
16:40:47.298 [main] INFO  c.d.T.TelegramBotDexsysApplication - Started TelegramBotDexsysApplication in 6.449 seconds (JVM running for 7.223)
16:45:28.294 [main] INFO  c.d.T.TelegramBotDexsysApplication - Starting TelegramBotDexsysApplication on Alex-PC with PID 13792 (D:\TelegramBotDexsys\target\classes started by Alex in D:\TelegramBotDexsys)
16:45:28.297 [main] INFO  c.d.T.TelegramBotDexsysApplication - No active profile set, falling back to default profiles: default
16:45:34.391 [main] INFO  c.d.T.TelegramBotDexsysApplication - Started TelegramBotDexsysApplication in 6.684 seconds (JVM running for 7.41)
16:46:06.269 [main] INFO  c.d.T.TelegramBotDexsysApplication - Starting TelegramBotDexsysApplication on Alex-PC with PID 11880 (D:\TelegramBotDexsys\target\classes started by Alex in D:\TelegramBotDexsys)
16:46:06.272 [main] INFO  c.d.T.TelegramBotDexsysApplication - No active profile set, falling back to default profiles: default
16:46:12.032 [main] INFO  c.d.T.TelegramBotDexsysApplication - Started TelegramBotDexsysApplication in 6.361 seconds (JVM running for 7.105)
16:46:25.775 [main] INFO  c.d.T.TelegramBotDexsysApplication - Starting TelegramBotDexsysApplication on Alex-PC with PID 1160 (D:\TelegramBotDexsys\target\classes started by Alex in D:\TelegramBotDexsys)
16:46:25.778 [main] INFO  c.d.T.TelegramBotDexsysApplication - No active profile set, falling back to default profiles: default
16:46:31.762 [main] INFO  c.d.T.TelegramBotDexsysApplication - Started TelegramBotDexsysApplication in 6.563 seconds (JVM running for 7.32)
16:47:53.628 [main] INFO  c.d.T.TelegramBotDexsysApplication - Starting TelegramBotDexsysApplication on Alex-PC with PID 13728 (D:\TelegramBotDexsys\target\classes started by Alex in D:\TelegramBotDexsys)
16:47:53.644 [main] INFO  c.d.T.TelegramBotDexsysApplication - No active profile set, falling back to default profiles: default
16:47:59.853 [main] INFO  c.d.T.TelegramBotDexsysApplication - Started TelegramBotDexsysApplication in 6.799 seconds (JVM running for 7.543)
16:52:12.767 [main] INFO  c.d.T.TelegramBotDexsysApplication - Starting TelegramBotDexsysApplication on Alex-PC with PID 13560 (D:\TelegramBotDexsys\target\classes started by Alex in D:\TelegramBotDexsys)
16:52:12.774 [main] INFO  c.d.T.TelegramBotDexsysApplication - No active profile set, falling back to default profiles: default
16:52:21.393 [main] INFO  c.d.T.TelegramBotDexsysApplication - Started TelegramBotDexsysApplication in 9.403 seconds (JVM running for 10.799)
16:53:03.699 [main] INFO  c.d.T.TelegramBotDexsysApplication - Starting TelegramBotDexsysApplication on Alex-PC with PID 13320 (D:\TelegramBotDexsys\target\classes started by Alex in D:\TelegramBotDexsys)
16:53:03.706 [main] INFO  c.d.T.TelegramBotDexsysApplication - No active profile set, falling back to default profiles: default
16:53:09.325 [main] INFO  c.d.T.TelegramBotDexsysApplication - Started TelegramBotDexsysApplication in 6.235 seconds (JVM running for 6.944)
11:37:19.686 [main] INFO  c.d.T.TelegramBotDexsysApplication - Starting TelegramBotDexsysApplication on Alex-PC with PID 9848 (D:\TelegramBotDexsys\target\classes started by Alex in D:\TelegramBotDexsys)
11:37:19.706 [main] INFO  c.d.T.TelegramBotDexsysApplication - No active profile set, falling back to default profiles: default
11:37:52.280 [main] INFO  c.d.T.TelegramBotDexsysApplication - Started TelegramBotDexsysApplication in 33.565 seconds (JVM running for 35.416)
11:38:07.884 [BDayDexsysBot Telegram Executor] INFO  c.d.T.a.c.t.RepeaterHandler - Отправлено сообщение "hi" в чат 935193822
11:38:09.609 [BDayDexsysBot Telegram Executor] INFO  c.d.T.a.c.t.RepeaterHandler - Отправлено сообщение "INFO" в чат 935193822
11:39:27.824 [main] INFO  c.d.T.TelegramBotDexsysApplication - Starting TelegramBotDexsysApplication on Alex-PC with PID 12156 (D:\TelegramBotDexsys\target\classes started by Alex in D:\TelegramBotDexsys)
11:39:27.834 [main] INFO  c.d.T.TelegramBotDexsysApplication - No active profile set, falling back to default profiles: default
11:39:33.581 [main] INFO  c.d.T.TelegramBotDexsysApplication - Started TelegramBotDexsysApplication in 6.379 seconds (JVM running for 7.626)
11:41:36.957 [main] INFO  c.d.T.TelegramBotDexsysApplication - Starting TelegramBotDexsysApplication on Alex-PC with PID 8108 (D:\TelegramBotDexsys\target\classes started by Alex in D:\TelegramBotDexsys)
11:41:36.960 [main] INFO  c.d.T.TelegramBotDexsysApplication - No active profile set, falling back to default profiles: default
11:41:42.742 [main] INFO  c.d.T.TelegramBotDexsysApplication - Started TelegramBotDexsysApplication in 6.429 seconds (JVM running for 7.276)
11:41:47.956 [BDayDexsysBot Telegram Executor] INFO  c.d.T.d.repositories.UserRepository - Добавлен пользователь в базу данных с телефоном +79501617728
11:49:45.091 [BDayDexsysBot Telegram Executor] INFO  c.d.T.a.c.t.RepeaterHandler - Отправлено сообщение "INFO" в чат 935193822
11:58:20.750 [BDayDexsysBot Telegram Executor] INFO  c.d.T.a.c.t.RepeaterHandler - Отправлено сообщение "INFO" в чат 935193822
11:59:19.814 [BDayDexsysBot Telegram Executor] INFO  c.d.T.a.c.t.RepeaterHandler - Отправлено сообщение "INFO" в чат 935193822
12:00:15.055 [main] INFO  c.d.T.TelegramBotDexsysApplication - Starting TelegramBotDexsysApplication on Alex-PC with PID 11816 (D:\TelegramBotDexsys\target\classes started by Alex in D:\TelegramBotDexsys)
12:00:15.058 [main] INFO  c.d.T.TelegramBotDexsysApplication - No active profile set, falling back to default profiles: default
12:00:21.704 [main] INFO  c.d.T.TelegramBotDexsysApplication - Started TelegramBotDexsysApplication in 7.096 seconds (JVM running for 9.018)
12:00:25.782 [BDayDexsysBot Telegram Executor] INFO  c.d.T.d.repositories.UserRepository - Добавлен пользователь в базу данных с телефоном +79501617728
12:05:02.618 [main] INFO  c.d.T.TelegramBotDexsysApplication - Starting TelegramBotDexsysApplication on Alex-PC with PID 12084 (D:\TelegramBotDexsys\target\classes started by Alex in D:\TelegramBotDexsys)
12:05:02.621 [main] INFO  c.d.T.TelegramBotDexsysApplication - No active profile set, falling back to default profiles: default
12:05:08.305 [main] INFO  c.d.T.TelegramBotDexsysApplication - Started TelegramBotDexsysApplication in 6.265 seconds (JVM running for 6.968)
12:05:13.715 [BDayDexsysBot Telegram Executor] INFO  c.d.T.d.repositories.UserRepository - Добавлен пользователь в базу данных с телефоном +79501617728
12:05:16.104 [BDayDexsysBot Telegram Executor] INFO  c.d.T.a.c.t.RepeaterHandler - Отправлено сообщение "Показать пользователей" в чат 935193822
12:07:23.509 [BDayDexsysBot Telegram Executor] INFO  c.d.T.a.c.t.RepeaterHandler - Отправлено сообщение "INFO" в чат 935193822
13:04:23.033 [main] INFO  c.d.T.TelegramBotDexsysApplication - Starting TelegramBotDexsysApplication on Alex-PC with PID 11996 (D:\TelegramBotDexsys\target\classes started by Alex in D:\TelegramBotDexsys)
13:04:23.036 [main] INFO  c.d.T.TelegramBotDexsysApplication - No active profile set, falling back to default profiles: default
13:04:28.916 [main] INFO  c.d.T.TelegramBotDexsysApplication - Started TelegramBotDexsysApplication in 6.439 seconds (JVM running for 7.193)
13:04:32.545 [BDayDexsysBot Telegram Executor] INFO  c.d.T.a.c.t.RepeaterHandler - Отправлено сообщение "hi" в чат 935193822
13:04:34.408 [BDayDexsysBot Telegram Executor] INFO  c.d.T.a.c.t.RepeaterHandler - Отправлено сообщение "INFO" в чат 935193822
13:04:38.113 [BDayDexsysBot Telegram Executor] INFO  c.d.T.d.repositories.UserRepository - Добавлен пользователь в базу данных с телефоном +79501617728
13:04:40.715 [BDayDexsysBot Telegram Executor] INFO  c.d.T.a.c.t.RepeaterHandler - Отправлено сообщение "Показать профиль" в чат 935193822
13:04:53.749 [BDayDexsysBot Telegram Executor] INFO  c.d.T.a.c.t.RepeaterHandler - Отправлено сообщение "Очистить профиль" в чат 935193822
13:06:00.174 [main] INFO  c.d.T.TelegramBotDexsysApplication - Starting TelegramBotDexsysApplication on Alex-PC with PID 6544 (D:\TelegramBotDexsys\target\classes started by Alex in D:\TelegramBotDexsys)
13:06:00.178 [main] INFO  c.d.T.TelegramBotDexsysApplication - No active profile set, falling back to default profiles: default
13:06:05.790 [main] INFO  c.d.T.TelegramBotDexsysApplication - Started TelegramBotDexsysApplication in 6.237 seconds (JVM running for 7.0)
13:06:08.840 [BDayDexsysBot Telegram Executor] INFO  c.d.T.a.c.t.RepeaterHandler - Отправлено сообщение "hi" в чат 935193822
13:06:12.125 [BDayDexsysBot Telegram Executor] INFO  c.d.T.a.c.t.RepeaterHandler - Отправлено сообщение "hey" в чат 935193822
13:06:14.047 [BDayDexsysBot Telegram Executor] INFO  c.d.T.d.repositories.UserRepository - Добавлен пользователь в базу данных с телефоном +79501617728
13:06:16.186 [BDayDexsysBot Telegram Executor] INFO  c.d.T.a.c.t.RepeaterHandler - Отправлено сообщение "Показать пользователей" в чат 935193822
13:06:17.429 [BDayDexsysBot Telegram Executor] INFO  c.d.T.a.c.t.RepeaterHandler - Отправлено сообщение "Показать профиль" в чат 935193822
13:06:20.011 [BDayDexsysBot Telegram Executor] INFO  c.d.T.a.c.t.RepeaterHandler - Отправлено сообщение "INFO" в чат 935193822
13:06:21.947 [BDayDexsysBot Telegram Executor] INFO  c.d.T.a.c.t.RepeaterHandler - Отправлено сообщение "hey" в чат 935193822
13:06:22.892 [BDayDexsysBot Telegram Executor] INFO  c.d.T.a.c.t.RepeaterHandler - Отправлено сообщение "Очистить профиль" в чат 935193822
13:06:26.970 [BDayDexsysBot Telegram Executor] INFO  c.d.T.a.c.t.RepeaterHandler - Отправлено сообщение "hi" в чат 935193822
15:18:03.891 [main] INFO  c.d.T.TelegramBotDexsysApplication - Starting TelegramBotDexsysApplication on Alex-PC with PID 4780 (D:\TelegramBotDexsys\target\classes started by Alex in D:\TelegramBotDexsys)
15:18:03.895 [main] INFO  c.d.T.TelegramBotDexsysApplication - No active profile set, falling back to default profiles: default
15:18:09.665 [main] INFO  c.d.T.TelegramBotDexsysApplication - Started TelegramBotDexsysApplication in 6.458 seconds (JVM running for 7.255)
13:30:43.273 [main] INFO  c.d.T.TelegramBotDexsysApplication - Starting TelegramBotDexsysApplication on Alex-PC with PID 12072 (D:\TelegramBotDexsys\target\classes started by Alex in D:\TelegramBotDexsys)
13:30:43.277 [main] INFO  c.d.T.TelegramBotDexsysApplication - No active profile set, falling back to default profiles: default
13:30:48.887 [main] INFO  c.d.T.TelegramBotDexsysApplication - Started TelegramBotDexsysApplication in 6.214 seconds (JVM running for 6.973)
13:30:51.569 [BDayDexsysBot Telegram Executor] INFO  c.d.T.a.c.t.RepeaterHandler - Отправлено сообщение "hi" в чат 935193822
13:30:53.167 [BDayDexsysBot Telegram Executor] INFO  c.d.T.a.c.t.RepeaterHandler - Отправлено сообщение "hey" в чат 935193822
13:30:53.811 [BDayDexsysBot Telegram Executor] INFO  c.d.T.a.c.t.RepeaterHandler - Отправлено сообщение "INFO" в чат 935193822
13:30:56.095 [BDayDexsysBot Telegram Executor] INFO  c.d.T.d.repositories.UserRepository - Добавлен пользователь в базу данных с телефоном +79501617728
13:30:58.077 [BDayDexsysBot Telegram Executor] INFO  c.d.T.a.c.t.RepeaterHandler - Отправлено сообщение "Показать пользователей" в чат 935193822
13:30:59.459 [BDayDexsysBot Telegram Executor] INFO  c.d.T.a.c.t.RepeaterHandler - Отправлено сообщение "Показать профиль" в чат 935193822
13:31:01.377 [BDayDexsysBot Telegram Executor] INFO  c.d.T.a.c.t.RepeaterHandler - Отправлено сообщение "hey" в чат 935193822
13:31:07.349 [BDayDexsysBot Telegram Executor] INFO  c.d.T.a.c.t.RepeaterHandler - Отправлено сообщение "INFO" в чат 935193822
13:31:09.370 [BDayDexsysBot Telegram Executor] INFO  c.d.T.a.c.t.RepeaterHandler - Отправлено сообщение "Очистить профиль" в чат 935193822
13:32:53.057 [main] INFO  c.d.T.TelegramBotDexsysApplication - Starting TelegramBotDexsysApplication on Alex-PC with PID 7748 (D:\TelegramBotDexsys\target\classes started by Alex in D:\TelegramBotDexsys)
13:32:53.060 [main] INFO  c.d.T.TelegramBotDexsysApplication - No active profile set, falling back to default profiles: default
13:32:58.929 [main] INFO  c.d.T.TelegramBotDexsysApplication - Started TelegramBotDexsysApplication in 6.552 seconds (JVM running for 7.276)
13:33:04.685 [BDayDexsysBot Telegram Executor] INFO  c.d.T.a.c.t.RepeaterHandler - Отправлено сообщение "hi" в чат 935193822
13:33:05.589 [BDayDexsysBot Telegram Executor] INFO  c.d.T.a.c.t.RepeaterHandler - Отправлено сообщение "hey" в чат 935193822
13:33:06.497 [BDayDexsysBot Telegram Executor] INFO  c.d.T.a.c.t.RepeaterHandler - Отправлено сообщение "INFO" в чат 935193822
13:33:09.187 [BDayDexsysBot Telegram Executor] INFO  c.d.T.d.repositories.UserRepository - Добавлен пользователь в базу данных с телефоном +79501617728
13:33:11.503 [BDayDexsysBot Telegram Executor] INFO  c.d.T.a.c.t.RepeaterHandler - Отправлено сообщение "Показать профиль" в чат 935193822
13:33:12.401 [BDayDexsysBot Telegram Executor] INFO  c.d.T.a.c.t.RepeaterHandler - Отправлено сообщение "Показать пользователей" в чат 935193822
13:33:14.181 [BDayDexsysBot Telegram Executor] INFO  c.d.T.a.c.t.RepeaterHandler - Отправлено сообщение "INFO" в чат 935193822
13:33:15.974 [BDayDexsysBot Telegram Executor] INFO  c.d.T.a.c.t.RepeaterHandler - Отправлено сообщение "hey" в чат 935193822
13:33:19.196 [BDayDexsysBot Telegram Executor] INFO  c.d.T.a.c.t.RepeaterHandler - Отправлено сообщение "Очистить профиль" в чат 935193822
13:34:05.053 [main] INFO  c.d.T.TelegramBotDexsysApplication - Starting TelegramBotDexsysApplication on Alex-PC with PID 9592 (D:\TelegramBotDexsys\target\classes started by Alex in D:\TelegramBotDexsys)
13:34:05.057 [main] INFO  c.d.T.TelegramBotDexsysApplication - No active profile set, falling back to default profiles: default
13:34:10.657 [main] INFO  c.d.T.TelegramBotDexsysApplication - Started TelegramBotDexsysApplication in 6.248 seconds (JVM running for 6.987)
13:34:14.247 [BDayDexsysBot Telegram Executor] INFO  c.d.T.a.c.t.RepeaterHandler - Отправлено сообщение "hi" в чат 935193822
13:34:16.001 [BDayDexsysBot Telegram Executor] INFO  c.d.T.a.c.t.RepeaterHandler - Отправлено сообщение "hey" в чат 935193822
13:34:17.320 [BDayDexsysBot Telegram Executor] INFO  c.d.T.a.c.t.RepeaterHandler - Отправлено сообщение "INFO" в чат 935193822
13:34:23.916 [BDayDexsysBot Telegram Executor] INFO  c.d.T.d.repositories.UserRepository - Добавлен пользователь в базу данных с телефоном +79501617728
13:34:25.531 [BDayDexsysBot Telegram Executor] INFO  c.d.T.a.c.t.RepeaterHandler - Отправлено сообщение "Показать пользователей" в чат 935193822
13:34:26.165 [BDayDexsysBot Telegram Executor] INFO  c.d.T.a.c.t.RepeaterHandler - Отправлено сообщение "Показать профиль" в чат 935193822
13:34:27.017 [BDayDexsysBot Telegram Executor] INFO  c.d.T.a.c.t.RepeaterHandler - Отправлено сообщение "INFO" в чат 935193822
13:34:28.500 [BDayDexsysBot Telegram Executor] INFO  c.d.T.a.c.t.RepeaterHandler - Отправлено сообщение "hey" в чат 935193822
13:34:29.856 [BDayDexsysBot Telegram Executor] INFO  c.d.T.a.c.t.RepeaterHandler - Отправлено сообщение "Очистить профиль" в чат 935193822
13:36:47.308 [main] INFO  c.d.T.TelegramBotDexsysApplication - Starting TelegramBotDexsysApplication on Alex-PC with PID 11704 (D:\TelegramBotDexsys\target\classes started by Alex in D:\TelegramBotDexsys)
13:36:47.312 [main] INFO  c.d.T.TelegramBotDexsysApplication - No active profile set, falling back to default profiles: default
13:36:52.927 [main] INFO  c.d.T.TelegramBotDexsysApplication - Started TelegramBotDexsysApplication in 6.269 seconds (JVM running for 7.044)
13:37:03.341 [BDayDexsysBot Telegram Executor] INFO  c.d.T.a.c.t.RepeaterHandler - Отправлено сообщение "hi" в чат 935193822
13:37:03.878 [BDayDexsysBot Telegram Executor] INFO  c.d.T.a.c.t.RepeaterHandler - Отправлено сообщение "hey" в чат 935193822
13:37:04.822 [BDayDexsysBot Telegram Executor] INFO  c.d.T.a.c.t.RepeaterHandler - Отправлено сообщение "INFO" в чат 935193822
13:37:06.938 [BDayDexsysBot Telegram Executor] INFO  c.d.T.d.repositories.UserRepository - Добавлен пользователь в базу данных с телефоном +79501617728
13:37:08.430 [BDayDexsysBot Telegram Executor] INFO  c.d.T.a.c.t.RepeaterHandler - Отправлено сообщение "Показать профиль" в чат 935193822
13:37:08.978 [BDayDexsysBot Telegram Executor] INFO  c.d.T.a.c.t.RepeaterHandler - Отправлено сообщение "Показать пользователей" в чат 935193822
13:37:09.979 [BDayDexsysBot Telegram Executor] INFO  c.d.T.a.c.t.RepeaterHandler - Отправлено сообщение "INFO" в чат 935193822
13:37:11.329 [BDayDexsysBot Telegram Executor] INFO  c.d.T.a.c.t.RepeaterHandler - Отправлено сообщение "hey" в чат 935193822
13:37:12.323 [BDayDexsysBot Telegram Executor] INFO  c.d.T.a.c.t.RepeaterHandler - Отправлено сообщение "Очистить профиль" в чат 935193822
13:37:14.185 [BDayDexsysBot Telegram Executor] INFO  c.d.T.a.c.t.RepeaterHandler - Отправлено сообщение "INFO" в чат 935193822
13:37:17.309 [BDayDexsysBot Telegram Executor] INFO  c.d.T.d.repositories.UserRepository - Добавлен пользователь в базу данных с телефоном +79501617728
13:37:18.659 [BDayDexsysBot Telegram Executor] INFO  c.d.T.a.c.t.RepeaterHandler - Отправлено сообщение "Показать профиль" в чат 935193822
13:37:19.519 [BDayDexsysBot Telegram Executor] INFO  c.d.T.a.c.t.RepeaterHandler - Отправлено сообщение "Очистить профиль" в чат 935193822
15:18:48.700 [main] INFO  c.d.T.TelegramBotDexsysApplication - Starting TelegramBotDexsysApplication on Alex-PC with PID 9664 (D:\TelegramBotDexsys\target\classes started by Alex in D:\TelegramBotDexsys)
15:18:48.726 [main] INFO  c.d.T.TelegramBotDexsysApplication - No active profile set, falling back to default profiles: default
15:18:54.621 [main] INFO  c.d.T.TelegramBotDexsysApplication - Started TelegramBotDexsysApplication in 6.494 seconds (JVM running for 7.25)
15:25:24.124 [main] INFO  c.d.T.TelegramBotDexsysApplication - Starting TelegramBotDexsysApplication on Alex-PC with PID 8632 (D:\TelegramBotDexsys\target\classes started by Alex in D:\TelegramBotDexsys)
15:25:24.127 [main] INFO  c.d.T.TelegramBotDexsysApplication - No active profile set, falling back to default profiles: default
15:25:29.783 [main] INFO  c.d.T.TelegramBotDexsysApplication - Started TelegramBotDexsysApplication in 6.22 seconds (JVM running for 6.924)
15:27:59.677 [main] INFO  c.d.T.TelegramBotDexsysApplication - Starting TelegramBotDexsysApplication on Alex-PC with PID 6108 (D:\TelegramBotDexsys\target\classes started by Alex in D:\TelegramBotDexsys)
15:27:59.683 [main] INFO  c.d.T.TelegramBotDexsysApplication - No active profile set, falling back to default profiles: default
15:28:05.547 [main] INFO  c.d.T.TelegramBotDexsysApplication - Started TelegramBotDexsysApplication in 6.508 seconds (JVM running for 7.245)
15:30:38.653 [main] INFO  c.d.T.TelegramBotDexsysApplication - Starting TelegramBotDexsysApplication on Alex-PC with PID 8340 (D:\TelegramBotDexsys\target\classes started by Alex in D:\TelegramBotDexsys)
15:30:38.656 [main] INFO  c.d.T.TelegramBotDexsysApplication - No active profile set, falling back to default profiles: default
15:30:44.767 [main] INFO  c.d.T.TelegramBotDexsysApplication - Started TelegramBotDexsysApplication in 6.786 seconds (JVM running for 7.51)
15:30:56.308 [BDayDexsysBot Telegram Executor] INFO  c.d.T.a.c.t.RepeaterHandler - Отправлено сообщение "INFO" в чат 935193822
15:35:26.820 [main] INFO  c.d.T.TelegramBotDexsysApplication - Starting TelegramBotDexsysApplication on Alex-PC with PID 2680 (D:\TelegramBotDexsys\target\classes started by Alex in D:\TelegramBotDexsys)
15:35:26.824 [main] INFO  c.d.T.TelegramBotDexsysApplication - No active profile set, falling back to default profiles: default
15:35:33.061 [main] INFO  c.d.T.TelegramBotDexsysApplication - Started TelegramBotDexsysApplication in 6.933 seconds (JVM running for 7.832)
15:37:14.464 [main] INFO  c.d.T.TelegramBotDexsysApplication - Starting TelegramBotDexsysApplication on Alex-PC with PID 6384 (D:\TelegramBotDexsys\target\classes started by Alex in D:\TelegramBotDexsys)
15:37:14.467 [main] INFO  c.d.T.TelegramBotDexsysApplication - No active profile set, falling back to default profiles: default
15:37:20.921 [main] INFO  c.d.T.TelegramBotDexsysApplication - Started TelegramBotDexsysApplication in 7.203 seconds (JVM running for 8.074)
15:40:50.192 [main] INFO  c.d.T.TelegramBotDexsysApplication - Starting TelegramBotDexsysApplication on Alex-PC with PID 12068 (D:\TelegramBotDexsys\target\classes started by Alex in D:\TelegramBotDexsys)
15:40:50.195 [main] INFO  c.d.T.TelegramBotDexsysApplication - No active profile set, falling back to default profiles: default
15:40:55.668 [main] INFO  c.d.T.TelegramBotDexsysApplication - Started TelegramBotDexsysApplication in 6.007 seconds (JVM running for 6.682)
15:40:58.803 [BDayDexsysBot Telegram Executor] INFO  c.d.T.a.c.t.RepeaterHandler - Отправлено сообщение "hi" в чат 935193822
15:41:00.250 [BDayDexsysBot Telegram Executor] INFO  c.d.T.a.c.t.RepeaterHandler - Отправлено сообщение "hey" в чат 935193822
15:41:02.077 [BDayDexsysBot Telegram Executor] INFO  c.d.T.d.repositories.UserRepository - Добавлен пользователь в базу данных с телефоном +79501617728
15:41:28.615 [main] INFO  c.d.T.TelegramBotDexsysApplication - Starting TelegramBotDexsysApplication on Alex-PC with PID 11188 (D:\TelegramBotDexsys\target\classes started by Alex in D:\TelegramBotDexsys)
15:41:28.619 [main] INFO  c.d.T.TelegramBotDexsysApplication - No active profile set, falling back to default profiles: default
15:41:34.414 [main] INFO  c.d.T.TelegramBotDexsysApplication - Started TelegramBotDexsysApplication in 6.447 seconds (JVM running for 7.125)
15:41:37.777 [BDayDexsysBot Telegram Executor] INFO  c.d.T.a.c.t.RepeaterHandler - Отправлено сообщение "INFO" в чат 935193822
15:41:40.493 [BDayDexsysBot Telegram Executor] INFO  c.d.T.d.repositories.UserRepository - Добавлен пользователь в базу данных с телефоном +79501617728
15:41:42.221 [BDayDexsysBot Telegram Executor] INFO  c.d.T.a.c.t.RepeaterHandler - Отправлено сообщение "Показать профиль" в чат 935193822
15:41:42.973 [BDayDexsysBot Telegram Executor] INFO  c.d.T.a.c.t.RepeaterHandler - Отправлено сообщение "Показать пользователей" в чат 935193822
15:41:44.281 [BDayDexsysBot Telegram Executor] INFO  c.d.T.a.c.t.RepeaterHandler - Отправлено сообщение "Очистить профиль" в чат 935193822
15:41:46.623 [BDayDexsysBot Telegram Executor] INFO  c.d.T.d.repositories.UserRepository - Добавлен пользователь в базу данных с телефоном +79501617728
15:41:48.151 [BDayDexsysBot Telegram Executor] INFO  c.d.T.a.c.t.RepeaterHandler - Отправлено сообщение "Очистить профиль" в чат 935193822
15:41:50.440 [BDayDexsysBot Telegram Executor] INFO  c.d.T.d.repositories.UserRepository - Добавлен пользователь в базу данных с телефоном +79501617728
15:41:51.808 [BDayDexsysBot Telegram Executor] INFO  c.d.T.a.c.t.RepeaterHandler - Отправлено сообщение "Очистить профиль" в чат 935193822
15:41:52.863 [BDayDexsysBot Telegram Executor] INFO  c.d.T.a.c.t.RepeaterHandler - Отправлено сообщение "INFO" в чат 935193822
15:41:54.567 [BDayDexsysBot Telegram Executor] INFO  c.d.T.d.repositories.UserRepository - Добавлен пользователь в базу данных с телефоном +79501617728
15:42:25.536 [main] INFO  c.d.T.TelegramBotDexsysApplication - Starting TelegramBotDexsysApplication on Alex-PC with PID 8988 (D:\TelegramBotDexsys\target\classes started by Alex in D:\TelegramBotDexsys)
15:42:25.546 [main] INFO  c.d.T.TelegramBotDexsysApplication - No active profile set, falling back to default profiles: default
15:42:31.695 [main] INFO  c.d.T.TelegramBotDexsysApplication - Started TelegramBotDexsysApplication in 6.683 seconds (JVM running for 7.369)
15:42:48.213 [BDayDexsysBot Telegram Executor] INFO  c.d.T.a.c.t.RepeaterHandler - Отправлено сообщение "hi" в чат 935193822
15:42:49.385 [BDayDexsysBot Telegram Executor] INFO  c.d.T.a.c.t.RepeaterHandler - Отправлено сообщение "hey" в чат 935193822
15:42:51.900 [BDayDexsysBot Telegram Executor] INFO  c.d.T.d.repositories.UserRepository - Добавлен пользователь в базу данных с телефоном +79501617728
15:42:53.710 [BDayDexsysBot Telegram Executor] INFO  c.d.T.a.c.t.RepeaterHandler - Отправлено сообщение "Показать профиль" в чат 935193822
15:42:55.357 [BDayDexsysBot Telegram Executor] INFO  c.d.T.a.c.t.RepeaterHandler - Отправлено сообщение "Показать пользователей" в чат 935193822
15:43:48.269 [main] INFO  c.d.T.TelegramBotDexsysApplication - Starting TelegramBotDexsysApplication on Alex-PC with PID 2796 (D:\TelegramBotDexsys\target\classes started by Alex in D:\TelegramBotDexsys)
15:43:48.272 [main] INFO  c.d.T.TelegramBotDexsysApplication - No active profile set, falling back to default profiles: default
15:43:54.536 [main] INFO  c.d.T.TelegramBotDexsysApplication - Started TelegramBotDexsysApplication in 6.768 seconds (JVM running for 7.553)
15:44:00.565 [BDayDexsysBot Telegram Executor] INFO  c.d.T.a.c.t.RepeaterHandler - Отправлено сообщение "hi" в чат 935193822
15:44:01.939 [BDayDexsysBot Telegram Executor] INFO  c.d.T.a.c.t.RepeaterHandler - Отправлено сообщение "hey" в чат 935193822
15:44:02.629 [BDayDexsysBot Telegram Executor] INFO  c.d.T.a.c.t.RepeaterHandler - Отправлено сообщение "INFO" в чат 935193822
15:44:04.645 [BDayDexsysBot Telegram Executor] INFO  c.d.T.d.repositories.UserRepository - Добавлен пользователь в базу данных с телефоном +79501617728
15:44:05.706 [BDayDexsysBot Telegram Executor] INFO  c.d.T.a.c.t.RepeaterHandler - Отправлено сообщение "Показать профиль" в чат 935193822
15:44:06.114 [BDayDexsysBot Telegram Executor] INFO  c.d.T.a.c.t.RepeaterHandler - Отправлено сообщение "Показать пользователей" в чат 935193822
15:44:07.099 [BDayDexsysBot Telegram Executor] INFO  c.d.T.a.c.t.RepeaterHandler - Отправлено сообщение "INFO" в чат 935193822
15:44:10.223 [BDayDexsysBot Telegram Executor] INFO  c.d.T.a.c.t.RepeaterHandler - Отправлено сообщение "hey" в чат 935193822
15:44:11.238 [BDayDexsysBot Telegram Executor] INFO  c.d.T.a.c.t.RepeaterHandler - Отправлено сообщение "Очистить профиль" в чат 935193822
15:44:14.104 [BDayDexsysBot Telegram Executor] INFO  c.d.T.d.repositories.UserRepository - Добавлен пользователь в базу данных с телефоном +79501617728
15:45:23.396 [main] INFO  c.d.T.TelegramBotDexsysApplication - Starting TelegramBotDexsysApplication on Alex-PC with PID 11972 (D:\TelegramBotDexsys\target\classes started by Alex in D:\TelegramBotDexsys)
15:45:23.399 [main] INFO  c.d.T.TelegramBotDexsysApplication - No active profile set, falling back to default profiles: default
15:45:29.374 [main] INFO  c.d.T.TelegramBotDexsysApplication - Started TelegramBotDexsysApplication in 6.498 seconds (JVM running for 7.27)
15:45:36.127 [BDayDexsysBot Telegram Executor] INFO  c.d.T.a.c.t.RepeaterHandler - Отправлено сообщение "hi" в чат 935193822
15:45:38.951 [BDayDexsysBot Telegram Executor] INFO  c.d.T.a.c.t.RepeaterHandler - Отправлено сообщение "hey" в чат 935193822
15:45:39.500 [BDayDexsysBot Telegram Executor] INFO  c.d.T.a.c.t.RepeaterHandler - Отправлено сообщение "INFO" в чат 935193822
15:45:41.586 [BDayDexsysBot Telegram Executor] INFO  c.d.T.d.repositories.UserRepository - Добавлен пользователь в базу данных с телефоном +79501617728
15:45:42.885 [BDayDexsysBot Telegram Executor] INFO  c.d.T.a.c.t.RepeaterHandler - Отправлено сообщение "Показать профиль" в чат 935193822
15:45:43.429 [BDayDexsysBot Telegram Executor] INFO  c.d.T.a.c.t.RepeaterHandler - Отправлено сообщение "Показать пользователей" в чат 935193822
15:45:44.905 [BDayDexsysBot Telegram Executor] INFO  c.d.T.a.c.t.RepeaterHandler - Отправлено сообщение "INFO" в чат 935193822
15:45:46.061 [BDayDexsysBot Telegram Executor] INFO  c.d.T.a.c.t.RepeaterHandler - Отправлено сообщение "hey" в чат 935193822
15:45:47.219 [BDayDexsysBot Telegram Executor] INFO  c.d.T.a.c.t.RepeaterHandler - Отправлено сообщение "Очистить профиль" в чат 935193822
15:45:50.049 [BDayDexsysBot Telegram Executor] INFO  c.d.T.d.repositories.UserRepository - Добавлен пользователь в базу данных с телефоном +79501617728
16:06:57.877 [main] INFO  c.d.T.TelegramBotDexsysApplication - Starting TelegramBotDexsysApplication on Alex-PC with PID 9448 (D:\TelegramBotDexsys\target\classes started by Alex in D:\TelegramBotDexsys)
16:06:57.880 [main] INFO  c.d.T.TelegramBotDexsysApplication - No active profile set, falling back to default profiles: default
16:07:44.765 [main] INFO  c.d.T.TelegramBotDexsysApplication - Starting TelegramBotDexsysApplication on Alex-PC with PID 7792 (D:\TelegramBotDexsys\target\classes started by Alex in D:\TelegramBotDexsys)
16:07:44.769 [main] INFO  c.d.T.TelegramBotDexsysApplication - No active profile set, falling back to default profiles: default
16:07:50.194 [main] INFO  c.d.T.TelegramBotDexsysApplication - Started TelegramBotDexsysApplication in 6.02 seconds (JVM running for 6.796)
16:07:58.033 [BDayDexsysBot Telegram Executor] INFO  c.d.T.a.c.t.RepeaterHandler - Отправлено сообщение "INFO" в чат 935193822
16:08:06.380 [BDayDexsysBot Telegram Executor] INFO  c.d.T.a.c.t.RepeaterHandler - Отправлено сообщение "hey" в чат 935193822
16:08:52.456 [main] INFO  c.d.T.TelegramBotDexsysApplication - Starting TelegramBotDexsysApplication on Alex-PC with PID 5576 (D:\TelegramBotDexsys\target\classes started by Alex in D:\TelegramBotDexsys)
16:08:52.460 [main] INFO  c.d.T.TelegramBotDexsysApplication - No active profile set, falling back to default profiles: default
16:08:58.125 [main] INFO  c.d.T.TelegramBotDexsysApplication - Started TelegramBotDexsysApplication in 6.232 seconds (JVM running for 6.946)
16:09:01.363 [BDayDexsysBot Telegram Executor] INFO  c.d.T.a.c.t.RepeaterHandler - Отправлено сообщение "hi" в чат 935193822
16:09:02.664 [BDayDexsysBot Telegram Executor] INFO  c.d.T.a.c.t.RepeaterHandler - Отправлено сообщение "hey" в чат 935193822
16:09:08.541 [BDayDexsysBot Telegram Executor] INFO  c.d.T.a.c.t.RepeaterHandler - Отправлено сообщение "INFO" в чат 935193822
16:09:11.611 [BDayDexsysBot Telegram Executor] INFO  c.d.T.a.c.t.RepeaterHandler - Отправлено сообщение "Показать профиль" в чат 935193822
16:13:18.344 [main] INFO  c.d.T.TelegramBotDexsysApplication - Starting TelegramBotDexsysApplication on Alex-PC with PID 8932 (D:\TelegramBotDexsys\target\classes started by Alex in D:\TelegramBotDexsys)
16:13:18.347 [main] INFO  c.d.T.TelegramBotDexsysApplication - No active profile set, falling back to default profiles: default
16:13:51.407 [main] INFO  c.d.T.TelegramBotDexsysApplication - Starting TelegramBotDexsysApplication on Alex-PC with PID 8016 (D:\TelegramBotDexsys\target\classes started by Alex in D:\TelegramBotDexsys)
16:13:51.410 [main] INFO  c.d.T.TelegramBotDexsysApplication - No active profile set, falling back to default profiles: default
16:13:57.000 [main] INFO  c.d.T.TelegramBotDexsysApplication - Started TelegramBotDexsysApplication in 6.089 seconds (JVM running for 6.788)
16:14:04.977 [BDayDexsysBot Telegram Executor] INFO  c.d.T.a.c.t.RepeaterHandler - Отправлено сообщение "INFO" в чат 935193822
16:16:05.884 [main] INFO  c.d.T.TelegramBotDexsysApplication - Starting TelegramBotDexsysApplication on Alex-PC with PID 7552 (D:\TelegramBotDexsys\target\classes started by Alex in D:\TelegramBotDexsys)
16:16:05.887 [main] INFO  c.d.T.TelegramBotDexsysApplication - No active profile set, falling back to default profiles: default
16:16:11.577 [main] INFO  c.d.T.TelegramBotDexsysApplication - Started TelegramBotDexsysApplication in 6.329 seconds (JVM running for 7.034)
16:16:23.425 [BDayDexsysBot Telegram Executor] INFO  c.d.T.a.c.t.RepeaterHandler - Отправлено сообщение "Очистить профиль" в чат 935193822
16:16:44.295 [BDayDexsysBot Telegram Executor] INFO  c.d.T.a.c.t.RepeaterHandler - Отправлено сообщение "Показать профиль" в чат 935193822
16:16:52.479 [BDayDexsysBot Telegram Executor] INFO  c.d.T.a.c.t.RepeaterHandler - Отправлено сообщение "INFO" в чат 935193822
12:18:47.861 [main] INFO  c.d.T.TelegramBotDexsysApplication - Starting TelegramBotDexsysApplication on Alex-PC with PID 10788 (D:\TelegramBotDexsys\target\classes started by Alex in D:\TelegramBotDexsys)
12:18:47.864 [main] INFO  c.d.T.TelegramBotDexsysApplication - No active profile set, falling back to default profiles: default
12:18:56.263 [main] INFO  c.d.T.TelegramBotDexsysApplication - Started TelegramBotDexsysApplication in 9.091 seconds (JVM running for 10.419)
12:20:39.906 [main] INFO  c.d.T.TelegramBotDexsysApplication - Starting TelegramBotDexsysApplication on Alex-PC with PID 9676 (D:\TelegramBotDexsys\target\classes started by Alex in D:\TelegramBotDexsys)
12:20:39.909 [main] INFO  c.d.T.TelegramBotDexsysApplication - No active profile set, falling back to default profiles: default
12:20:46.624 [main] INFO  c.d.T.TelegramBotDexsysApplication - Started TelegramBotDexsysApplication in 7.159 seconds (JVM running for 9.021)
12:21:02.064 [main] INFO  c.d.T.TelegramBotDexsysApplication - Starting TelegramBotDexsysApplication on Alex-PC with PID 11508 (D:\TelegramBotDexsys\target\classes started by Alex in D:\TelegramBotDexsys)
12:21:02.067 [main] INFO  c.d.T.TelegramBotDexsysApplication - No active profile set, falling back to default profiles: default
12:21:09.175 [main] INFO  c.d.T.TelegramBotDexsysApplication - Started TelegramBotDexsysApplication in 7.74 seconds (JVM running for 8.879)
12:21:56.498 [main] INFO  c.d.T.TelegramBotDexsysApplication - Starting TelegramBotDexsysApplication on Alex-PC with PID 3456 (D:\TelegramBotDexsys\target\classes started by Alex in D:\TelegramBotDexsys)
12:21:56.509 [main] INFO  c.d.T.TelegramBotDexsysApplication - No active profile set, falling back to default profiles: default
12:22:03.397 [main] INFO  c.d.T.TelegramBotDexsysApplication - Started TelegramBotDexsysApplication in 7.555 seconds (JVM running for 8.492)
12:22:20.066 [main] INFO  c.d.T.TelegramBotDexsysApplication - Starting TelegramBotDexsysApplication on Alex-PC with PID 12124 (D:\TelegramBotDexsys\target\classes started by Alex in D:\TelegramBotDexsys)
12:22:20.069 [main] INFO  c.d.T.TelegramBotDexsysApplication - No active profile set, falling back to default profiles: default
12:22:26.093 [main] INFO  c.d.T.TelegramBotDexsysApplication - Started TelegramBotDexsysApplication in 6.66 seconds (JVM running for 7.411)
12:22:33.379 [main] INFO  c.d.T.TelegramBotDexsysApplication - Starting TelegramBotDexsysApplication on Alex-PC with PID 8516 (D:\TelegramBotDexsys\target\classes started by Alex in D:\TelegramBotDexsys)
12:22:33.383 [main] INFO  c.d.T.TelegramBotDexsysApplication - No active profile set, falling back to default profiles: default
12:22:39.504 [main] INFO  c.d.T.TelegramBotDexsysApplication - Started TelegramBotDexsysApplication in 6.638 seconds (JVM running for 7.459)
12:23:19.106 [main] INFO  c.d.T.TelegramBotDexsysApplication - Starting TelegramBotDexsysApplication on Alex-PC with PID 8060 (D:\TelegramBotDexsys\target\classes started by Alex in D:\TelegramBotDexsys)
12:23:19.110 [main] INFO  c.d.T.TelegramBotDexsysApplication - No active profile set, falling back to default profiles: default
12:23:25.507 [main] INFO  c.d.T.TelegramBotDexsysApplication - Started TelegramBotDexsysApplication in 7.013 seconds (JVM running for 8.047)
12:24:00.090 [main] INFO  c.d.T.TelegramBotDexsysApplication - Starting TelegramBotDexsysApplication on Alex-PC with PID 1284 (D:\TelegramBotDexsys\target\classes started by Alex in D:\TelegramBotDexsys)
12:24:00.121 [main] INFO  c.d.T.TelegramBotDexsysApplication - No active profile set, falling back to default profiles: default
12:24:05.822 [main] INFO  c.d.T.TelegramBotDexsysApplication - Started TelegramBotDexsysApplication in 6.333 seconds (JVM running for 7.055)
12:24:08.875 [BDayDexsysBot Telegram Executor] INFO  c.d.T.a.c.t.RepeaterHandler - Отправлено сообщение "hi" в чат 935193822
12:24:13.886 [BDayDexsysBot Telegram Executor] INFO  c.d.T.a.c.t.RepeaterHandler - Отправлено сообщение "INFO" в чат 935193822
12:25:44.517 [main] INFO  c.d.T.TelegramBotDexsysApplication - Starting TelegramBotDexsysApplication on Alex-PC with PID 9032 (D:\TelegramBotDexsys\target\classes started by Alex in D:\TelegramBotDexsys)
12:25:44.521 [main] INFO  c.d.T.TelegramBotDexsysApplication - No active profile set, falling back to default profiles: default
12:25:50.427 [main] INFO  c.d.T.TelegramBotDexsysApplication - Started TelegramBotDexsysApplication in 6.386 seconds (JVM running for 7.127)
12:25:53.343 [BDayDexsysBot Telegram Executor] INFO  c.d.T.a.c.t.RepeaterHandler - Отправлено сообщение "hi" в чат 935193822
12:25:54.412 [BDayDexsysBot Telegram Executor] INFO  c.d.T.a.c.t.RepeaterHandler - Отправлено сообщение "INFO" в чат 935193822
12:27:11.525 [main] INFO  c.d.T.TelegramBotDexsysApplication - Starting TelegramBotDexsysApplication on Alex-PC with PID 8040 (D:\TelegramBotDexsys\target\classes started by Alex in D:\TelegramBotDexsys)
12:27:11.536 [main] INFO  c.d.T.TelegramBotDexsysApplication - No active profile set, falling back to default profiles: default
12:27:17.435 [main] INFO  c.d.T.TelegramBotDexsysApplication - Started TelegramBotDexsysApplication in 6.387 seconds (JVM running for 7.054)
12:27:20.551 [BDayDexsysBot Telegram Executor] INFO  c.d.T.a.c.t.RepeaterHandler - Отправлено сообщение "hi" в чат 935193822
12:27:21.510 [BDayDexsysBot Telegram Executor] INFO  c.d.T.a.c.t.RepeaterHandler - Отправлено сообщение "INFO" в чат 935193822
12:29:17.736 [main] INFO  c.d.T.TelegramBotDexsysApplication - Starting TelegramBotDexsysApplication on Alex-PC with PID 11248 (D:\TelegramBotDexsys\target\classes started by Alex in D:\TelegramBotDexsys)
12:29:17.739 [main] INFO  c.d.T.TelegramBotDexsysApplication - No active profile set, falling back to default profiles: default
12:29:23.326 [main] INFO  c.d.T.TelegramBotDexsysApplication - Started TelegramBotDexsysApplication in 6.095 seconds (JVM running for 6.82)
12:30:21.550 [main] INFO  c.d.T.TelegramBotDexsysApplication - Starting TelegramBotDexsysApplication on Alex-PC with PID 8156 (D:\TelegramBotDexsys\target\classes started by Alex in D:\TelegramBotDexsys)
12:30:21.553 [main] INFO  c.d.T.TelegramBotDexsysApplication - No active profile set, falling back to default profiles: default
12:30:27.282 [main] INFO  c.d.T.TelegramBotDexsysApplication - Started TelegramBotDexsysApplication in 6.224 seconds (JVM running for 6.953)
12:30:33.435 [BDayDexsysBot Telegram Executor] INFO  c.d.T.a.c.t.RepeaterHandler - Отправлено сообщение "Показать профиль" в чат 935193822
12:32:54.842 [main] INFO  c.d.T.TelegramBotDexsysApplication - Starting TelegramBotDexsysApplication on Alex-PC with PID 2080 (D:\TelegramBotDexsys\target\classes started by Alex in D:\TelegramBotDexsys)
12:32:54.846 [main] INFO  c.d.T.TelegramBotDexsysApplication - No active profile set, falling back to default profiles: default
12:33:00.960 [main] INFO  c.d.T.TelegramBotDexsysApplication - Started TelegramBotDexsysApplication in 6.655 seconds (JVM running for 7.334)
12:33:07.724 [BDayDexsysBot Telegram Executor] INFO  c.d.T.a.c.t.RepeaterHandler - Отправлено сообщение "Показать профиль" в чат 935193822
12:33:42.748 [BDayDexsysBot Telegram Executor] INFO  c.d.T.a.c.t.RepeaterHandler - Отправлено сообщение "Очистить профиль" в чат 935193822
12:33:46.023 [BDayDexsysBot Telegram Executor] INFO  c.d.T.a.c.t.RepeaterHandler - Отправлено сообщение "hi" в чат 935193822
12:33:47.662 [BDayDexsysBot Telegram Executor] INFO  c.d.T.a.c.t.RepeaterHandler - Отправлено сообщение "hey" в чат 935193822
12:33:55.400 [BDayDexsysBot Telegram Executor] INFO  c.d.T.a.c.t.RepeaterHandler - Отправлено сообщение "Показать профиль" в чат 935193822
12:48:49.330 [main] INFO  c.d.T.TelegramBotDexsysApplication - Starting TelegramBotDexsysApplication on Alex-PC with PID 8376 (D:\TelegramBotDexsys\target\classes started by Alex in D:\TelegramBotDexsys)
12:48:49.339 [main] INFO  c.d.T.TelegramBotDexsysApplication - No active profile set, falling back to default profiles: default
12:48:56.179 [main] INFO  c.d.T.TelegramBotDexsysApplication - Started TelegramBotDexsysApplication in 7.585 seconds (JVM running for 8.568)
12:49:01.756 [BDayDexsysBot Telegram Executor] INFO  c.d.T.a.c.t.RepeaterHandler - Отправлено сообщение "Очистить профиль" в чат 935193822
12:49:16.684 [main] INFO  c.d.T.TelegramBotDexsysApplication - Starting TelegramBotDexsysApplication on Alex-PC with PID 11408 (D:\TelegramBotDexsys\target\classes started by Alex in D:\TelegramBotDexsys)
12:49:16.688 [main] INFO  c.d.T.TelegramBotDexsysApplication - No active profile set, falling back to default profiles: default
12:49:23.003 [main] INFO  c.d.T.TelegramBotDexsysApplication - Started TelegramBotDexsysApplication in 6.92 seconds (JVM running for 8.136)
12:49:29.802 [BDayDexsysBot Telegram Executor] INFO  c.d.T.a.c.t.RepeaterHandler - Отправлено сообщение "Показать профиль" в чат 935193822
12:49:31.837 [BDayDexsysBot Telegram Executor] INFO  c.d.T.a.c.t.RepeaterHandler - Отправлено сообщение "INFO" в чат 935193822
13:03:22.588 [main] INFO  c.d.T.TelegramBotDexsysApplication - Starting TelegramBotDexsysApplication on Alex-PC with PID 7984 (D:\TelegramBotDexsys\target\classes started by Alex in D:\TelegramBotDexsys)
13:03:22.593 [main] INFO  c.d.T.TelegramBotDexsysApplication - No active profile set, falling back to default profiles: default
13:03:28.748 [main] INFO  c.d.T.TelegramBotDexsysApplication - Started TelegramBotDexsysApplication in 6.647 seconds (JVM running for 7.344)
13:03:31.299 [BDayDexsysBot Telegram Executor] INFO  c.d.T.a.c.t.RepeaterHandler - Отправлено сообщение "Показать профиль" в чат 935193822
13:03:53.581 [BDayDexsysBot Telegram Executor] INFO  c.d.T.a.c.t.RepeaterHandler - Отправлено сообщение "Очистить профиль" в чат 935193822
13:03:57.650 [BDayDexsysBot Telegram Executor] INFO  c.d.T.a.c.t.RepeaterHandler - Отправлено сообщение "Показать профиль" в чат 935193822
13:04:26.539 [main] INFO  c.d.T.TelegramBotDexsysApplication - Starting TelegramBotDexsysApplication on Alex-PC with PID 11916 (D:\TelegramBotDexsys\target\classes started by Alex in D:\TelegramBotDexsys)
13:04:26.543 [main] INFO  c.d.T.TelegramBotDexsysApplication - No active profile set, falling back to default profiles: default
13:04:32.497 [main] INFO  c.d.T.TelegramBotDexsysApplication - Started TelegramBotDexsysApplication in 6.521 seconds (JVM running for 7.224)
13:04:35.393 [BDayDexsysBot Telegram Executor] INFO  c.d.T.a.c.t.RepeaterHandler - Отправлено сообщение "Показать профиль" в чат 935193822
13:10:31.414 [main] INFO  c.d.T.TelegramBotDexsysApplication - Starting TelegramBotDexsysApplication on Alex-PC with PID 11192 (D:\TelegramBotDexsys\target\classes started by Alex in D:\TelegramBotDexsys)
13:10:31.425 [main] INFO  c.d.T.TelegramBotDexsysApplication - No active profile set, falling back to default profiles: default
13:10:36.874 [main] INFO  c.d.T.TelegramBotDexsysApplication - Started TelegramBotDexsysApplication in 6.161 seconds (JVM running for 6.892)
13:10:39.250 [BDayDexsysBot Telegram Executor] INFO  c.d.T.a.c.t.RepeaterHandler - Отправлено сообщение "INFO" в чат 935193822
13:10:40.802 [BDayDexsysBot Telegram Executor] INFO  c.d.T.a.c.t.RepeaterHandler - Отправлено сообщение "Очистить профиль" в чат 935193822
13:10:44.369 [BDayDexsysBot Telegram Executor] INFO  c.d.T.a.c.t.RepeaterHandler - Отправлено сообщение "Показать профиль" в чат 935193822
13:11:38.861 [main] INFO  c.d.T.TelegramBotDexsysApplication - Starting TelegramBotDexsysApplication on Alex-PC with PID 12644 (D:\TelegramBotDexsys\target\classes started by Alex in D:\TelegramBotDexsys)
13:11:38.866 [main] INFO  c.d.T.TelegramBotDexsysApplication - No active profile set, falling back to default profiles: default
13:11:45.679 [main] INFO  c.d.T.TelegramBotDexsysApplication - Started TelegramBotDexsysApplication in 7.463 seconds (JVM running for 8.477)
13:16:07.783 [main] INFO  c.d.T.TelegramBotDexsysApplication - Starting TelegramBotDexsysApplication on Alex-PC with PID 2324 (D:\TelegramBotDexsys\target\classes started by Alex in D:\TelegramBotDexsys)
13:16:07.786 [main] INFO  c.d.T.TelegramBotDexsysApplication - No active profile set, falling back to default profiles: default
13:16:13.611 [main] INFO  c.d.T.TelegramBotDexsysApplication - Started TelegramBotDexsysApplication in 6.393 seconds (JVM running for 7.15)
13:16:38.187 [main] INFO  c.d.T.TelegramBotDexsysApplication - Starting TelegramBotDexsysApplication on Alex-PC with PID 7800 (D:\TelegramBotDexsys\target\classes started by Alex in D:\TelegramBotDexsys)
13:16:38.192 [main] INFO  c.d.T.TelegramBotDexsysApplication - No active profile set, falling back to default profiles: default
13:16:43.840 [main] INFO  c.d.T.TelegramBotDexsysApplication - Started TelegramBotDexsysApplication in 6.277 seconds (JVM running for 6.968)
13:31:52.586 [main] INFO  c.d.T.TelegramBotDexsysApplication - Starting TelegramBotDexsysApplication on Alex-PC with PID 4668 (D:\TelegramBotDexsys\target\classes started by Alex in D:\TelegramBotDexsys)
13:31:52.589 [main] INFO  c.d.T.TelegramBotDexsysApplication - No active profile set, falling back to default profiles: default
13:31:58.535 [main] INFO  c.d.T.TelegramBotDexsysApplication - Started TelegramBotDexsysApplication in 6.596 seconds (JVM running for 7.298)
13:32:30.322 [main] INFO  c.d.T.TelegramBotDexsysApplication - Starting TelegramBotDexsysApplication on Alex-PC with PID 11784 (D:\TelegramBotDexsys\target\classes started by Alex in D:\TelegramBotDexsys)
13:32:30.326 [main] INFO  c.d.T.TelegramBotDexsysApplication - No active profile set, falling back to default profiles: default
13:32:36.119 [main] INFO  c.d.T.TelegramBotDexsysApplication - Started TelegramBotDexsysApplication in 6.445 seconds (JVM running for 7.239)
13:33:17.069 [main] INFO  c.d.T.TelegramBotDexsysApplication - Starting TelegramBotDexsysApplication on Alex-PC with PID 8460 (D:\TelegramBotDexsys\target\classes started by Alex in D:\TelegramBotDexsys)
13:33:17.081 [main] INFO  c.d.T.TelegramBotDexsysApplication - No active profile set, falling back to default profiles: default
13:33:22.540 [main] INFO  c.d.T.TelegramBotDexsysApplication - Started TelegramBotDexsysApplication in 6.07 seconds (JVM running for 6.8)
13:34:09.537 [main] INFO  c.d.T.TelegramBotDexsysApplication - Starting TelegramBotDexsysApplication on Alex-PC with PID 6016 (D:\TelegramBotDexsys\target\classes started by Alex in D:\TelegramBotDexsys)
13:34:09.540 [main] INFO  c.d.T.TelegramBotDexsysApplication - No active profile set, falling back to default profiles: default
13:34:15.091 [main] INFO  c.d.T.TelegramBotDexsysApplication - Started TelegramBotDexsysApplication in 6.306 seconds (JVM running for 7.076)
13:34:59.837 [main] INFO  c.d.T.TelegramBotDexsysApplication - Starting TelegramBotDexsysApplication on Alex-PC with PID 11308 (D:\TelegramBotDexsys\target\classes started by Alex in D:\TelegramBotDexsys)
13:34:59.840 [main] INFO  c.d.T.TelegramBotDexsysApplication - No active profile set, falling back to default profiles: default
13:35:05.553 [main] INFO  c.d.T.TelegramBotDexsysApplication - Started TelegramBotDexsysApplication in 6.341 seconds (JVM running for 7.062)
13:35:41.686 [main] INFO  c.d.T.TelegramBotDexsysApplication - Starting TelegramBotDexsysApplication on Alex-PC with PID 5492 (D:\TelegramBotDexsys\target\classes started by Alex in D:\TelegramBotDexsys)
13:35:41.690 [main] INFO  c.d.T.TelegramBotDexsysApplication - No active profile set, falling back to default profiles: default
13:35:47.325 [main] INFO  c.d.T.TelegramBotDexsysApplication - Started TelegramBotDexsysApplication in 6.271 seconds (JVM running for 7.071)
13:36:40.589 [main] INFO  c.d.T.TelegramBotDexsysApplication - Starting TelegramBotDexsysApplication on Alex-PC with PID 11460 (D:\TelegramBotDexsys\target\classes started by Alex in D:\TelegramBotDexsys)
13:36:40.608 [main] INFO  c.d.T.TelegramBotDexsysApplication - No active profile set, falling back to default profiles: default
13:36:47.069 [main] INFO  c.d.T.TelegramBotDexsysApplication - Started TelegramBotDexsysApplication in 7.067 seconds (JVM running for 8.056)
13:37:02.479 [main] INFO  c.d.T.TelegramBotDexsysApplication - Starting TelegramBotDexsysApplication on Alex-PC with PID 2128 (D:\TelegramBotDexsys\target\classes started by Alex in D:\TelegramBotDexsys)
13:37:02.499 [main] INFO  c.d.T.TelegramBotDexsysApplication - No active profile set, falling back to default profiles: default
13:37:08.237 [main] INFO  c.d.T.TelegramBotDexsysApplication - Started TelegramBotDexsysApplication in 6.33 seconds (JVM running for 7.027)
13:37:10.426 [BDayDexsysBot Telegram Executor] INFO  c.d.T.a.c.t.RepeaterHandler - Отправлено сообщение "Показать пользователей" в чат 935193822
13:37:44.599 [main] INFO  c.d.T.TelegramBotDexsysApplication - Starting TelegramBotDexsysApplication on Alex-PC with PID 6640 (D:\TelegramBotDexsys\target\classes started by Alex in D:\TelegramBotDexsys)
13:37:44.602 [main] INFO  c.d.T.TelegramBotDexsysApplication - No active profile set, falling back to default profiles: default
13:37:50.293 [main] INFO  c.d.T.TelegramBotDexsysApplication - Started TelegramBotDexsysApplication in 6.423 seconds (JVM running for 7.176)
13:37:52.298 [BDayDexsysBot Telegram Executor] INFO  c.d.T.a.c.t.RepeaterHandler - Отправлено сообщение "Показать пользователей" в чат 935193822
13:38:06.544 [main] INFO  c.d.T.TelegramBotDexsysApplication - Starting TelegramBotDexsysApplication on Alex-PC with PID 12236 (D:\TelegramBotDexsys\target\classes started by Alex in D:\TelegramBotDexsys)
13:38:06.547 [main] INFO  c.d.T.TelegramBotDexsysApplication - No active profile set, falling back to default profiles: default
13:38:13.132 [main] INFO  c.d.T.TelegramBotDexsysApplication - Started TelegramBotDexsysApplication in 7.177 seconds (JVM running for 7.907)
13:40:01.401 [BDayDexsysBot Telegram Executor] INFO  c.d.T.a.c.t.RepeaterHandler - Отправлено сообщение "INFO" в чат 935193822
13:40:02.814 [BDayDexsysBot Telegram Executor] INFO  c.d.T.a.c.t.RepeaterHandler - Отправлено сообщение "Показать профиль" в чат 935193822
13:40:03.972 [BDayDexsysBot Telegram Executor] INFO  c.d.T.a.c.t.RepeaterHandler - Отправлено сообщение "Показать пользователей" в чат 935193822
13:40:10.300 [BDayDexsysBot Telegram Executor] INFO  c.d.T.a.c.t.RepeaterHandler - Отправлено сообщение "Очистить профиль" в чат 935193822
13:40:11.918 [BDayDexsysBot Telegram Executor] INFO  c.d.T.a.c.t.RepeaterHandler - Отправлено сообщение "INFO" в чат 935193822
15:06:29.304 [main] INFO  c.d.T.TelegramBotDexsysApplication - Starting TelegramBotDexsysApplication on Alex-PC with PID 11408 (D:\TelegramBotDexsys\target\classes started by Alex in D:\TelegramBotDexsys)
15:06:29.308 [main] INFO  c.d.T.TelegramBotDexsysApplication - No active profile set, falling back to default profiles: default
15:06:35.870 [main] INFO  c.d.T.TelegramBotDexsysApplication - Started TelegramBotDexsysApplication in 7.219 seconds (JVM running for 7.957)
15:06:41.192 [BDayDexsysBot Telegram Executor] INFO  c.d.T.a.c.t.RepeaterHandler - Отправлено сообщение "Очистить профиль" в чат 935193822
15:06:48.326 [BDayDexsysBot Telegram Executor] INFO  c.d.T.a.c.t.RepeaterHandler - Отправлено сообщение "Данные обновлены" в чат 935193822
15:06:52.020 [BDayDexsysBot Telegram Executor] INFO  c.d.T.a.c.t.RepeaterHandler - Отправлено сообщение "Показать профиль" в чат 935193822
15:11:56.197 [BDayDexsysBot Telegram Executor] INFO  c.d.T.a.c.t.RepeaterHandler - Отправлено сообщение "Показать пользователей" в чат 935193822
15:15:02.006 [main] INFO  c.d.T.TelegramBotDexsysApplication - Starting TelegramBotDexsysApplication on Alex-PC with PID 12852 (D:\TelegramBotDexsys\target\classes started by Alex in D:\TelegramBotDexsys)
15:15:02.014 [main] INFO  c.d.T.TelegramBotDexsysApplication - No active profile set, falling back to default profiles: default
15:15:08.552 [main] INFO  c.d.T.TelegramBotDexsysApplication - Started TelegramBotDexsysApplication in 7.224 seconds (JVM running for 7.967)
15:15:21.203 [main] INFO  c.d.T.TelegramBotDexsysApplication - Starting TelegramBotDexsysApplication on Alex-PC with PID 7192 (D:\TelegramBotDexsys\target\classes started by Alex in D:\TelegramBotDexsys)
15:15:21.207 [main] INFO  c.d.T.TelegramBotDexsysApplication - No active profile set, falling back to default profiles: default
15:15:27.141 [main] INFO  c.d.T.TelegramBotDexsysApplication - Started TelegramBotDexsysApplication in 6.552 seconds (JVM running for 7.399)
15:15:34.491 [BDayDexsysBot Telegram Executor] INFO  c.d.T.a.c.t.RepeaterHandler - Отправлено сообщение "INFO" в чат 935193822
15:16:29.075 [main] INFO  c.d.T.TelegramBotDexsysApplication - Starting TelegramBotDexsysApplication on Alex-PC with PID 8460 (D:\TelegramBotDexsys\target\classes started by Alex in D:\TelegramBotDexsys)
15:16:29.078 [main] INFO  c.d.T.TelegramBotDexsysApplication - No active profile set, falling back to default profiles: default
15:16:34.704 [main] INFO  c.d.T.TelegramBotDexsysApplication - Started TelegramBotDexsysApplication in 6.342 seconds (JVM running for 7.062)
15:16:38.091 [BDayDexsysBot Telegram Executor] INFO  c.d.T.a.c.t.RepeaterHandler - Отправлено сообщение "Очистить профиль" в чат 935193822
15:16:39.347 [BDayDexsysBot Telegram Executor] INFO  c.d.T.a.c.t.RepeaterHandler - Отправлено сообщение "INFO" в чат 935193822
15:18:40.525 [BDayDexsysBot Telegram Executor] INFO  c.d.T.a.c.t.RepeaterHandler - Отправлено сообщение "hi" в чат 935193822
15:18:41.532 [BDayDexsysBot Telegram Executor] INFO  c.d.T.a.c.t.RepeaterHandler - Отправлено сообщение "Показать профиль" в чат 935193822
15:18:56.618 [BDayDexsysBot Telegram Executor] INFO  c.d.T.a.c.t.RepeaterHandler - Отправлено сообщение "Очистить профиль" в чат 935193822
15:19:10.949 [main] INFO  c.d.T.TelegramBotDexsysApplication - Starting TelegramBotDexsysApplication on Alex-PC with PID 12216 (D:\TelegramBotDexsys\target\classes started by Alex in D:\TelegramBotDexsys)
15:19:10.953 [main] INFO  c.d.T.TelegramBotDexsysApplication - No active profile set, falling back to default profiles: default
15:19:17.452 [main] INFO  c.d.T.TelegramBotDexsysApplication - Started TelegramBotDexsysApplication in 6.963 seconds (JVM running for 8.116)
15:20:49.683 [main] INFO  c.d.T.TelegramBotDexsysApplication - Starting TelegramBotDexsysApplication on Alex-PC with PID 7724 (D:\TelegramBotDexsys\target\classes started by Alex in D:\TelegramBotDexsys)
15:20:49.687 [main] INFO  c.d.T.TelegramBotDexsysApplication - No active profile set, falling back to default profiles: default
15:20:56.205 [main] INFO  c.d.T.TelegramBotDexsysApplication - Started TelegramBotDexsysApplication in 7.073 seconds (JVM running for 8.129)
15:26:33.011 [main] INFO  c.d.T.TelegramBotDexsysApplication - Starting TelegramBotDexsysApplication on Alex-PC with PID 12788 (D:\TelegramBotDexsys\target\classes started by Alex in D:\TelegramBotDexsys)
15:26:33.013 [main] INFO  c.d.T.TelegramBotDexsysApplication - No active profile set, falling back to default profiles: default
15:26:39.409 [main] INFO  c.d.T.TelegramBotDexsysApplication - Started TelegramBotDexsysApplication in 7.0 seconds (JVM running for 7.737)
15:27:06.253 [main] INFO  c.d.T.TelegramBotDexsysApplication - Starting TelegramBotDexsysApplication on Alex-PC with PID 10460 (D:\TelegramBotDexsys\target\classes started by Alex in D:\TelegramBotDexsys)
15:27:06.256 [main] INFO  c.d.T.TelegramBotDexsysApplication - No active profile set, falling back to default profiles: default
15:27:12.627 [main] INFO  c.d.T.TelegramBotDexsysApplication - Started TelegramBotDexsysApplication in 6.992 seconds (JVM running for 8.075)
15:30:29.279 [main] INFO  c.d.T.TelegramBotDexsysApplication - Starting TelegramBotDexsysApplication on Alex-PC with PID 7424 (D:\TelegramBotDexsys\target\classes started by Alex in D:\TelegramBotDexsys)
15:30:29.282 [main] INFO  c.d.T.TelegramBotDexsysApplication - No active profile set, falling back to default profiles: default
15:30:34.914 [main] INFO  c.d.T.TelegramBotDexsysApplication - Started TelegramBotDexsysApplication in 6.295 seconds (JVM running for 7.062)
15:31:05.103 [BDayDexsysBot Telegram Executor] INFO  c.d.T.a.c.t.RepeaterHandler - Отправлено сообщение "Показать профиль" в чат 935193822
15:32:38.588 [main] INFO  c.d.T.TelegramBotDexsysApplication - Starting TelegramBotDexsysApplication on Alex-PC with PID 8448 (D:\TelegramBotDexsys\target\classes started by Alex in D:\TelegramBotDexsys)
15:32:38.594 [main] INFO  c.d.T.TelegramBotDexsysApplication - No active profile set, falling back to default profiles: default
15:32:44.522 [main] INFO  c.d.T.TelegramBotDexsysApplication - Started TelegramBotDexsysApplication in 6.468 seconds (JVM running for 7.167)
15:32:46.522 [BDayDexsysBot Telegram Executor] INFO  c.d.T.a.c.t.RepeaterHandler - Отправлено сообщение "Очистить профиль" в чат 935193822
15:32:49.934 [BDayDexsysBot Telegram Executor] INFO  c.d.T.a.c.t.RepeaterHandler - Отправлено сообщение "Показать профиль" в чат 935193822
15:34:47.387 [main] INFO  c.d.T.TelegramBotDexsysApplication - Starting TelegramBotDexsysApplication on Alex-PC with PID 4156 (D:\TelegramBotDexsys\target\classes started by Alex in D:\TelegramBotDexsys)
15:34:47.391 [main] INFO  c.d.T.TelegramBotDexsysApplication - No active profile set, falling back to default profiles: default
15:34:53.483 [main] INFO  c.d.T.TelegramBotDexsysApplication - Started TelegramBotDexsysApplication in 6.586 seconds (JVM running for 7.648)
15:34:55.872 [BDayDexsysBot Telegram Executor] INFO  c.d.T.a.c.t.RepeaterHandler - Отправлено сообщение "Очистить профиль" в чат 935193822
15:42:30.167 [main] INFO  c.d.T.TelegramBotDexsysApplication - Starting TelegramBotDexsysApplication on Alex-PC with PID 13044 (D:\TelegramBotDexsys\target\classes started by Alex in D:\TelegramBotDexsys)
15:42:30.174 [main] INFO  c.d.T.TelegramBotDexsysApplication - No active profile set, falling back to default profiles: default
15:42:35.921 [main] INFO  c.d.T.TelegramBotDexsysApplication - Started TelegramBotDexsysApplication in 6.318 seconds (JVM running for 7.084)
15:42:38.654 [BDayDexsysBot Telegram Executor] INFO  c.d.T.a.c.t.RepeaterHandler - Отправлено сообщение "INFO" в чат 935193822
15:42:40.779 [BDayDexsysBot Telegram Executor] INFO  c.d.T.a.c.t.RepeaterHandler - Отправлено сообщение "Очистить профиль" в чат 935193822
15:42:42.058 [BDayDexsysBot Telegram Executor] INFO  c.d.T.a.c.t.RepeaterHandler - Отправлено сообщение "INFO" в чат 935193822
15:42:48.116 [BDayDexsysBot Telegram Executor] INFO  c.d.T.a.c.t.RepeaterHandler - Отправлено сообщение "Показать профиль" в чат 935193822
15:46:12.569 [main] INFO  c.d.T.TelegramBotDexsysApplication - Starting TelegramBotDexsysApplication on Alex-PC with PID 5896 (D:\TelegramBotDexsys\target\classes started by Alex in D:\TelegramBotDexsys)
15:46:12.573 [main] INFO  c.d.T.TelegramBotDexsysApplication - No active profile set, falling back to default profiles: default
15:46:18.297 [main] INFO  c.d.T.TelegramBotDexsysApplication - Started TelegramBotDexsysApplication in 6.274 seconds (JVM running for 7.054)
15:49:30.602 [main] INFO  c.d.T.TelegramBotDexsysApplication - Starting TelegramBotDexsysApplication on Alex-PC with PID 1284 (D:\TelegramBotDexsys\target\classes started by Alex in D:\TelegramBotDexsys)
15:49:30.605 [main] INFO  c.d.T.TelegramBotDexsysApplication - No active profile set, falling back to default profiles: default
15:49:36.262 [main] INFO  c.d.T.TelegramBotDexsysApplication - Started TelegramBotDexsysApplication in 6.251 seconds (JVM running for 6.99)
15:53:34.813 [main] INFO  c.d.T.TelegramBotDexsysApplication - Starting TelegramBotDexsysApplication on Alex-PC with PID 12304 (D:\TelegramBotDexsys\target\classes started by Alex in D:\TelegramBotDexsys)
15:53:34.824 [main] INFO  c.d.T.TelegramBotDexsysApplication - No active profile set, falling back to default profiles: default
15:53:40.659 [main] INFO  c.d.T.TelegramBotDexsysApplication - Started TelegramBotDexsysApplication in 6.471 seconds (JVM running for 7.179)
15:54:42.463 [main] INFO  c.d.T.TelegramBotDexsysApplication - Starting TelegramBotDexsysApplication on Alex-PC with PID 12588 (D:\TelegramBotDexsys\target\classes started by Alex in D:\TelegramBotDexsys)
15:54:42.466 [main] INFO  c.d.T.TelegramBotDexsysApplication - No active profile set, falling back to default profiles: default
15:54:48.290 [main] INFO  c.d.T.TelegramBotDexsysApplication - Started TelegramBotDexsysApplication in 6.406 seconds (JVM running for 7.129)
16:16:21.352 [main] INFO  c.d.T.TelegramBotDexsysApplication - Starting TelegramBotDexsysApplication on Alex-PC with PID 7900 (D:\TelegramBotDexsys\target\classes started by Alex in D:\TelegramBotDexsys)
16:16:21.355 [main] INFO  c.d.T.TelegramBotDexsysApplication - No active profile set, falling back to default profiles: default
16:16:27.428 [main] INFO  c.d.T.TelegramBotDexsysApplication - Started TelegramBotDexsysApplication in 6.655 seconds (JVM running for 7.343)
16:17:29.788 [main] INFO  c.d.T.TelegramBotDexsysApplication - Starting TelegramBotDexsysApplication on Alex-PC with PID 11980 (D:\TelegramBotDexsys\target\classes started by Alex in D:\TelegramBotDexsys)
16:17:29.794 [main] INFO  c.d.T.TelegramBotDexsysApplication - No active profile set, falling back to default profiles: default
16:17:35.506 [main] INFO  c.d.T.TelegramBotDexsysApplication - Started TelegramBotDexsysApplication in 6.477 seconds (JVM running for 7.275)
16:17:58.982 [main] INFO  c.d.T.TelegramBotDexsysApplication - Starting TelegramBotDexsysApplication on Alex-PC with PID 12952 (D:\TelegramBotDexsys\target\classes started by Alex in D:\TelegramBotDexsys)
16:17:58.986 [main] INFO  c.d.T.TelegramBotDexsysApplication - No active profile set, falling back to default profiles: default
16:18:05.536 [main] INFO  c.d.T.TelegramBotDexsysApplication - Started TelegramBotDexsysApplication in 7.2 seconds (JVM running for 8.134)
16:20:04.518 [main] INFO  c.d.T.TelegramBotDexsysApplication - Starting TelegramBotDexsysApplication on Alex-PC with PID 8052 (D:\TelegramBotDexsys\target\classes started by Alex in D:\TelegramBotDexsys)
16:20:04.522 [main] INFO  c.d.T.TelegramBotDexsysApplication - No active profile set, falling back to default profiles: default
16:20:10.368 [main] INFO  c.d.T.TelegramBotDexsysApplication - Started TelegramBotDexsysApplication in 6.399 seconds (JVM running for 7.166)
16:22:15.271 [main] INFO  c.d.T.TelegramBotDexsysApplication - Starting TelegramBotDexsysApplication on Alex-PC with PID 5860 (D:\TelegramBotDexsys\target\classes started by Alex in D:\TelegramBotDexsys)
16:22:15.274 [main] INFO  c.d.T.TelegramBotDexsysApplication - No active profile set, falling back to default profiles: default
16:22:20.860 [main] INFO  c.d.T.TelegramBotDexsysApplication - Started TelegramBotDexsysApplication in 6.327 seconds (JVM running for 7.155)
16:24:36.691 [main] INFO  c.d.T.TelegramBotDexsysApplication - Starting TelegramBotDexsysApplication on Alex-PC with PID 11876 (D:\TelegramBotDexsys\target\classes started by Alex in D:\TelegramBotDexsys)
16:24:36.715 [main] INFO  c.d.T.TelegramBotDexsysApplication - No active profile set, falling back to default profiles: default
16:24:42.949 [main] INFO  c.d.T.TelegramBotDexsysApplication - Started TelegramBotDexsysApplication in 6.862 seconds (JVM running for 7.671)
16:25:52.433 [BDayDexsysBot Telegram Executor] INFO  c.d.T.a.c.t.RepeaterHandler - Отправлено сообщение "Показать профиль" в чат 935193822
16:25:57.031 [BDayDexsysBot Telegram Executor] INFO  c.d.T.a.c.t.RepeaterHandler - Отправлено сообщение "Показать пользователей" в чат 935193822
16:25:58.877 [BDayDexsysBot Telegram Executor] INFO  c.d.T.a.c.t.RepeaterHandler - Отправлено сообщение "Очистить профиль" в чат 935193822
16:37:22.412 [main] INFO  c.d.T.TelegramBotDexsysApplication - Starting TelegramBotDexsysApplication on Alex-PC with PID 1220 (D:\TelegramBotDexsys\target\classes started by Alex in D:\TelegramBotDexsys)
16:37:22.419 [main] INFO  c.d.T.TelegramBotDexsysApplication - No active profile set, falling back to default profiles: default
16:37:28.496 [main] INFO  c.d.T.TelegramBotDexsysApplication - Started TelegramBotDexsysApplication in 6.569 seconds (JVM running for 7.666)
16:37:31.318 [BDayDexsysBot Telegram Executor] INFO  c.d.T.a.c.t.RepeaterHandler - Отправлено сообщение "Показать профиль" в чат 935193822
16:37:32.564 [BDayDexsysBot Telegram Executor] INFO  c.d.T.a.c.t.RepeaterHandler - Отправлено сообщение "Показать пользователей" в чат 935193822
16:37:34.712 [BDayDexsysBot Telegram Executor] INFO  c.d.T.a.c.t.RepeaterHandler - Отправлено сообщение "Ввести дату рождения" в чат 935193822
16:38:23.349 [main] INFO  c.d.T.TelegramBotDexsysApplication - Starting TelegramBotDexsysApplication on Alex-PC with PID 12352 (D:\TelegramBotDexsys\target\classes started by Alex in D:\TelegramBotDexsys)
16:38:23.360 [main] INFO  c.d.T.TelegramBotDexsysApplication - No active profile set, falling back to default profiles: default
16:38:29.311 [main] INFO  c.d.T.TelegramBotDexsysApplication - Started TelegramBotDexsysApplication in 6.498 seconds (JVM running for 7.477)
16:38:43.962 [BDayDexsysBot Telegram Executor] INFO  c.d.T.a.c.t.RepeaterHandler - Отправлено сообщение "Очистить профиль" в чат 935193822
16:41:19.563 [main] INFO  c.d.T.TelegramBotDexsysApplication - Starting TelegramBotDexsysApplication on Alex-PC with PID 9192 (D:\TelegramBotDexsys\target\classes started by Alex in D:\TelegramBotDexsys)
16:41:19.567 [main] INFO  c.d.T.TelegramBotDexsysApplication - No active profile set, falling back to default profiles: default
16:41:26.129 [main] INFO  c.d.T.TelegramBotDexsysApplication - Started TelegramBotDexsysApplication in 7.047 seconds (JVM running for 7.815)
16:41:29.684 [BDayDexsysBot Telegram Executor] INFO  c.d.T.a.c.t.RepeaterHandler - Отправлено сообщение "Очистить профиль" в чат 935193822
16:41:34.252 [BDayDexsysBot Telegram Executor] INFO  c.d.T.a.c.t.RepeaterHandler - Отправлено сообщение "Показать профиль" в чат 935193822
16:41:35.506 [BDayDexsysBot Telegram Executor] INFO  c.d.T.a.c.t.RepeaterHandler - Отправлено сообщение "Показать пользователей" в чат 935193822
16:41:47.175 [BDayDexsysBot Telegram Executor] INFO  c.d.T.a.c.t.RepeaterHandler - Отправлено сообщение "Ввести дату рождения" в чат 935193822
16:42:17.482 [main] INFO  c.d.T.TelegramBotDexsysApplication - Starting TelegramBotDexsysApplication on Alex-PC with PID 12408 (D:\TelegramBotDexsys\target\classes started by Alex in D:\TelegramBotDexsys)
16:42:17.485 [main] INFO  c.d.T.TelegramBotDexsysApplication - No active profile set, falling back to default profiles: default
16:42:23.181 [main] INFO  c.d.T.TelegramBotDexsysApplication - Started TelegramBotDexsysApplication in 6.265 seconds (JVM running for 6.988)
16:42:37.020 [BDayDexsysBot Telegram Executor] INFO  c.d.T.a.c.t.RepeaterHandler - Отправлено сообщение "Ввести дату рождения" в чат 935193822
16:46:10.316 [main] INFO  c.d.T.TelegramBotDexsysApplication - Starting TelegramBotDexsysApplication on Alex-PC with PID 9732 (D:\TelegramBotDexsys\target\classes started by Alex in D:\TelegramBotDexsys)
16:46:10.319 [main] INFO  c.d.T.TelegramBotDexsysApplication - No active profile set, falling back to default profiles: default
16:46:16.265 [main] INFO  c.d.T.TelegramBotDexsysApplication - Started TelegramBotDexsysApplication in 6.566 seconds (JVM running for 7.373)
16:46:18.798 [BDayDexsysBot Telegram Executor] INFO  c.d.T.a.c.t.RepeaterHandler - Отправлено сообщение "Очистить профиль" в чат 935193822
16:46:23.493 [BDayDexsysBot Telegram Executor] INFO  c.d.T.a.c.t.RepeaterHandler - Отправлено сообщение "Показать профиль" в чат 935193822
16:46:24.745 [BDayDexsysBot Telegram Executor] INFO  c.d.T.a.c.t.RepeaterHandler - Отправлено сообщение "Показать пользователей" в чат 935193822
16:46:31.145 [BDayDexsysBot Telegram Executor] INFO  c.d.T.a.c.t.RepeaterHandler - Отправлено сообщение "Ввести дату рождения" в чат 935193822
16:46:35.299 [BDayDexsysBot Telegram Executor] INFO  c.d.T.a.c.t.RepeaterHandler - Отправлено сообщение "sdjsdpjskdf" в чат 935193822
16:46:38.453 [BDayDexsysBot Telegram Executor] INFO  c.d.T.a.c.t.RepeaterHandler - Отправлено сообщение "Показать профиль" в чат 935193822
16:46:55.666 [BDayDexsysBot Telegram Executor] INFO  c.d.T.a.c.t.RepeaterHandler - Отправлено сообщение "hi" в чат 935193822
16:46:56.533 [BDayDexsysBot Telegram Executor] INFO  c.d.T.a.c.t.RepeaterHandler - Отправлено сообщение "Показать профиль" в чат 935193822
16:47:00.531 [BDayDexsysBot Telegram Executor] INFO  c.d.T.a.c.t.RepeaterHandler - Отправлено сообщение "INFO" в чат 935193822
16:51:41.751 [main] INFO  c.d.T.TelegramBotDexsysApplication - Starting TelegramBotDexsysApplication on Alex-PC with PID 12684 (D:\TelegramBotDexsys\target\classes started by Alex in D:\TelegramBotDexsys)
16:51:41.761 [main] INFO  c.d.T.TelegramBotDexsysApplication - No active profile set, falling back to default profiles: default
16:51:48.070 [main] INFO  c.d.T.TelegramBotDexsysApplication - Started TelegramBotDexsysApplication in 6.908 seconds (JVM running for 7.649)
16:51:55.942 [BDayDexsysBot Telegram Executor] INFO  c.d.T.a.c.t.RepeaterHandler - Отправлено сообщение "Очистить профиль" в чат 935193822
16:51:59.591 [BDayDexsysBot Telegram Executor] INFO  c.d.T.a.c.t.RepeaterHandler - Отправлено сообщение "Показать профиль" в чат 935193822
16:52:09.652 [main] INFO  c.d.T.TelegramBotDexsysApplication - Starting TelegramBotDexsysApplication on Alex-PC with PID 8840 (D:\TelegramBotDexsys\target\classes started by Alex in D:\TelegramBotDexsys)
16:52:09.665 [main] INFO  c.d.T.TelegramBotDexsysApplication - No active profile set, falling back to default profiles: default
16:52:16.253 [main] INFO  c.d.T.TelegramBotDexsysApplication - Started TelegramBotDexsysApplication in 7.21 seconds (JVM running for 8.167)
16:52:21.754 [BDayDexsysBot Telegram Executor] INFO  c.d.T.a.c.t.RepeaterHandler - Отправлено сообщение "Показать профиль" в чат 935193822
16:52:45.488 [main] INFO  c.d.T.TelegramBotDexsysApplication - Starting TelegramBotDexsysApplication on Alex-PC with PID 7964 (D:\TelegramBotDexsys\target\classes started by Alex in D:\TelegramBotDexsys)
16:52:45.491 [main] INFO  c.d.T.TelegramBotDexsysApplication - No active profile set, falling back to default profiles: default
16:52:51.849 [main] INFO  c.d.T.TelegramBotDexsysApplication - Started TelegramBotDexsysApplication in 6.929 seconds (JVM running for 7.678)
16:52:54.000 [BDayDexsysBot Telegram Executor] INFO  c.d.T.a.c.t.RepeaterHandler - Отправлено сообщение "Очистить профиль" в чат 935193822
16:52:59.563 [BDayDexsysBot Telegram Executor] INFO  c.d.T.a.c.t.RepeaterHandler - Отправлено сообщение "Показать профиль" в чат 935193822
16:53:01.030 [BDayDexsysBot Telegram Executor] INFO  c.d.T.a.c.t.RepeaterHandler - Отправлено сообщение "Введите вашу дату рождения в формате: January 1, 1975" в чат 935193822
16:53:14.030 [BDayDexsysBot Telegram Executor] INFO  c.d.T.a.c.t.RepeaterHandler - Отправлено сообщение "September 7, 1998" в чат 935193822
16:53:16.550 [BDayDexsysBot Telegram Executor] INFO  c.d.T.a.c.t.RepeaterHandler - Отправлено сообщение "Показать профиль" в чат 935193822
16:57:21.142 [main] INFO  c.d.T.TelegramBotDexsysApplication - Starting TelegramBotDexsysApplication on Alex-PC with PID 7848 (D:\TelegramBotDexsys\target\classes started by Alex in D:\TelegramBotDexsys)
16:57:21.147 [main] INFO  c.d.T.TelegramBotDexsysApplication - No active profile set, falling back to default profiles: default
16:57:26.969 [main] INFO  c.d.T.TelegramBotDexsysApplication - Started TelegramBotDexsysApplication in 6.322 seconds (JVM running for 7.026)
16:58:55.666 [BDayDexsysBot Telegram Executor] INFO  c.d.T.a.c.t.RepeaterHandler - Отправлено сообщение "hi" в чат 935193822
16:58:56.758 [BDayDexsysBot Telegram Executor] INFO  c.d.T.a.c.t.RepeaterHandler - Отправлено сообщение "Очистить профиль" в чат 935193822
16:58:58.567 [BDayDexsysBot Telegram Executor] INFO  c.d.T.a.c.t.RepeaterHandler - Отправлено сообщение "INFO" в чат 935193822
16:58:59.642 [BDayDexsysBot Telegram Executor] INFO  c.d.T.a.c.t.RepeaterHandler - Отправлено сообщение "hey" в чат 935193822
16:59:17.236 [BDayDexsysBot Telegram Executor] INFO  c.d.T.a.c.t.RepeaterHandler - Отправлено сообщение "Показать профиль" в чат 935193822
16:59:19.236 [BDayDexsysBot Telegram Executor] INFO  c.d.T.a.c.t.RepeaterHandler - Отправлено сообщение "Введите вашу дату рождения в формате: January 1, 1975" в чат 935193822
16:59:28.186 [BDayDexsysBot Telegram Executor] INFO  c.d.T.a.c.t.RepeaterHandler - Отправлено сообщение "September 7, 1998" в чат 935193822
16:59:29.156 [BDayDexsysBot Telegram Executor] INFO  c.d.T.a.c.t.RepeaterHandler - Отправлено сообщение "Показать профиль" в чат 935193822
17:38:10.719 [main] INFO  c.d.T.TelegramBotDexsysApplication - Starting TelegramBotDexsysApplication on Alex-PC with PID 11288 (D:\TelegramBotDexsys\target\classes started by Alex in D:\TelegramBotDexsys)
17:38:10.722 [main] INFO  c.d.T.TelegramBotDexsysApplication - No active profile set, falling back to default profiles: default
17:38:16.870 [main] INFO  c.d.T.TelegramBotDexsysApplication - Started TelegramBotDexsysApplication in 6.925 seconds (JVM running for 7.704)
17:40:28.540 [main] INFO  c.d.T.TelegramBotDexsysApplication - Starting TelegramBotDexsysApplication on Alex-PC with PID 12848 (D:\TelegramBotDexsys\target\classes started by Alex in D:\TelegramBotDexsys)
17:40:28.543 [main] INFO  c.d.T.TelegramBotDexsysApplication - No active profile set, falling back to default profiles: default
17:41:06.337 [main] INFO  c.d.T.TelegramBotDexsysApplication - Starting TelegramBotDexsysApplication on Alex-PC with PID 12692 (D:\TelegramBotDexsys\target\classes started by Alex in D:\TelegramBotDexsys)
17:41:06.340 [main] INFO  c.d.T.TelegramBotDexsysApplication - No active profile set, falling back to default profiles: default
17:43:06.881 [main] INFO  c.d.T.TelegramBotDexsysApplication - Starting TelegramBotDexsysApplication on Alex-PC with PID 6432 (D:\TelegramBotDexsys\target\classes started by Alex in D:\TelegramBotDexsys)
17:43:06.884 [main] INFO  c.d.T.TelegramBotDexsysApplication - No active profile set, falling back to default profiles: default
17:43:12.586 [main] INFO  c.d.T.TelegramBotDexsysApplication - Started TelegramBotDexsysApplication in 6.419 seconds (JVM running for 7.166)
17:45:42.713 [main] INFO  c.d.T.TelegramBotDexsysApplication - Starting TelegramBotDexsysApplication on Alex-PC with PID 9236 (D:\TelegramBotDexsys\target\classes started by Alex in D:\TelegramBotDexsys)
17:45:42.716 [main] INFO  c.d.T.TelegramBotDexsysApplication - No active profile set, falling back to default profiles: default
17:45:48.679 [main] INFO  c.d.T.TelegramBotDexsysApplication - Started TelegramBotDexsysApplication in 6.613 seconds (JVM running for 7.485)
17:46:29.072 [main] INFO  c.d.T.TelegramBotDexsysApplication - Starting TelegramBotDexsysApplication on Alex-PC with PID 12256 (D:\TelegramBotDexsys\target\classes started by Alex in D:\TelegramBotDexsys)
17:46:29.075 [main] INFO  c.d.T.TelegramBotDexsysApplication - No active profile set, falling back to default profiles: default
17:46:34.859 [main] INFO  c.d.T.TelegramBotDexsysApplication - Started TelegramBotDexsysApplication in 6.307 seconds (JVM running for 7.115)
17:47:38.526 [main] INFO  c.d.T.TelegramBotDexsysApplication - Starting TelegramBotDexsysApplication on Alex-PC with PID 13088 (D:\TelegramBotDexsys\target\classes started by Alex in D:\TelegramBotDexsys)
17:47:38.529 [main] INFO  c.d.T.TelegramBotDexsysApplication - No active profile set, falling back to default profiles: default
17:47:44.629 [main] INFO  c.d.T.TelegramBotDexsysApplication - Started TelegramBotDexsysApplication in 6.644 seconds (JVM running for 7.374)
17:49:13.639 [main] INFO  c.d.T.TelegramBotDexsysApplication - Starting TelegramBotDexsysApplication on Alex-PC with PID 13484 (D:\TelegramBotDexsys\target\classes started by Alex in D:\TelegramBotDexsys)
17:49:13.644 [main] INFO  c.d.T.TelegramBotDexsysApplication - No active profile set, falling back to default profiles: default
17:50:27.899 [main] INFO  c.d.T.TelegramBotDexsysApplication - Starting TelegramBotDexsysApplication on Alex-PC with PID 9832 (D:\TelegramBotDexsys\target\classes started by Alex in D:\TelegramBotDexsys)
17:50:27.903 [main] INFO  c.d.T.TelegramBotDexsysApplication - No active profile set, falling back to default profiles: default
17:50:33.853 [main] INFO  c.d.T.TelegramBotDexsysApplication - Started TelegramBotDexsysApplication in 6.536 seconds (JVM running for 7.22)
17:52:21.196 [main] INFO  c.d.T.TelegramBotDexsysApplication - Starting TelegramBotDexsysApplication on Alex-PC with PID 11772 (D:\TelegramBotDexsys\target\classes started by Alex in D:\TelegramBotDexsys)
17:52:21.200 [main] INFO  c.d.T.TelegramBotDexsysApplication - No active profile set, falling back to default profiles: default
17:52:26.919 [main] INFO  c.d.T.TelegramBotDexsysApplication - Started TelegramBotDexsysApplication in 6.393 seconds (JVM running for 7.141)
17:55:58.052 [main] INFO  c.d.T.TelegramBotDexsysApplication - Starting TelegramBotDexsysApplication on Alex-PC with PID 13624 (D:\TelegramBotDexsys\target\classes started by Alex in D:\TelegramBotDexsys)
17:55:58.056 [main] INFO  c.d.T.TelegramBotDexsysApplication - No active profile set, falling back to default profiles: default
17:56:04.091 [main] INFO  c.d.T.TelegramBotDexsysApplication - Started TelegramBotDexsysApplication in 6.595 seconds (JVM running for 7.313)
18:06:36.088 [main] INFO  c.d.T.TelegramBotDexsysApplication - Starting TelegramBotDexsysApplication on Alex-PC with PID 14180 (D:\TelegramBotDexsys\target\classes started by Alex in D:\TelegramBotDexsys)
18:06:36.096 [main] INFO  c.d.T.TelegramBotDexsysApplication - No active profile set, falling back to default profiles: default
18:06:44.561 [main] INFO  c.d.T.TelegramBotDexsysApplication - Started TelegramBotDexsysApplication in 9.058 seconds (JVM running for 10.06)
18:07:32.148 [main] INFO  c.d.T.TelegramBotDexsysApplication - Starting TelegramBotDexsysApplication on Alex-PC with PID 13016 (D:\TelegramBotDexsys\target\classes started by Alex in D:\TelegramBotDexsys)
18:07:32.159 [main] INFO  c.d.T.TelegramBotDexsysApplication - No active profile set, falling back to default profiles: default
18:07:39.695 [main] INFO  c.d.T.TelegramBotDexsysApplication - Started TelegramBotDexsysApplication in 8.292 seconds (JVM running for 9.182)
18:08:25.246 [main] INFO  c.d.T.TelegramBotDexsysApplication - Starting TelegramBotDexsysApplication on Alex-PC with PID 12512 (D:\TelegramBotDexsys\target\classes started by Alex in D:\TelegramBotDexsys)
18:08:25.251 [main] INFO  c.d.T.TelegramBotDexsysApplication - No active profile set, falling back to default profiles: default
18:08:32.302 [main] INFO  c.d.T.TelegramBotDexsysApplication - Started TelegramBotDexsysApplication in 7.713 seconds (JVM running for 8.59)
18:13:09.173 [main] INFO  c.d.T.TelegramBotDexsysApplication - Starting TelegramBotDexsysApplication on Alex-PC with PID 9400 (D:\TelegramBotDexsys\target\classes started by Alex in D:\TelegramBotDexsys)
18:13:09.177 [main] INFO  c.d.T.TelegramBotDexsysApplication - No active profile set, falling back to default profiles: default
18:13:16.742 [main] INFO  c.d.T.TelegramBotDexsysApplication - Started TelegramBotDexsysApplication in 8.342 seconds (JVM running for 9.197)
18:23:11.650 [main] INFO  c.d.T.TelegramBotDexsysApplication - Starting TelegramBotDexsysApplication on Alex-PC with PID 12252 (D:\TelegramBotDexsys\target\classes started by Alex in D:\TelegramBotDexsys)
18:23:11.654 [main] INFO  c.d.T.TelegramBotDexsysApplication - No active profile set, falling back to default profiles: default
18:23:19.556 [main] INFO  c.d.T.TelegramBotDexsysApplication - Started TelegramBotDexsysApplication in 8.535 seconds (JVM running for 9.362)
18:24:45.735 [main] INFO  c.d.T.TelegramBotDexsysApplication - Starting TelegramBotDexsysApplication on Alex-PC with PID 10772 (D:\TelegramBotDexsys\target\classes started by Alex in D:\TelegramBotDexsys)
18:24:45.739 [main] INFO  c.d.T.TelegramBotDexsysApplication - No active profile set, falling back to default profiles: default
18:24:54.105 [main] INFO  c.d.T.TelegramBotDexsysApplication - Started TelegramBotDexsysApplication in 9.277 seconds (JVM running for 10.357)
18:25:49.252 [main] INFO  c.d.T.TelegramBotDexsysApplication - Starting TelegramBotDexsysApplication on Alex-PC with PID 13800 (D:\TelegramBotDexsys\target\classes started by Alex in D:\TelegramBotDexsys)
18:25:49.256 [main] INFO  c.d.T.TelegramBotDexsysApplication - No active profile set, falling back to default profiles: default
18:25:58.424 [main] INFO  c.d.T.TelegramBotDexsysApplication - Started TelegramBotDexsysApplication in 9.841 seconds (JVM running for 12.448)
18:26:40.418 [main] INFO  c.d.T.TelegramBotDexsysApplication - Starting TelegramBotDexsysApplication on Alex-PC with PID 10204 (D:\TelegramBotDexsys\target\classes started by Alex in D:\TelegramBotDexsys)
18:26:40.422 [main] INFO  c.d.T.TelegramBotDexsysApplication - No active profile set, falling back to default profiles: default
18:26:46.401 [main] INFO  c.d.T.TelegramBotDexsysApplication - Starting TelegramBotDexsysApplication on Alex-PC with PID 14040 (D:\TelegramBotDexsys\target\classes started by Alex in D:\TelegramBotDexsys)
18:26:46.447 [main] INFO  c.d.T.TelegramBotDexsysApplication - No active profile set, falling back to default profiles: default
18:26:55.065 [main] INFO  c.d.T.TelegramBotDexsysApplication - Started TelegramBotDexsysApplication in 9.434 seconds (JVM running for 10.561)
18:28:21.133 [main] INFO  c.d.T.TelegramBotDexsysApplication - Starting TelegramBotDexsysApplication on Alex-PC with PID 14216 (D:\TelegramBotDexsys\target\classes started by Alex in D:\TelegramBotDexsys)
18:28:21.139 [main] INFO  c.d.T.TelegramBotDexsysApplication - No active profile set, falling back to default profiles: default
18:28:31.360 [main] INFO  c.d.T.TelegramBotDexsysApplication - Started TelegramBotDexsysApplication in 11.061 seconds (JVM running for 12.227)
18:29:15.864 [main] INFO  c.d.T.TelegramBotDexsysApplication - Starting TelegramBotDexsysApplication on Alex-PC with PID 7372 (D:\TelegramBotDexsys\target\classes started by Alex in D:\TelegramBotDexsys)
18:29:15.871 [main] INFO  c.d.T.TelegramBotDexsysApplication - No active profile set, falling back to default profiles: default
18:29:24.167 [main] INFO  c.d.T.TelegramBotDexsysApplication - Started TelegramBotDexsysApplication in 9.245 seconds (JVM running for 10.393)
18:29:33.091 [main] INFO  c.d.T.TelegramBotDexsysApplication - Starting TelegramBotDexsysApplication on Alex-PC with PID 7044 (D:\TelegramBotDexsys\target\classes started by Alex in D:\TelegramBotDexsys)
18:29:33.095 [main] INFO  c.d.T.TelegramBotDexsysApplication - No active profile set, falling back to default profiles: default
18:29:41.254 [main] INFO  c.d.T.TelegramBotDexsysApplication - Started TelegramBotDexsysApplication in 8.819 seconds (JVM running for 10.237)
18:30:08.182 [main] INFO  c.d.T.TelegramBotDexsysApplication - Starting TelegramBotDexsysApplication on Alex-PC with PID 13908 (D:\TelegramBotDexsys\target\classes started by Alex in D:\TelegramBotDexsys)
18:30:08.186 [main] INFO  c.d.T.TelegramBotDexsysApplication - No active profile set, falling back to default profiles: default
18:30:17.051 [main] INFO  c.d.T.TelegramBotDexsysApplication - Started TelegramBotDexsysApplication in 9.648 seconds (JVM running for 10.665)
22:30:19.848 [main] INFO  c.d.T.TelegramBotDexsysApplication - Starting TelegramBotDexsysApplication on Alex-PC with PID 11984 (D:\TelegramBotDexsys\target\classes started by Alex in D:\TelegramBotDexsys)
22:30:19.915 [main] INFO  c.d.T.TelegramBotDexsysApplication - No active profile set, falling back to default profiles: default
22:30:31.745 [main] INFO  c.d.T.TelegramBotDexsysApplication - Started TelegramBotDexsysApplication in 12.879 seconds (JVM running for 16.617)
22:31:29.046 [main] INFO  c.d.T.TelegramBotDexsysApplication - Starting TelegramBotDexsysApplication on Alex-PC with PID 11436 (D:\TelegramBotDexsys\target\classes started by Alex in D:\TelegramBotDexsys)
22:31:29.065 [main] INFO  c.d.T.TelegramBotDexsysApplication - No active profile set, falling back to default profiles: default
22:31:35.840 [main] INFO  c.d.T.TelegramBotDexsysApplication - Started TelegramBotDexsysApplication in 7.442 seconds (JVM running for 8.563)
22:32:21.403 [main] INFO  c.d.T.TelegramBotDexsysApplication - Starting TelegramBotDexsysApplication on Alex-PC with PID 4632 (D:\TelegramBotDexsys\target\classes started by Alex in D:\TelegramBotDexsys)
22:32:21.407 [main] INFO  c.d.T.TelegramBotDexsysApplication - No active profile set, falling back to default profiles: default
22:32:28.452 [main] INFO  c.d.T.TelegramBotDexsysApplication - Started TelegramBotDexsysApplication in 7.787 seconds (JVM running for 8.867)
22:33:15.639 [main] INFO  c.d.T.TelegramBotDexsysApplication - Starting TelegramBotDexsysApplication on Alex-PC with PID 11416 (D:\TelegramBotDexsys\target\classes started by Alex in D:\TelegramBotDexsys)
22:33:15.644 [main] INFO  c.d.T.TelegramBotDexsysApplication - No active profile set, falling back to default profiles: default
22:33:21.197 [main] INFO  c.d.T.TelegramBotDexsysApplication - Starting TelegramBotDexsysApplication on Alex-PC with PID 11820 (D:\TelegramBotDexsys\target\classes started by Alex in D:\TelegramBotDexsys)
22:33:21.200 [main] INFO  c.d.T.TelegramBotDexsysApplication - No active profile set, falling back to default profiles: default
22:33:27.897 [main] INFO  c.d.T.TelegramBotDexsysApplication - Started TelegramBotDexsysApplication in 7.396 seconds (JVM running for 8.499)
22:34:43.796 [main] INFO  c.d.T.TelegramBotDexsysApplication - Starting TelegramBotDexsysApplication on Alex-PC with PID 10580 (D:\TelegramBotDexsys\target\classes started by Alex in D:\TelegramBotDexsys)
22:34:43.799 [main] INFO  c.d.T.TelegramBotDexsysApplication - No active profile set, falling back to default profiles: default
22:34:49.860 [main] INFO  c.d.T.TelegramBotDexsysApplication - Starting TelegramBotDexsysApplication on Alex-PC with PID 8304 (D:\TelegramBotDexsys\target\classes started by Alex in D:\TelegramBotDexsys)
22:34:49.863 [main] INFO  c.d.T.TelegramBotDexsysApplication - No active profile set, falling back to default profiles: default
22:34:56.743 [main] INFO  c.d.T.TelegramBotDexsysApplication - Started TelegramBotDexsysApplication in 7.464 seconds (JVM running for 8.379)
22:35:45.262 [main] INFO  c.d.T.TelegramBotDexsysApplication - Starting TelegramBotDexsysApplication on Alex-PC with PID 11440 (D:\TelegramBotDexsys\target\classes started by Alex in D:\TelegramBotDexsys)
22:35:45.265 [main] INFO  c.d.T.TelegramBotDexsysApplication - No active profile set, falling back to default profiles: default
22:35:51.843 [main] INFO  c.d.T.TelegramBotDexsysApplication - Started TelegramBotDexsysApplication in 7.287 seconds (JVM running for 8.221)
22:36:16.252 [main] INFO  c.d.T.TelegramBotDexsysApplication - Starting TelegramBotDexsysApplication on Alex-PC with PID 10360 (D:\TelegramBotDexsys\target\classes started by Alex in D:\TelegramBotDexsys)
22:36:16.258 [main] INFO  c.d.T.TelegramBotDexsysApplication - No active profile set, falling back to default profiles: default
22:36:23.819 [main] INFO  c.d.T.TelegramBotDexsysApplication - Started TelegramBotDexsysApplication in 8.135 seconds (JVM running for 8.964)
22:37:01.599 [main] INFO  c.d.T.TelegramBotDexsysApplication - Starting TelegramBotDexsysApplication on Alex-PC with PID 1316 (D:\TelegramBotDexsys\target\classes started by Alex in D:\TelegramBotDexsys)
22:37:01.603 [main] INFO  c.d.T.TelegramBotDexsysApplication - No active profile set, falling back to default profiles: default
22:37:07.393 [main] INFO  c.d.T.TelegramBotDexsysApplication - Started TelegramBotDexsysApplication in 6.504 seconds (JVM running for 7.274)
22:38:44.279 [main] INFO  c.d.T.TelegramBotDexsysApplication - Starting TelegramBotDexsysApplication on Alex-PC with PID 6948 (D:\TelegramBotDexsys\target\classes started by Alex in D:\TelegramBotDexsys)
22:38:44.283 [main] INFO  c.d.T.TelegramBotDexsysApplication - No active profile set, falling back to default profiles: default
22:38:49.872 [main] INFO  c.d.T.TelegramBotDexsysApplication - Started TelegramBotDexsysApplication in 6.462 seconds (JVM running for 7.376)
22:39:24.668 [BDayDexsysBot Telegram Executor] INFO  c.d.T.a.c.t.RepeaterHandler - Отправлено сообщение "hi" в чат 935193822
22:39:26.769 [BDayDexsysBot Telegram Executor] INFO  c.d.T.a.c.t.RepeaterHandler - Отправлено сообщение "Очистить профиль" в чат 935193822
22:41:18.126 [main] INFO  c.d.T.TelegramBotDexsysApplication - Starting TelegramBotDexsysApplication on Alex-PC with PID 11960 (D:\TelegramBotDexsys\target\classes started by Alex in D:\TelegramBotDexsys)
22:41:18.129 [main] INFO  c.d.T.TelegramBotDexsysApplication - No active profile set, falling back to default profiles: default
22:41:23.793 [main] INFO  c.d.T.TelegramBotDexsysApplication - Started TelegramBotDexsysApplication in 6.441 seconds (JVM running for 7.204)
22:41:34.011 [main] INFO  c.d.T.TelegramBotDexsysApplication - Starting TelegramBotDexsysApplication on Alex-PC with PID 8988 (D:\TelegramBotDexsys\target\classes started by Alex in D:\TelegramBotDexsys)
22:41:34.014 [main] INFO  c.d.T.TelegramBotDexsysApplication - No active profile set, falling back to default profiles: default
22:41:40.299 [main] INFO  c.d.T.TelegramBotDexsysApplication - Started TelegramBotDexsysApplication in 6.89 seconds (JVM running for 7.916)
22:42:10.365 [main] INFO  c.d.T.TelegramBotDexsysApplication - Starting TelegramBotDexsysApplication on Alex-PC with PID 1172 (D:\TelegramBotDexsys\target\classes started by Alex in D:\TelegramBotDexsys)
22:42:10.369 [main] INFO  c.d.T.TelegramBotDexsysApplication - No active profile set, falling back to default profiles: default
22:42:16.138 [main] INFO  c.d.T.TelegramBotDexsysApplication - Started TelegramBotDexsysApplication in 6.506 seconds (JVM running for 7.26)
22:42:32.618 [main] INFO  c.d.T.TelegramBotDexsysApplication - Starting TelegramBotDexsysApplication on Alex-PC with PID 8816 (D:\TelegramBotDexsys\target\classes started by Alex in D:\TelegramBotDexsys)
22:42:32.621 [main] INFO  c.d.T.TelegramBotDexsysApplication - No active profile set, falling back to default profiles: default
22:42:39.397 [main] INFO  c.d.T.TelegramBotDexsysApplication - Started TelegramBotDexsysApplication in 7.418 seconds (JVM running for 8.584)
22:46:36.891 [main] INFO  c.d.T.TelegramBotDexsysApplication - Starting TelegramBotDexsysApplication on Alex-PC with PID 11936 (D:\TelegramBotDexsys\target\classes started by Alex in D:\TelegramBotDexsys)
22:46:36.893 [main] INFO  c.d.T.TelegramBotDexsysApplication - No active profile set, falling back to default profiles: default
22:46:42.986 [main] INFO  c.d.T.TelegramBotDexsysApplication - Started TelegramBotDexsysApplication in 6.596 seconds (JVM running for 7.288)
22:46:48.388 [BDayDexsysBot Telegram Executor] INFO  c.d.T.a.c.t.RepeaterHandler - Отправлено сообщение "Показать профиль" в чат 935193822
22:46:59.326 [BDayDexsysBot Telegram Executor] INFO  c.d.T.a.c.t.RepeaterHandler - Отправлено сообщение "Показать пользователей" в чат 935193822
22:48:21.225 [main] INFO  c.d.T.TelegramBotDexsysApplication - Starting TelegramBotDexsysApplication on Alex-PC with PID 11784 (D:\TelegramBotDexsys\target\classes started by Alex in D:\TelegramBotDexsys)
22:48:21.229 [main] INFO  c.d.T.TelegramBotDexsysApplication - No active profile set, falling back to default profiles: default
22:48:27.688 [main] INFO  c.d.T.TelegramBotDexsysApplication - Started TelegramBotDexsysApplication in 7.073 seconds (JVM running for 8.015)
22:48:31.824 [BDayDexsysBot Telegram Executor] INFO  c.d.T.a.c.t.RepeaterHandler - Отправлено сообщение "Очистить профиль" в чат 935193822
22:51:55.107 [BDayDexsysBot Telegram Executor] INFO  c.d.T.a.c.t.RepeaterHandler - Отправлено сообщение "Показать профиль" в чат 935193822
22:52:18.994 [main] INFO  c.d.T.TelegramBotDexsysApplication - Starting TelegramBotDexsysApplication on Alex-PC with PID 11832 (D:\TelegramBotDexsys\target\classes started by Alex in D:\TelegramBotDexsys)
22:52:18.997 [main] INFO  c.d.T.TelegramBotDexsysApplication - No active profile set, falling back to default profiles: default
22:52:24.972 [main] INFO  c.d.T.TelegramBotDexsysApplication - Started TelegramBotDexsysApplication in 6.525 seconds (JVM running for 7.257)
22:52:41.263 [BDayDexsysBot Telegram Executor] INFO  c.d.T.a.c.t.RepeaterHandler - Отправлено сообщение "Показать профиль" в чат 935193822
22:57:22.097 [main] INFO  c.d.T.TelegramBotDexsysApplication - Starting TelegramBotDexsysApplication on Alex-PC with PID 7348 (D:\TelegramBotDexsys\target\classes started by Alex in D:\TelegramBotDexsys)
22:57:22.100 [main] INFO  c.d.T.TelegramBotDexsysApplication - No active profile set, falling back to default profiles: default
22:57:27.702 [main] INFO  c.d.T.TelegramBotDexsysApplication - Started TelegramBotDexsysApplication in 6.4 seconds (JVM running for 7.141)
22:58:40.748 [main] INFO  c.d.T.TelegramBotDexsysApplication - Starting TelegramBotDexsysApplication on Alex-PC with PID 9160 (D:\TelegramBotDexsys\target\classes started by Alex in D:\TelegramBotDexsys)
22:58:40.761 [main] INFO  c.d.T.TelegramBotDexsysApplication - No active profile set, falling back to default profiles: default
22:58:47.659 [main] INFO  c.d.T.TelegramBotDexsysApplication - Started TelegramBotDexsysApplication in 7.4 seconds (JVM running for 8.303)
22:59:37.155 [main] INFO  c.d.T.TelegramBotDexsysApplication - Starting TelegramBotDexsysApplication on Alex-PC with PID 4632 (D:\TelegramBotDexsys\target\classes started by Alex in D:\TelegramBotDexsys)
22:59:37.165 [main] INFO  c.d.T.TelegramBotDexsysApplication - No active profile set, falling back to default profiles: default
22:59:42.968 [main] INFO  c.d.T.TelegramBotDexsysApplication - Started TelegramBotDexsysApplication in 6.324 seconds (JVM running for 7.058)
22:59:44.940 [BDayDexsysBot Telegram Executor] INFO  c.d.T.a.c.t.RepeaterHandler - Отправлено сообщение "Очистить профиль" в чат 935193822
23:05:15.522 [main] INFO  c.d.T.TelegramBotDexsysApplication - Starting TelegramBotDexsysApplication on Alex-PC with PID 11896 (D:\TelegramBotDexsys\target\classes started by Alex in D:\TelegramBotDexsys)
23:05:15.529 [main] INFO  c.d.T.TelegramBotDexsysApplication - No active profile set, falling back to default profiles: default
23:05:21.209 [main] INFO  c.d.T.TelegramBotDexsysApplication - Started TelegramBotDexsysApplication in 6.239 seconds (JVM running for 7.025)
23:05:23.804 [BDayDexsysBot Telegram Executor] INFO  c.d.T.a.c.t.RepeaterHandler - Отправлено сообщение "INFO" в чат 935193822
23:05:27.902 [BDayDexsysBot Telegram Executor] INFO  c.d.T.a.c.t.RepeaterHandler - Отправлено сообщение "Показать профиль" в чат 935193822
23:05:30.930 [BDayDexsysBot Telegram Executor] INFO  c.d.T.a.c.t.RepeaterHandler - Отправлено сообщение "Показать пользователей" в чат 935193822
23:05:35.020 [BDayDexsysBot Telegram Executor] INFO  c.d.T.a.c.t.RepeaterHandler - Отправлено сообщение "Очистить профиль" в чат 935193822
23:05:39.863 [BDayDexsysBot Telegram Executor] INFO  c.d.T.a.c.t.RepeaterHandler - Отправлено сообщение "Введите вашу дату рождения в формате: January 1, 1975" в чат 935193822
23:05:48.904 [BDayDexsysBot Telegram Executor] INFO  c.d.T.a.c.t.RepeaterHandler - Отправлено сообщение "Введите вашу дату рождения в формате: January 1, 1975" в чат 935193822
23:06:36.976 [main] INFO  c.d.T.TelegramBotDexsysApplication - Starting TelegramBotDexsysApplication on Alex-PC with PID 11708 (D:\TelegramBotDexsys\target\classes started by Alex in D:\TelegramBotDexsys)
23:06:36.979 [main] INFO  c.d.T.TelegramBotDexsysApplication - No active profile set, falling back to default profiles: default
23:06:42.876 [main] INFO  c.d.T.TelegramBotDexsysApplication - Started TelegramBotDexsysApplication in 6.488 seconds (JVM running for 7.273)
23:07:02.085 [BDayDexsysBot Telegram Executor] INFO  c.d.T.a.c.t.RepeaterHandler - Отправлено сообщение "Очистить профиль" в чат 935193822
23:07:07.778 [BDayDexsysBot Telegram Executor] INFO  c.d.T.a.c.t.RepeaterHandler - Отправлено сообщение "Показать профиль" в чат 935193822
23:07:09.990 [BDayDexsysBot Telegram Executor] INFO  c.d.T.a.c.t.RepeaterHandler - Отправлено сообщение "Введите вашу дату рождения в формате: January 1, 1975" в чат 935193822
11:05:55.620 [main] INFO  c.d.T.TelegramBotDexsysApplication - Starting TelegramBotDexsysApplication on Alex-PC with PID 2428 (D:\TelegramBotDexsys\target\classes started by Alex in D:\TelegramBotDexsys)
11:05:55.622 [main] INFO  c.d.T.TelegramBotDexsysApplication - No active profile set, falling back to default profiles: default
11:06:05.442 [main] INFO  c.d.T.TelegramBotDexsysApplication - Started TelegramBotDexsysApplication in 12.819 seconds (JVM running for 21.171)
11:10:07.361 [main] INFO  c.d.T.TelegramBotDexsysApplication - Starting TelegramBotDexsysApplication on Alex-PC with PID 5408 (D:\TelegramBotDexsys\target\classes started by Alex in D:\TelegramBotDexsys)
11:10:07.364 [main] INFO  c.d.T.TelegramBotDexsysApplication - No active profile set, falling back to default profiles: default
11:10:14.003 [main] INFO  c.d.T.TelegramBotDexsysApplication - Started TelegramBotDexsysApplication in 7.209 seconds (JVM running for 7.884)
11:10:21.901 [BDayDexsysBot Telegram Executor] INFO  c.d.T.a.c.t.RepeaterHandler - Отправлено сообщение "Очистить профиль" в чат 935193822
11:10:26.622 [BDayDexsysBot Telegram Executor] INFO  c.d.T.a.c.t.RepeaterHandler - Отправлено сообщение "Показать профиль" в чат 935193822
11:11:39.336 [main] INFO  c.d.T.TelegramBotDexsysApplication - Starting TelegramBotDexsysApplication on Alex-PC with PID 8264 (D:\TelegramBotDexsys\target\classes started by Alex in D:\TelegramBotDexsys)
11:11:39.339 [main] INFO  c.d.T.TelegramBotDexsysApplication - No active profile set, falling back to default profiles: default
11:11:46.037 [main] INFO  c.d.T.TelegramBotDexsysApplication - Started TelegramBotDexsysApplication in 7.138 seconds (JVM running for 9.435)
11:11:48.714 [BDayDexsysBot Telegram Executor] INFO  c.d.T.a.c.t.RepeaterHandler - Отправлено сообщение "Введите вашу дату рождения в формате: January 1, 1975" в чат 935193822
11:16:34.184 [main] INFO  c.d.T.TelegramBotDexsysApplication - Starting TelegramBotDexsysApplication on Alex-PC with PID 5420 (D:\TelegramBotDexsys\target\classes started by Alex in D:\TelegramBotDexsys)
11:16:34.187 [main] INFO  c.d.T.TelegramBotDexsysApplication - No active profile set, falling back to default profiles: default
11:16:40.714 [main] INFO  c.d.T.TelegramBotDexsysApplication - Started TelegramBotDexsysApplication in 7.15 seconds (JVM running for 8.08)
11:16:43.045 [BDayDexsysBot Telegram Executor] INFO  c.d.T.a.c.t.RepeaterHandler - Отправлено сообщение "Очистить профиль" в чат 935193822
11:17:06.757 [BDayDexsysBot Telegram Executor] INFO  c.d.T.a.c.t.RepeaterHandler - Отправлено сообщение "INFO" в чат 935193822
11:17:51.722 [main] INFO  c.d.T.TelegramBotDexsysApplication - Starting TelegramBotDexsysApplication on Alex-PC with PID 908 (D:\TelegramBotDexsys\target\classes started by Alex in D:\TelegramBotDexsys)
11:17:51.727 [main] INFO  c.d.T.TelegramBotDexsysApplication - No active profile set, falling back to default profiles: default
11:17:58.543 [main] INFO  c.d.T.TelegramBotDexsysApplication - Started TelegramBotDexsysApplication in 7.405 seconds (JVM running for 8.525)
11:18:04.933 [BDayDexsysBot Telegram Executor] INFO  c.d.T.a.c.t.RepeaterHandler - Отправлено сообщение "Показать профиль" в чат 935193822
11:18:08.284 [BDayDexsysBot Telegram Executor] INFO  c.d.T.a.c.t.RepeaterHandler - Отправлено сообщение "Введите вашу дату рождения в формате: January 1, 1975" в чат 935193822
11:18:37.710 [main] INFO  c.d.T.TelegramBotDexsysApplication - Starting TelegramBotDexsysApplication on Alex-PC with PID 3820 (D:\TelegramBotDexsys\target\classes started by Alex in D:\TelegramBotDexsys)
11:18:37.713 [main] INFO  c.d.T.TelegramBotDexsysApplication - No active profile set, falling back to default profiles: default
11:18:42.969 [BDayDexsysBot Telegram Executor] INFO  c.d.T.a.c.t.RepeaterHandler - Отправлено сообщение "Показать профиль" в чат 935193822
11:18:43.845 [main] INFO  c.d.T.TelegramBotDexsysApplication - Started TelegramBotDexsysApplication in 6.772 seconds (JVM running for 7.562)
